<html>
<body>
<pre>
<h1>µVision Build Log</h1>
<h2>Project:</h2>
C:\Users\Koger\Desktop\Game Versions\New folder\SpaceInvaders.uvproj
Project File Date:  04/30/2015

<h2>Output:</h2>
Rebuild target 'SpaceInvaders'
assembling startup.s...
assembling random.s...
compiling TExaS.c...
compiling DAC.c...
compiling ADC.c...
compiling Timer0.c...
compiling Timer1.c...
compiling Sound.c...
assembling Print.s...
compiling SpaceInvaders.c...
compiling ST7735.c...
assembling LCD.s...
compiling Player.c...
compiling Screen.c...
compiling Character.c...
compiling Bitmaps.c...
compiling AI.c...
linking...
Program Size: Code=8392 RO-data=9888 RW-data=132 ZI-data=1276  
".\SpaceInvaders.axf" - 0 Error(s), 0 Warning(s).
Load "C:\\Users\\Koger\\Desktop\\Game Versions\\New folder\\SpaceInvaders.axf" 
Connecting: Mode=JTAG, Speed=1000000Hz
Erase Done.
Programming Done.
Verify OK.
</pre>
</body>
</html>
or(s), 0 Warning(s).
Target not created
