<html>
<body>
<pre>
<h1>µVision Build Log</h1>
<h2>Project:</h2>
C:\Users\Koger\Desktop\Super Cool EE319K Folder\students\bma862_mkd788\Lab7\ST7735.uvproj
Project File Date:  03/31/2015

<h2>Output:</h2>
Rebuild target 'ST7735'
assembling startup.s...
compiling PLL.c...
compiling ST7735.c...
compiling ST7735TestMain.c...
assembling IO.s...
assembling LCD.s...
assembling Print.s...
linking...
Program Size: Code=3404 RO-data=14984 RW-data=44 ZI-data=1028  
".\ST7735.axf" - 0 Error(s), 0 Warning(s).
</pre>
</body>
</html>
