<html>
<body>
<pre>
<h1>µVision Build Log</h1>
<h2>Project:</h2>
C:\Users\Koger\Desktop\Super Cool EE319K Folder\students\bma862_mkd788\Lab10\Tag.uvproj
Project File Date:  05/05/2015

<h2>Output:</h2>
Rebuild target 'Tag'
assembling startup.s...
assembling random.s...
compiling TExaS.c...
compiling DAC.c...
compiling ADC.c...
compiling Timer0.c...
compiling Timer1.c...
compiling Sound.c...
assembling Print.s...
compiling ST7735.c...
assembling LCD.s...
compiling Player.c...
compiling Screen.c...
compiling Character.c...
compiling Bitmaps.c...
compiling AI.c...
compiling HotPotato.c...
compiling Tag.c...
compiling Timer2.c...
compiling MusicLibrary.c...
compiling Menu.c...
compiling Button0.c...
compiling SysTick.c...
compiling Powerup.c...
linking...
Program Size: Code=15948 RO-data=33272 RW-data=180 ZI-data=2124  
".\Tag.axf" - 0 Error(s), 0 Warning(s).
Load "C:\\Users\\Koger\\Desktop\\Super Cool EE319K Folder\\students\\bma862_mkd788\\Lab10\\Tag.axf" 
Connecting: Mode=JTAG, Speed=1000000Hz
Erase Done.
Programming Done.
Verify OK.
t not created
s
compiling Character.c...
Screen.h(6): error:  #20: identifier "currentMap" is undefined
  extern int Map[currentMap].width;
Screen.h(6): error:  #65: expected a ";"
  extern int Map[currentMap].width;
Screen.h(7): error:  #65: expected a ";"
  extern int Map[currentMap].height;
Character.c: 0 warnings, 3 errors
compiling Bitmaps.c...
compiling AI.c...
Screen.h(6): error:  #20: identifier "currentMap" is undefined
  extern int Map[currentMap].width;
Screen.h(6): error:  #65: expected a ";"
  extern int Map[currentMap].width;
Screen.h(7): error:  #65: expected a ";"
  extern int Map[currentMap].height;
AI.c: 0 warnings, 3 errors
compiling HotPotato.c...
compiling Tag.c...
Screen.h(6): error:  #20: identifier "currentMap" is undefined
  extern int Map[currentMap].width;
Screen.h(6): error:  #65: expected a ";"
  extern int Map[currentMap].width;
Screen.h(7): error:  #65: expected a ";"
  extern int Map[currentMap].height;
Tag.c: 0 warnings, 3 errors
compiling Timer2.c...
compiling MusicLibrary.c...
compiling Menu.c...
Screen.h(6): error:  #20: identifier "currentMap" is undefined
  extern int Map[currentMap].width;
Screen.h(6): error:  #65: expected a ";"
  extern int Map[currentMap].width;
Screen.h(7): error:  #65: expected a ";"
  extern int Map[currentMap].height;
Menu.c: 0 warnings, 3 errors
compiling Button0.c...
compiling SysTick.c...
compiling Powerup.c...
Screen.h(6): error:  #20: identifier "currentMap" is undefined
  extern int Map[currentMap].width;
Screen.h(6): error:  #65: expected a ";"
  extern int Map[currentMap].width;
Screen.h(7): error:  #65: expected a ";"
  extern int Map[currentMap].height;
Powerup.c: 0 warnings, 3 errors
".\Tag.axf" - 21 Error(s), 0 Warning(s).
Target not created
