<html>
<body>
<pre>
<h1>µVision Build Log</h1>
<h2>Project:</h2>
C:\Users\Koger\Desktop\Super Cool EE319K Folder\students\bma862_mkd788\Lab10\Tag.uvproj
Project File Date:  05/03/2015

<h2>Output:</h2>
Rebuild target 'Tag'
assembling startup.s...
assembling random.s...
compiling TExaS.c...
compiling DAC.c...
compiling ADC.c...
compiling Timer0.c...
compiling Timer1.c...
compiling Sound.c...
assembling Print.s...
compiling ST7735.c...
assembling LCD.s...
compiling Player.c...
compiling Screen.c...
compiling Character.c...
compiling Bitmaps.c...
compiling AI.c...
compiling HotPotato.c...
compiling Tag.c...
linking...
Program Size: Code=9372 RO-data=10028 RW-data=136 ZI-data=1288  
".\Tag.axf" - 0 Error(s), 0 Warning(s).
Load "C:\\Users\\Koger\\Desktop\\Super Cool EE319K Folder\\students\\bma862_mkd788\\Lab10\\Tag.axf" 
Connecting: Mode=JTAG, Speed=1000000Hz
Erase Done.
Programming Done.
Verify OK.
</pre>
</body>
</html>
