ARM Linker, 5.03 [Build 76] [MDK-ARM Lite]

==============================================================================

Section Cross References

    startup.o(STACK) refers (Special) to heapauxi.o(.text) for __use_two_region_memory
    startup.o(HEAP) refers (Special) to heapauxi.o(.text) for __use_two_region_memory
    startup.o(RESET) refers (Special) to heapauxi.o(.text) for __use_two_region_memory
    startup.o(RESET) refers to startup.o(STACK) for StackMem
    startup.o(RESET) refers to timer0.o(i.Timer0A_Handler) for Timer0A_Handler
    startup.o(RESET) refers to timer1.o(i.Timer1A_Handler) for Timer1A_Handler
    startup.o(RESET) refers to texas.o(i.Timer4A_Handler) for Timer4A_Handler
    startup.o(RESET) refers to texas.o(i.Timer5A_Handler) for Timer5A_Handler
    startup.o(RESET) refers to __main.o(!!!main) for __main
    startup.o(.text) refers (Special) to heapauxi.o(.text) for __use_two_region_memory
    startup.o(.text) refers to startup.o(HEAP) for HeapMem
    startup.o(.text) refers to startup.o(STACK) for StackMem
    random.o(.text) refers to random.o(DATA) for M
    texas.o(i.SetCode) refers to texas.o(.bss) for TExaS
    texas.o(i.SetCourse) refers to texas.o(.bss) for TExaS
    texas.o(i.SetMode) refers to texas.o(.bss) for TExaS
    texas.o(i.StartTimer4) refers to texas.o(.data) for ScopeCount
    texas.o(i.TExaS_Init) refers to texas.o(i.PLL_Init) for PLL_Init
    texas.o(i.TExaS_Init) refers to texas.o(i.SetCourse) for SetCourse
    texas.o(i.TExaS_Init) refers to texas.o(i.UART0_Init) for UART0_Init
    texas.o(i.TExaS_Init) refers to texas.o(i.SetCode) for SetCode
    texas.o(i.TExaS_Init) refers to texas.o(i.ADC1_Init) for ADC1_Init
    texas.o(i.TExaS_Init) refers to texas.o(.constdata) for IntroMsg
    texas.o(i.TExaS_Init) refers to texas.o(.bss) for TExaS
    texas.o(i.TExaS_Init) refers to texas.o(.data) for LastMode
    texas.o(i.Timer5A_Handler) refers to texas.o(i.ADC1_In) for ADC1_In
    texas.o(i.Timer5A_Handler) refers to texas.o(.data) for TExaS_Period
    timer0.o(i.Timer0A_Handler) refers to timer0.o(.data) for PeriodicTask0
    timer0.o(i.Timer0_Init) refers to timer0.o(.data) for PeriodicTask0
    timer1.o(i.Timer1A_Handler) refers to timer1.o(.data) for PeriodicTask1
    timer1.o(i.Timer1_Init) refers to timer1.o(.data) for PeriodicTask1
    sound.o(i.Play) refers to dac.o(i.DAC_Out) for DAC_Out
    sound.o(i.Play) refers to sound.o(.data) for SoundCount
    sound.o(i.Sound_Init) refers to dac.o(i.DAC_Init) for DAC_Init
    sound.o(i.Sound_Init) refers to timer1.o(i.Timer1_Init) for Timer1_Init
    sound.o(i.Sound_Init) refers to sound.o(i.Play) for Play
    print.o(.text) refers (Special) to st7735.o(i.ST7735_OutString) for ST7735_OutString
    print.o(.text) refers to st7735.o(i.ST7735_OutChar) for ST7735_OutChar
    st7735.o(i.Output_Clear) refers to st7735.o(i.ST7735_FillScreen) for ST7735_FillScreen
    st7735.o(i.Output_Color) refers to st7735.o(i.ST7735_SetTextColor) for ST7735_SetTextColor
    st7735.o(i.Output_Init) refers to st7735.o(i.ST7735_InitR) for ST7735_InitR
    st7735.o(i.Output_Init) refers to st7735.o(i.ST7735_FillScreen) for ST7735_FillScreen
    st7735.o(i.Output_Off) refers to st7735.o(i.Output_Clear) for Output_Clear
    st7735.o(i.Output_On) refers to st7735.o(i.Output_Init) for Output_Init
    st7735.o(i.ST7735_DrawBitmap) refers to st7735.o(i.setAddrWindow) for setAddrWindow
    st7735.o(i.ST7735_DrawBitmap) refers to lcd.o(.text) for writedata
    st7735.o(i.ST7735_DrawBitmap) refers to st7735.o(.data) for _width
    st7735.o(i.ST7735_DrawChar) refers to st7735.o(i.setAddrWindow) for setAddrWindow
    st7735.o(i.ST7735_DrawChar) refers to st7735.o(i.pushColor) for pushColor
    st7735.o(i.ST7735_DrawChar) refers to st7735.o(.data) for _width
    st7735.o(i.ST7735_DrawChar) refers to st7735.o(.constdata) for Font
    st7735.o(i.ST7735_DrawCharS) refers to st7735.o(i.ST7735_DrawPixel) for ST7735_DrawPixel
    st7735.o(i.ST7735_DrawCharS) refers to st7735.o(i.ST7735_FillRect) for ST7735_FillRect
    st7735.o(i.ST7735_DrawCharS) refers to st7735.o(.data) for _width
    st7735.o(i.ST7735_DrawCharS) refers to st7735.o(.constdata) for Font
    st7735.o(i.ST7735_DrawFastHLine) refers to st7735.o(i.setAddrWindow) for setAddrWindow
    st7735.o(i.ST7735_DrawFastHLine) refers to lcd.o(.text) for writedata
    st7735.o(i.ST7735_DrawFastHLine) refers to st7735.o(.data) for _width
    st7735.o(i.ST7735_DrawFastVLine) refers to st7735.o(i.setAddrWindow) for setAddrWindow
    st7735.o(i.ST7735_DrawFastVLine) refers to lcd.o(.text) for writedata
    st7735.o(i.ST7735_DrawFastVLine) refers to st7735.o(.data) for _width
    st7735.o(i.ST7735_DrawPixel) refers to st7735.o(i.setAddrWindow) for setAddrWindow
    st7735.o(i.ST7735_DrawPixel) refers to st7735.o(i.pushColor) for pushColor
    st7735.o(i.ST7735_DrawPixel) refers to st7735.o(.data) for _width
    st7735.o(i.ST7735_DrawString) refers to st7735.o(i.ST7735_DrawCharS) for ST7735_DrawCharS
[...]
    st7735.o(i.ST7735_PlotPoints) refers to st7735.o(i.ST7735_DrawPixel) for ST7735_DrawPixel
    st7735.o(i.ST7735_PlotPoints) refers to st7735.o(.data) for Ymin
    st7735.o(i.ST7735_PlotdBfs) refers to st7735.o(i.ST7735_DrawFastVLine) for ST7735_DrawFastVLine
    st7735.o(i.ST7735_PlotdBfs) refers to st7735.o(.constdata) for dBfs
    st7735.o(i.ST7735_PlotdBfs) refers to st7735.o(.data) for X
    st7735.o(i.ST7735_SetCursor) refers to st7735.o(.data) for StX
    st7735.o(i.ST7735_SetRotation) refers to lcd.o(.text) for writecommand
    st7735.o(i.ST7735_SetRotation) refers to st7735.o(.data) for Rotation
    st7735.o(i.ST7735_SetTextColor) refers to st7735.o(.data) for StTextColor
    st7735.o(i.commandList) refers to lcd.o(.text) for writecommand
    st7735.o(i.commandList) refers to st7735.o(i.Delay1ms) for Delay1ms
    st7735.o(i.commonInit) refers to st7735.o(i.Delay1ms) for Delay1ms
    st7735.o(i.commonInit) refers to st7735.o(i.commandList) for commandList
    st7735.o(i.commonInit) refers to st7735.o(.data) for RowStart
    st7735.o(i.fillmessage) refers to st7735.o(.bss) for Message
    st7735.o(i.fillmessage) refers to st7735.o(.data) for Messageindex
    st7735.o(i.fputc) refers to st7735.o(i.ST7735_OutChar) for ST7735_OutChar
    st7735.o(i.pushColor) refers to lcd.o(.text) for writedata
    st7735.o(i.setAddrWindow) refers to lcd.o(.text) for writecommand
    st7735.o(i.setAddrWindow) refers to st7735.o(.data) for ColStart
    player.o(i.Player_Init) refers to bitmaps.o(.constdata) for Sprite
    player.o(i.Player_Init) refers to character.o(.bss) for Characters
    player.o(i.Player_Move) refers to adc.o(i.ADC0_In) for ADC0_In
    player.o(i.Player_Move) refers to character.o(.bss) for Characters
    player.o(i.Player_Update) refers to player.o(i.Player_Move) for Player_Move
    screen.o(i.Screen_Draw) refers to st7735.o(i.ST7735_DrawBitmap) for ST7735_DrawBitmap
    screen.o(i.Screen_Draw) refers to screen.o(.data) for screenHeight
    screen.o(i.Screen_Draw) refers to screen.o(.constdata) for map2
    screen.o(i.Screen_Move) refers to screen.o(.data) for screenWidth
    screen.o(i.Screen_Move) refers to character.o(.bss) for Characters
    screen.o(i.Screen_Update) refers to screen.o(i.Screen_Move) for Screen_Move
    screen.o(i.Screen_Update) refers to screen.o(i.Screen_Draw) for Screen_Draw
    character.o(i.Character_CollisionStatus) refers to st7735.o(i.ST7735_SetCursor) for ST7735_SetCursor
    character.o(i.Character_CollisionStatus) refers to st7735.o(i.ST7735_OutString) for ST7735_OutString
    character.o(i.Character_Draw) refers to st7735.o(i.ST7735_DrawBitmap) for ST7735_DrawBitmap
    character.o(i.Character_Draw) refers to screen.o(.data) for frameYCord
    character.o(i.Character_DrawCharacters) refers to character.o(i.Character_Draw) for Character_Draw
    character.o(i.Character_DrawCharacters) refers to character.o(.bss) for Characters
    character.o(i.Character_UpdateCollisions) refers to rt_memcpy_w.o(.text) for __aeabi_memcpy4
    character.o(i.Character_UpdateCollisions) refers to character.o(i.Character_Collision) for Character_Collision
    character.o(i.Character_UpdateCollisions) refers to hotpotato.o(i.HotPotato_SetIt) for HotPotato_SetIt
    character.o(i.Character_UpdateCollisions) refers to character.o(.bss) for Characters
    character.o(i.Character_UpdateCollisionsS) refers to character.o(.bss) for Characters
    character.o(i.Character_UpdateCollisionsS) refers to screen.o(.data) for mapHeight
    ai.o(i.AI_AI1) refers to random.o(.text) for Random
    ai.o(i.AI_AI2) refers to hotpotato.o(i.HotPotato_WhosIt) for HotPotato_WhosIt
    ai.o(i.AI_AI2) refers to character.o(.bss) for Characters
    ai.o(i.AI_Init) refers to bitmaps.o(.constdata) for Sprite
    ai.o(i.AI_Init) refers to character.o(.bss) for Characters
    ai.o(i.AI_Update) refers to ai.o(i.AI_AI2) for AI_AI2
    ai.o(i.AI_Update) refers to character.o(.bss) for Characters
    hotpotato.o(i.HotPotato_Burn) refers to hotpotato.o(.data) for it
    hotpotato.o(i.HotPotato_Burn) refers to character.o(.bss) for Characters
    hotpotato.o(i.HotPotato_Cooldown) refers to hotpotato.o(.data) for it
    hotpotato.o(i.HotPotato_Cooldown) refers to character.o(.bss) for Characters
    hotpotato.o(i.HotPotato_DrawStatus) refers to st7735.o(i.ST7735_SetCursor) for ST7735_SetCursor
    hotpotato.o(i.HotPotato_DrawStatus) refers to print.o(.text) for LCD_OutDec
    hotpotato.o(i.HotPotato_DrawStatus) refers to st7735.o(i.ST7735_OutString) for ST7735_OutString
    hotpotato.o(i.HotPotato_DrawStatus) refers to st7735.o(i.ST7735_DrawBitmap) for ST7735_DrawBitmap
    hotpotato.o(i.HotPotato_DrawStatus) refers to character.o(.bss) for Characters
    hotpotato.o(i.HotPotato_DrawStatus) refers to bitmaps.o(.constdata) for Sprite
    hotpotato.o(i.HotPotato_Eliminate) refers to random.o(.text) for Random
    hotpotato.o(i.HotPotato_Eliminate) refers to hotpotato.o(i.HotPotato_SetIt) for HotPotato_SetIt
    hotpotato.o(i.HotPotato_Eliminate) refers to character.o(.bss) for Characters
    hotpotato.o(i.HotPotato_Eliminate) refers to hotpotato.o(.data) for it
    hotpotato.o(i.HotPotato_Init) refers to random.o(.text) for Random
    hotpotato.o(i.HotPotato_Init) refers to hotpotato.o(i.HotPotato_SetIt) for HotPotato_SetIt
    hotpotato.o(i.HotPotato_SetIt) refers to hotpotato.o(.data) for it
    hotpotato.o(i.HotPotato_SetIt) refers to character.o(.bss) for Characters
    hotpotato.o(i.HotPotato_Update) refers to hotpotato.o(i.HotPotato_Cooldown) for HotPotato_Cooldown
    hotpotato.o(i.HotPotato_Update) refers to hotpotato.o(i.HotPotato_Burn) for HotPotato_Burn
    hotpotato.o(i.HotPotato_Update) refers to hotpotato.o(i.HotPotato_DrawStatus) for HotPotato_DrawStatus
    hotpotato.o(i.HotPotato_Update) refers to hotpotato.o(i.HotPotato_Eliminate) for HotPotato_Eliminate
    hotpotato.o(i.HotPotato_WhosIt) refers to hotpotato.o(.data) for it
    tag.o(i.Master_Funk) refers to character.o(i.Character_UpdateCollisions) for Character_UpdateCollisions
    tag.o(i.Master_Funk) refers to character.o(i.Character_UpdateCollisionsS) for Character_UpdateCollisionsS
    tag.o(i.Master_Funk) refers to screen.o(i.Screen_Update) for Screen_Update
    tag.o(i.Master_Funk) refers to player.o(i.Player_Update) for Player_Update
    tag.o(i.Master_Funk) refers to ai.o(i.AI_Update) for AI_Update
    tag.o(i.Master_Funk) refers to hotpotato.o(i.HotPotato_Update) for HotPotato_Update
    tag.o(i.Master_Funk) refers to character.o(i.Character_DrawCharacters) for Character_DrawCharacters
    tag.o(i.Master_Funk) refers to character.o(i.Character_CollisionStatus) for Character_CollisionStatus
    tag.o(i.Master_Funk) refers to character.o(.bss) for Characters
    tag.o(i.main) refers to texas.o(i.TExaS_Init) for TExaS_Init
    tag.o(i.main) refers to random.o(.text) for Random_Init
    tag.o(i.main) refers to st7735.o(i.Output_Init) for Output_Init
    tag.o(i.main) refers to adc.o(i.ADC0_Init) for ADC0_Init
    tag.o(i.main) refers to dac.o(i.DAC_Init) for DAC_Init
    tag.o(i.main) refers to ai.o(i.AI_Init) for AI_Init
    tag.o(i.main) refers to player.o(i.Player_Init) for Player_Init
    tag.o(i.main) refers to hotpotato.o(i.HotPotato_Init) for HotPotato_Init
    tag.o(i.main) refers to timer0.o(i.Timer0_Init) for Timer0_Init
    tag.o(i.main) refers to st7735.o(i.ST7735_DrawBitmap) for ST7735_DrawBitmap
    tag.o(i.main) refers to tag.o(i.Master_Funk) for Master_Funk
    tag.o(i.main) refers to bitmaps.o(.constdata) for Bunker0
    __main.o(!!!main) refers to rtentry.o(.ARM.Collect$$rtentry$$00000000) for __rt_entry
    rtentry.o(.ARM.Collect$$rtentry$$00000000) refers (Special) to rtentry2.o(.ARM.Collect$$rtentry$$0000000A) for __rt_entry_li
    rtentry.o(.ARM.Collect$$rtentry$$00000000) refers (Special) to rtentry2.o(.ARM.Collect$$rtentry$$0000000D) for __rt_entry_main
    rtentry.o(.ARM.Collect$$rtentry$$00000000) refers (Special) to rtentry2.o(.ARM.Collect$$rtentry$$0000000C) for __rt_entry_postli_1
    rtentry.o(.ARM.Collect$$rtentry$$00000000) refers (Special) to rtentry2.o(.ARM.Collect$$rtentry$$00000009) for __rt_entry_postsh_1
    rtentry.o(.ARM.Collect$$rtentry$$00000000) refers (Special) to rtentry2.o(.ARM.Collect$$rtentry$$00000002) for __rt_entry_presh_1
    rtentry.o(.ARM.Collect$$rtentry$$00000000) refers (Special) to rtentry4.o(.ARM.Collect$$rtentry$$00000004) for __rt_entry_sh
    rtentry2.o(.ARM.Collect$$rtentry$$00000008) refers to boardinit2.o(.text) for _platform_post_stackheap_init
    rtentry2.o(.ARM.Collect$$rtentry$$0000000A) refers to libinit.o(.ARM.Collect$$libinit$$00000000) for __rt_lib_init
    rtentry2.o(.ARM.Collect$$rtentry$$0000000B) refers to boardinit3.o(.text) for _platform_post_lib_init
    rtentry2.o(.ARM.Collect$$rtentry$$0000000D) refers to tag.o(i.main) for main
    rtentry2.o(.ARM.Collect$$rtentry$$0000000D) refers to exit.o(.text) for exit
    rtentry2.o(.ARM.exidx) refers to rtentry2.o(.ARM.Collect$$rtentry$$00000001) for .ARM.Collect$$rtentry$$00000001
    rtentry2.o(.ARM.exidx) refers to rtentry2.o(.ARM.Collect$$rtentry$$00000008) for .ARM.Collect$$rtentry$$00000008
    rtentry2.o(.ARM.exidx) refers to rtentry2.o(.ARM.Collect$$rtentry$$0000000A) for .ARM.Collect$$rtentry$$0000000A
    rtentry2.o(.ARM.exidx) refers to rtentry2.o(.ARM.Collect$$rtentry$$0000000B) for .ARM.Collect$$rtentry$$0000000B
    rtentry2.o(.ARM.exidx) refers to rtentry2.o(.ARM.Collect$$rtentry$$0000000D) for .ARM.Collect$$rtentry$$0000000D
    rtentry4.o(.ARM.Collect$$rtentry$$00000004) refers to sys_stackheap_outer.o(.text) for __user_setup_stackheap
    rtentry4.o(.ARM.exidx) refers to rtentry4.o(.ARM.Collect$$rtentry$$00000004) for .ARM.Collect$$rtentry$$00000004
    sys_stackheap_outer.o(.text) refers to libspace.o(.text) for __user_perproc_libspace
    sys_stackheap_outer.o(.text) refers to startup.o(.text) for __user_initial_stackheap
    exit.o(.text) refers to rtexit.o(.ARM.Collect$$rtexit$$00000000) for __rt_exit
    libinit.o(.ARM.Collect$$libinit$$00000000) refers (Special) to libinit2.o(.ARM.Collect$$libinit$$0000002C) for __rt_lib_init_alloca_1
    libinit.o(.ARM.Collect$$libinit$$00000000) refers (Special) to libinit2.o(.ARM.Collect$$libinit$$0000002A) for __rt_lib_init_argv_1
    libinit.o(.ARM.Collect$$libinit$$00000000) refers (Special) to libinit2.o(.ARM.Collect$$libinit$$00000019) for __rt_lib_init_atexit_1
    libinit.o(.ARM.Collect$$libinit$$00000000) refers (Special) to libinit2.o(.ARM.Collect$$libinit$$0000001F) for __rt_lib_init_clock_1
    libinit.o(.ARM.Collect$$libinit$$00000000) refers (Special) to libinit2.o(.ARM.Collect$$libinit$$00000030) for __rt_lib_init_cpp_1
    libinit.o(.ARM.Collect$$libinit$$00000000) refers (Special) to libinit2.o(.ARM.Collect$$libinit$$0000002E) for __rt_lib_init_exceptions_1
    libinit.o(.ARM.Collect$$libinit$$00000000) refers (Special) to libinit2.o(.ARM.Collect$$libinit$$00000002) for __rt_lib_init_fp_1
    libinit.o(.ARM.Collect$$libinit$$00000000) refers (Special) to libinit2.o(.ARM.Collect$$libinit$$0000001D) for __rt_lib_init_fp_trap_1
    libinit.o(.ARM.Collect$$libinit$$00000000) refers (Special) to libinit2.o(.ARM.Collect$$libinit$$00000021) for __rt_lib_init_getenv_1
    libinit.o(.ARM.Collect$$libinit$$00000000) refers (Special) to libinit2.o(.ARM.Collect$$libinit$$00000008) for __rt_lib_init_heap_1
    libinit.o(.ARM.Collect$$libinit$$00000000) refers (Special) to libinit2.o(.ARM.Collect$$libinit$$0000000F) for __rt_lib_init_lc_collate_1
    libinit.o(.ARM.Collect$$libinit$$00000000) refers (Special) to libinit2.o(.ARM.Collect$$libinit$$00000011) for __rt_lib_init_lc_ctype_1
    libinit.o(.ARM.Collect$$libinit$$00000000) refers (Special) to libinit2.o(.ARM.Collect$$libinit$$00000013) for __rt_lib_init_lc_monetary_1
    libinit.o(.ARM.Collect$$libinit$$00000000) refers (Special) to libinit2.o(.ARM.Collect$$libinit$$00000015) for __rt_lib_init_lc_numeric_1
    libinit.o(.ARM.Collect$$libinit$$00000000) refers (Special) to libinit2.o(.ARM.Collect$$libinit$$00000017) for __rt_lib_init_lc_time_1
    libinit.o(.ARM.Collect$$libinit$$00000000) refers (Special) to libinit2.o(.ARM.Collect$$libinit$$0000000C) for __rt_lib_init_rand_1
    libinit.o(.ARM.Collect$$libinit$$00000000) refers (Special) to libinit2.o(.ARM.Collect$$libinit$$00000031) for __rt_lib_init_return
    libinit.o(.ARM.Collect$$libinit$$00000000) refers (Special) to libinit2.o(.ARM.Collect$$libinit$$0000001B) for __rt_lib_init_signal_1
    libinit.o(.ARM.Collect$$libinit$$00000000) refers (Special) to libinit2.o(.ARM.Collect$$libinit$$00000023) for __rt_lib_init_stdio_1
    libinit.o(.ARM.Collect$$libinit$$00000000) refers (Special) to libinit2.o(.ARM.Collect$$libinit$$0000000A) for __rt_lib_init_user_alloc_1
    libspace.o(.text) refers to libspace.o(.bss) for __libspace_start
    rtexit.o(.ARM.Collect$$rtexit$$00000000) refers (Special) to rtexit2.o(.ARM.Collect$$rtexit$$00000004) for __rt_exit_exit
    rtexit.o(.ARM.Collect$$rtexit$$00000000) refers (Special) to rtexit2.o(.ARM.Collect$$rtexit$$00000003) for __rt_exit_ls
    rtexit.o(.ARM.Collect$$rtexit$$00000000) refers (Special) to rtexit2.o(.ARM.Collect$$rtexit$$00000002) for __rt_exit_prels_1
    rtexit.o(.ARM.exidx) refers (Special) to rtexit2.o(.ARM.Collect$$rtexit$$00000004) for __rt_exit_exit
    rtexit.o(.ARM.exidx) refers (Special) to rtexit2.o(.ARM.Collect$$rtexit$$00000003) for __rt_exit_ls
    rtexit.o(.ARM.exidx) refers (Special) to rtexit2.o(.ARM.Collect$$rtexit$$00000002) for __rt_exit_prels_1
    rtexit.o(.ARM.exidx) refers to rtexit.o(.ARM.Collect$$rtexit$$00000000) for .ARM.Collect$$rtexit$$00000000
    libinit2.o(.ARM.Collect$$libinit$$0000000E) refers to libinit2.o(.ARM.Collect$$libinit$$0000000D) for .ARM.Collect$$libinit$$0000000D
    libinit2.o(.ARM.Collect$$libinit$$00000010) refers to libinit2.o(.ARM.Collect$$libinit$$0000000D) for .ARM.Collect$$libinit$$0000000D
    libinit2.o(.ARM.Collect$$libinit$$00000012) refers to libinit2.o(.ARM.Collect$$libinit$$0000000D) for .ARM.Collect$$libinit$$0000000D
    libinit2.o(.ARM.Collect$$libinit$$00000014) refers to libinit2.o(.ARM.Collect$$libinit$$0000000D) for .ARM.Collect$$libinit$$0000000D
    libinit2.o(.ARM.Collect$$libinit$$00000016) refers to libinit2.o(.ARM.Collect$$libinit$$0000000D) for .ARM.Collect$$libinit$$0000000D
    libinit2.o(.ARM.Collect$$libinit$$00000024) refers to argv_veneer.o(.emb_text) for __ARM_argv_veneer
    libinit2.o(.ARM.Collect$$libinit$$00000025) refers to argv_veneer.o(.emb_text) for __ARM_argv_veneer
    rtexit2.o(.ARM.Collect$$rtexit$$00000003) refers to libshutdown.o(.ARM.Collect$$libshutdown$$00000000) for __rt_lib_shutdown
    rtexit2.o(.ARM.Collect$$rtexit$$00000004) refers to sys_exit.o(.text) for _sys_exit
    rtexit2.o(.ARM.exidx) refers to rtexit2.o(.ARM.Collect$$rtexit$$00000001) for .ARM.Collect$$rtexit$$00000001
    rtexit2.o(.ARM.exidx) refers to rtexit2.o(.ARM.Collect$$rtexit$$00000003) for .ARM.Collect$$rtexit$$00000003
    rtexit2.o(.ARM.exidx) refers to rtexit2.o(.ARM.Collect$$rtexit$$00000004) for .ARM.Collect$$rtexit$$00000004
    argv_veneer.o(.emb_text) refers to no_argv.o(.text) for __ARM_get_argv
    sys_exit.o(.text) refers (Special) to use_no_semi.o(.text) for __I$use$semihosting
    sys_exit.o(.text) refers (Special) to indicate_semi.o(.text) for __semihosting_library_function
    _get_argv_nomalloc.o(.text) refers (Special) to hrguard.o(.text) for __heap_region$guard
    _get_argv_nomalloc.o(.text) refers to defsig_rtmem_outer.o(.text) for __rt_SIGRTMEM
    _get_argv_nomalloc.o(.text) refers to sys_command.o(.text) for _sys_command_string
    libshutdown.o(.ARM.Collect$$libshutdown$$00000000) refers (Special) to libshutdown2.o(.ARM.Collect$$libshutdown$$00000006) for __rt_lib_shutdown_fp_trap_1
    libshutdown.o(.ARM.Collect$$libshutdown$$00000000) refers (Special) to libshutdown2.o(.ARM.Collect$$libshutdown$$0000000E) for __rt_lib_shutdown_heap_1
    libshutdown.o(.ARM.Collect$$libshutdown$$00000000) refers (Special) to libshutdown2.o(.ARM.Collect$$libshutdown$$0000000F) for __rt_lib_shutdown_return
    libshutdown.o(.ARM.Collect$$libshutdown$$00000000) refers (Special) to libshutdown2.o(.ARM.Collect$$libshutdown$$00000009) for __rt_lib_shutdown_signal_1
    libshutdown.o(.ARM.Collect$$libshutdown$$00000000) refers (Special) to libshutdown2.o(.ARM.Collect$$libshutdown$$00000003) for __rt_lib_shutdown_stdio_1
    libshutdown.o(.ARM.Collect$$libshutdown$$00000000) refers (Special) to libshutdown2.o(.ARM.Collect$$libshutdown$$0000000B) for __rt_lib_shutdown_user_alloc_1
    sys_command.o(.text) refers (Special) to use_no_semi.o(.text) for __I$use$semihosting
    sys_command.o(.text) refers (Special) to indicate_semi.o(.text) for __semihosting_library_function
    defsig_rtmem_outer.o(.text) refers to defsig_rtmem_inner.o(.text) for __rt_SIGRTMEM_inner
    defsig_rtmem_outer.o(.text) refers to defsig_exit.o(.text) for __sig_exit
    defsig_rtmem_formal.o(.text) refers to rt_raise.o(.text) for __rt_raise
    rt_raise.o(.text) refers to __raise.o(.text) for __raise
    rt_raise.o(.text) refers to sys_exit.o(.text) for _sys_exit
    defsig_exit.o(.text) refers to sys_exit.o(.text) for _sys_exit
    defsig_rtmem_inner.o(.text) refers to defsig_general.o(.text) for __default_signal_display
    __raise.o(.text) refers to defsig.o(CL$$defsig) for __default_signal_handler
    defsig_general.o(.text) refers to sys_wrch.o(.text) for _ttywrch
    sys_wrch.o(.text) refers (Special) to use_no_semi.o(.text) for __I$use$semihosting
    sys_wrch.o(.text) refers (Special) to indicate_semi.o(.text) for __semihosting_library_function
    defsig.o(CL$$defsig) refers to defsig_rtmem_inner.o(.text) for __rt_SIGRTMEM_inner
    defsig_abrt_inner.o(.text) refers to defsig_general.o(.text) for __default_signal_display
    defsig_fpe_inner.o(.text) refers to defsig_general.o(.text) for __default_signal_display
    defsig_rtred_inner.o(.text) refers to defsig_general.o(.text) for __default_signal_display
    defsig_stak_inner.o(.text) refers to defsig_general.o(.text) for __default_signal_display
    defsig_pvfn_inner.o(.text) refers to defsig_general.o(.text) for __default_signal_display
    defsig_cppl_inner.o(.text) refers to defsig_general.o(.text) for __default_signal_display
    defsig_segv_inner.o(.text) refers to defsig_general.o(.text) for __default_signal_display
    defsig_other.o(.text) refers to defsig_general.o(.text) for __default_signal_display


==============================================================================

Removing Unused input sections from the image.

    Removing texas.o(i.SetMode), (24 bytes).
    Removing texas.o(i.StartTimer4), (36 bytes).
    Removing texas.o(i.StopTimer4), (24 bytes).
    Removing texas.o(i.TExaS_Stop), (28 bytes).
    Removing texas.o(i.UART0_InChar), (24 bytes).
    Removing texas.o(i.UART0_InCharNonBlocking), (28 bytes).
    Removing texas.o(i.UART0_OutChar), (24 bytes).
    Removing texas.o(i.UART0_OutCharNonBlock), (12 bytes).
    Removing texas.o(i.copy), (18 bytes).
    Removing dac.o(i.DAC_Out), (24 bytes).
    Removing adc.o(.data), (4 bytes).
    Removing timer1.o(i.Timer1_Init), (96 bytes).
    Removing sound.o(i.Play), (72 bytes).
    Removing sound.o(i.Sound_Explosion), (2 bytes).
    Removing sound.o(i.Sound_Fastinvader1), (2 bytes).
    Removing sound.o(i.Sound_Fastinvader2), (2 bytes).
    Removing sound.o(i.Sound_Fastinvader3), (2 bytes).
    Removing sound.o(i.Sound_Fastinvader4), (2 bytes).
    Removing sound.o(i.Sound_Highpitch), (2 bytes).
    Removing sound.o(i.Sound_Init), (24 bytes).
    Removing sound.o(i.Sound_Killed), (2 bytes).
    Removing sound.o(i.Sound_Shoot), (2 bytes).
    Removing sound.o(.constdata), (15439 bytes).
    Removing sound.o(.data), (12 bytes).
    Removing st7735.o(i.Output_Clear), (10 bytes).
    Removing st7735.o(i.Output_Color), (12 bytes).
    Removing st7735.o(i.Output_Off), (8 bytes).
    Removing st7735.o(i.Output_On), (8 bytes).
    Removing st7735.o(i.ST7735_Color565), (24 bytes).
    Removing st7735.o(i.ST7735_DrawChar), (268 bytes).
    Removing st7735.o(i.ST7735_DrawFastHLine), (124 bytes).
    Removing st7735.o(i.ST7735_DrawFastVLine), (124 bytes).
    Removing st7735.o(i.ST7735_InitB), (40 bytes).
    Removing st7735.o(i.ST7735_InvertDisplay), (22 bytes).
    Removing st7735.o(i.ST7735_OutUDec), (140 bytes).
    Removing st7735.o(i.ST7735_PlotBar), (88 bytes).
    Removing st7735.o(i.ST7735_PlotClear), (92 bytes).
    Removing st7735.o(i.ST7735_PlotLine), (264 bytes).
    Removing st7735.o(i.ST7735_PlotNext), (32 bytes).
    Removing st7735.o(i.ST7735_PlotNextErase), (64 bytes).
    Removing st7735.o(i.ST7735_PlotPoint), (152 bytes).
    Removing st7735.o(i.ST7735_PlotPoints), (172 bytes).
    Removing st7735.o(i.ST7735_PlotdBfs), (60 bytes).
    Removing st7735.o(i.ST7735_SetRotation), (212 bytes).
    Removing st7735.o(i.ST7735_SetTextColor), (12 bytes).
    Removing st7735.o(i.ST7735_SwapColor), (18 bytes).
    Removing st7735.o(i.ferror), (8 bytes).
    Removing st7735.o(i.fgetc), (6 bytes).
    Removing st7735.o(i.fillmessage), (72 bytes).
    Removing st7735.o(i.fputc), (16 bytes).
    Removing st7735.o(.bss), (12 bytes).
    Removing ai.o(i.AI_AI1), (224 bytes).
    Removing tag.o(i.Delay100ms), (36 bytes).

53 unused section(s) (total 18225 bytes) removed from the image.

==============================================================================

Image Symbol Table

    Local Symbols

    Symbol Name                              Value     Ov Type        Size  Object(Section)

    RESET                                    0x00000000   Section      644  startup.o(RESET)
    ../clib/angel/boardlib.s                 0x00000000   Number         0  boardinit2.o ABSOLUTE
    ../clib/angel/boardlib.s                 0x00000000   Number         0  boardinit1.o ABSOLUTE
    ../clib/angel/boardlib.s                 0x00000000   Number         0  boardshut.o ABSOLUTE
    ../clib/angel/boardlib.s                 0x00000000   Number         0  boardinit3.o ABSOLUTE
    ../clib/angel/handlers.s                 0x00000000   Number         0  __scatter_copy.o ABSOLUTE
    ../clib/angel/handlers.s                 0x00000000   Number         0  __scatter_zi.o ABSOLUTE
    ../clib/angel/kernel.s                   0x00000000   Number         0  rtexit2.o ABSOLUTE
    ../clib/angel/kernel.s                   0x00000000   Number         0  rtentry.o ABSOLUTE
    ../clib/angel/kernel.s                   0x00000000   Number         0  rtentry4.o ABSOLUTE
    ../clib/angel/kernel.s                   0x00000000   Number         0  rtentry2.o ABSOLUTE
    ../clib/angel/kernel.s                   0x00000000   Number         0  rtexit.o ABSOLUTE
    ../clib/angel/rt.s                       0x00000000   Number         0  rt_raise.o ABSOLUTE
    ../clib/angel/scatter.s                  0x00000000   Number         0  __scatter.o ABSOLUTE
    ../clib/angel/startup.s                  0x00000000   Number         0  __main.o ABSOLUTE
    ../clib/angel/sys.s                      0x00000000   Number         0  sys_stackheap_outer.o ABSOLUTE
    ../clib/angel/sys.s                      0x00000000   Number         0  indicate_semi.o ABSOLUTE
    ../clib/angel/sys.s                      0x00000000   Number         0  use_no_semi.o ABSOLUTE
    ../clib/angel/sys.s                      0x00000000   Number         0  libspace.o ABSOLUTE
    ../clib/angel/sysapp.c                   0x00000000   Number         0  sys_exit.o ABSOLUTE
    ../clib/angel/sysapp.c                   0x00000000   Number         0  sys_command.o ABSOLUTE
    ../clib/angel/sysapp.c                   0x00000000   Number         0  sys_wrch.o ABSOLUTE
    ../clib/armsys.c                         0x00000000   Number         0  argv_veneer.o ABSOLUTE
    ../clib/armsys.c                         0x00000000   Number         0  argv_veneer.o ABSOLUTE
    ../clib/armsys.c                         0x00000000   Number         0  _get_argv_nomalloc.o ABSOLUTE
    ../clib/armsys.c                         0x00000000   Number         0  no_argv.o ABSOLUTE
    ../clib/heapalloc.c                      0x00000000   Number         0  hrguard.o ABSOLUTE
    ../clib/heapaux.c                        0x00000000   Number         0  heapauxi.o ABSOLUTE
    ../clib/libinit.s                        0x00000000   Number         0  libinit.o ABSOLUTE
    ../clib/libinit.s                        0x00000000   Number         0  libinit2.o ABSOLUTE
    ../clib/libinit.s                        0x00000000   Number         0  libshutdown2.o ABSOLUTE
    ../clib/libinit.s                        0x00000000   Number         0  libshutdown.o ABSOLUTE
    ../clib/memcpset.s                       0x00000000   Number         0  rt_memcpy_w.o ABSOLUTE
    ../clib/signal.c                         0x00000000   Number         0  defsig_stak_inner.o ABSOLUTE
    ../clib/signal.c                         0x00000000   Number         0  defsig_rtmem_outer.o ABSOLUTE
    ../clib/signal.c                         0x00000000   Number         0  defsig_rtred_inner.o ABSOLUTE
    ../clib/signal.c                         0x00000000   Number         0  defsig_fpe_inner.o ABSOLUTE
    ../clib/signal.c                         0x00000000   Number         0  defsig_rtmem_formal.o ABSOLUTE
    ../clib/signal.c                         0x00000000   Number         0  defsig_abrt_inner.o ABSOLUTE
    ../clib/signal.c                         0x00000000   Number         0  defsig_other.o ABSOLUTE
    ../clib/signal.c                         0x00000000   Number         0  defsig_general.o ABSOLUTE
    ../clib/signal.c                         0x00000000   Number         0  defsig_exit.o ABSOLUTE
    ../clib/signal.c                         0x00000000   Number         0  defsig_rtmem_inner.o ABSOLUTE
    ../clib/signal.c                         0x00000000   Number         0  defsig_segv_inner.o ABSOLUTE
    ../clib/signal.c                         0x00000000   Number         0  defsig_cppl_inner.o ABSOLUTE
    ../clib/signal.c                         0x00000000   Number         0  defsig_pvfn_inner.o ABSOLUTE
    ../clib/signal.c                         0x00000000   Number         0  __raise.o ABSOLUTE
    ../clib/signal.s                         0x00000000   Number         0  defsig.o ABSOLUTE
    ../clib/stdlib.c                         0x00000000   Number         0  exit.o ABSOLUTE
    ../fplib/fpinit.s                        0x00000000   Number         0  fpinit.o ABSOLUTE
    ADC.c                                    0x00000000   Number         0  adc.o ABSOLUTE
    AI.c                                     0x00000000   Number         0  ai.o ABSOLUTE
    Bitmaps.c                                0x00000000   Number         0  bitmaps.o ABSOLUTE
    Character.c                              0x00000000   Number         0  character.o ABSOLUTE
    DAC.c                                    0x00000000   Number         0  dac.o ABSOLUTE
    HotPotato.c                              0x00000000   Number         0  hotpotato.o ABSOLUTE
    LCD.s                                    0x00000000   Number         0  lcd.o ABSOLUTE
    Player.c                                 0x00000000   Number         0  player.o ABSOLUTE
    Print.s                                  0x00000000   Number         0  print.o ABSOLUTE
    ST7735.c                                 0x00000000   Number         0  st7735.o ABSOLUTE
    Screen.c                                 0x00000000   Number         0  screen.o ABSOLUTE
    Sound.c                                  0x00000000   Number         0  sound.o ABSOLUTE
    TExaS.c                                  0x00000000   Number         0  texas.o ABSOLUTE
    Tag.c                                    0x00000000   Number         0  tag.o ABSOLUTE
    Timer0.c                                 0x00000000   Number         0  timer0.o ABSOLUTE
    Timer1.c                                 0x00000000   Number         0  timer1.o ABSOLUTE
    dc.s                                     0x00000000   Number         0  dc.o ABSOLUTE
    random.s                                 0x00000000   Number         0  random.o ABSOLUTE
    startup.s                                0x00000000   Number         0  startup.o ABSOLUTE
    !!!main                                  0x00000284   Section        8  __main.o(!!!main)
    !!!scatter                               0x0000028c   Section       52  __scatter.o(!!!scatter)
    !!handler_copy                           0x000002c0   Section       26  __scatter_copy.o(!!handler_copy)
    !!handler_zi                             0x000002dc   Section       28  __scatter_zi.o(!!handler_zi)
    .ARM.Collect$$libinit$$00000000          0x000002f8   Section        2  libinit.o(.ARM.Collect$$libinit$$00000000)
    .ARM.Collect$$libinit$$00000002          0x000002fa   Section        0  libinit2.o(.ARM.Collect$$libinit$$00000002)
    .ARM.Collect$$libinit$$00000008          0x000002fa   Section        0  libinit2.o(.ARM.Collect$$libinit$$00000008)
    .ARM.Collect$$libinit$$0000000A          0x000002fa   Section        0  libinit2.o(.ARM.Collect$$libinit$$0000000A)
    .ARM.Collect$$libinit$$0000000C          0x000002fa   Section        0  libinit2.o(.ARM.Collect$$libinit$$0000000C)
    .ARM.Collect$$libinit$$0000000F          0x000002fa   Section        0  libinit2.o(.ARM.Collect$$libinit$$0000000F)
    .ARM.Collect$$libinit$$00000011          0x000002fa   Section        0  libinit2.o(.ARM.Collect$$libinit$$00000011)
    .ARM.Collect$$libinit$$00000013          0x000002fa   Section        0  libinit2.o(.ARM.Collect$$libinit$$00000013)
    .ARM.Collect$$libinit$$00000015          0x000002fa   Section        0  libinit2.o(.ARM.Collect$$libinit$$00000015)
    .ARM.Collect$$libinit$$00000017          0x000002fa   Section        0  libinit2.o(.ARM.Collect$$libinit$$00000017)
    .ARM.Collect$$libinit$$00000019          0x000002fa   Section        0  libinit2.o(.ARM.Collect$$libinit$$00000019)
    .ARM.Collect$$libinit$$0000001B          0x000002fa   Section        0  libinit2.o(.ARM.Collect$$libinit$$0000001B)
    .ARM.Collect$$libinit$$0000001D          0x000002fa   Section        0  libinit2.o(.ARM.Collect$$libinit$$0000001D)
    .ARM.Collect$$libinit$$0000001F          0x000002fa   Section        0  libinit2.o(.ARM.Collect$$libinit$$0000001F)
    .ARM.Collect$$libinit$$00000021          0x000002fa   Section        0  libinit2.o(.ARM.Collect$$libinit$$00000021)
    .ARM.Collect$$libinit$$00000023          0x000002fa   Section        0  libinit2.o(.ARM.Collect$$libinit$$00000023)
    .ARM.Collect$$libinit$$0000002A          0x000002fa   Section        0  libinit2.o(.ARM.Collect$$libinit$$0000002A)
    .ARM.Collect$$libinit$$0000002C          0x000002fa   Section        0  libinit2.o(.ARM.Collect$$libinit$$0000002C)
    .ARM.Collect$$libinit$$0000002E          0x000002fa   Section        0  libinit2.o(.ARM.Collect$$libinit$$0000002E)
    .ARM.Collect$$libinit$$00000030          0x000002fa   Section        0  libinit2.o(.ARM.Collect$$libinit$$00000030)
    .ARM.Collect$$libinit$$00000031          0x000002fa   Section        2  libinit2.o(.ARM.Collect$$libinit$$00000031)
    .ARM.Collect$$libshutdown$$00000000      0x000002fc   Section        2  libshutdown.o(.ARM.Collect$$libshutdown$$00000000)
    .ARM.Collect$$libshutdown$$00000003      0x000002fe   Section        0  libshutdown2.o(.ARM.Collect$$libshutdown$$00000003)
    .ARM.Collect$$libshutdown$$00000006      0x000002fe   Section        0  libshutdown2.o(.ARM.Collect$$libshutdown$$00000006)
    .ARM.Collect$$libshutdown$$00000009      0x000002fe   Section        0  libshutdown2.o(.ARM.Collect$$libshutdown$$00000009)
    .ARM.Collect$$libshutdown$$0000000B      0x000002fe   Section        0  libshutdown2.o(.ARM.Collect$$libshutdown$$0000000B)
    .ARM.Collect$$libshutdown$$0000000E      0x000002fe   Section        0  libshutdown2.o(.ARM.Collect$$libshutdown$$0000000E)
    .ARM.Collect$$libshutdown$$0000000F      0x000002fe   Section        2  libshutdown2.o(.ARM.Collect$$libshutdown$$0000000F)
    .ARM.Collect$$rtentry$$00000000          0x00000300   Section        0  rtentry.o(.ARM.Collect$$rtentry$$00000000)
    .ARM.Collect$$rtentry$$00000002          0x00000300   Section        0  rtentry2.o(.ARM.Collect$$rtentry$$00000002)
    .ARM.Collect$$rtentry$$00000004          0x00000300   Section        6  rtentry4.o(.ARM.Collect$$rtentry$$00000004)
    .ARM.Collect$$rtentry$$00000009          0x00000306   Section        0  rtentry2.o(.ARM.Collect$$rtentry$$00000009)
    .ARM.Collect$$rtentry$$0000000A          0x00000306   Section        4  rtentry2.o(.ARM.Collect$$rtentry$$0000000A)
    .ARM.Collect$$rtentry$$0000000C          0x0000030a   Section        0  rtentry2.o(.ARM.Collect$$rtentry$$0000000C)
    .ARM.Collect$$rtentry$$0000000D          0x0000030a   Section        8  rtentry2.o(.ARM.Collect$$rtentry$$0000000D)
    .ARM.Collect$$rtexit$$00000000           0x00000312   Section        2  rtexit.o(.ARM.Collect$$rtexit$$00000000)
    .ARM.Collect$$rtexit$$00000002           0x00000314   Section        0  rtexit2.o(.ARM.Collect$$rtexit$$00000002)
    .ARM.Collect$$rtexit$$00000003           0x00000314   Section        4  rtexit2.o(.ARM.Collect$$rtexit$$00000003)
    .ARM.Collect$$rtexit$$00000004           0x00000318   Section        6  rtexit2.o(.ARM.Collect$$rtexit$$00000004)
    .text                                    0x00000320   Section       48  startup.o(.text)
    .text                                    0x00000350   Section       64  random.o(.text)
    .text                                    0x00000390   Section      204  print.o(.text)
    .text                                    0x0000045c   Section       80  lcd.o(.text)
    .text                                    0x000004ac   Section      100  rt_memcpy_w.o(.text)
    .text                                    0x00000510   Section        0  heapauxi.o(.text)
    .text                                    0x00000516   Section       74  sys_stackheap_outer.o(.text)
    .text                                    0x00000560   Section        0  exit.o(.text)
    .text                                    0x0000056c   Section        8  libspace.o(.text)
    .text                                    0x00000574   Section        0  sys_exit.o(.text)
    .text                                    0x00000580   Section        2  use_no_semi.o(.text)
    .text                                    0x00000582   Section        0  indicate_semi.o(.text)
    i.ADC0_In                                0x00000584   Section        0  adc.o(i.ADC0_In)
    i.ADC0_Init                              0x000005bc   Section        0  adc.o(i.ADC0_Init)
    i.ADC1_In                                0x0000069c   Section        0  texas.o(i.ADC1_In)
    i.ADC1_Init                              0x000006a8   Section        0  texas.o(i.ADC1_Init)
    i.AI_AI2                                 0x00000780   Section        0  ai.o(i.AI_AI2)
    i.AI_Init                                0x00000a7c   Section        0  ai.o(i.AI_Init)
    i.AI_Update                              0x00000b54   Section        0  ai.o(i.AI_Update)
    i.Character_Collision                    0x00000b74   Section        0  character.o(i.Character_Collision)
    i.Character_CollisionStatus              0x00000e30   Section        0  character.o(i.Character_CollisionStatus)
    i.Character_Draw                         0x00000f88   Section        0  character.o(i.Character_Draw)
    i.Character_DrawCharacters               0x00000fc8   Section        0  character.o(i.Character_DrawCharacters)
    i.Character_UpdateCollisions             0x0000100c   Section        0  character.o(i.Character_UpdateCollisions)
    i.Character_UpdateCollisionsS            0x000010bc   Section        0  character.o(i.Character_UpdateCollisionsS)
    i.DAC_Init                               0x00001244   Section        0  dac.o(i.DAC_Init)
    i.Delay1ms                               0x000012c4   Section        0  st7735.o(i.Delay1ms)
    i.HotPotato_Burn                         0x000012e4   Section        0  hotpotato.o(i.HotPotato_Burn)
    i.HotPotato_Cooldown                     0x0000132c   Section        0  hotpotato.o(i.HotPotato_Cooldown)
    i.HotPotato_DrawStatus                   0x00001374   Section        0  hotpotato.o(i.HotPotato_DrawStatus)
    i.HotPotato_Eliminate                    0x000013fc   Section        0  hotpotato.o(i.HotPotato_Eliminate)
    i.HotPotato_Init                         0x00001474   Section        0  hotpotato.o(i.HotPotato_Init)
    i.HotPotato_SetIt                        0x00001488   Section        0  hotpotato.o(i.HotPotato_SetIt)
    i.HotPotato_Update                       0x000014b8   Section        0  hotpotato.o(i.HotPotato_Update)
    i.HotPotato_WhosIt                       0x000014cc   Section        0  hotpotato.o(i.HotPotato_WhosIt)
    i.Master_Funk                            0x000014d8   Section        0  tag.o(i.Master_Funk)
    i.Output_Init                            0x0000151c   Section        0  st7735.o(i.Output_Init)
    i.PLL_Init                               0x0000152c   Section        0  texas.o(i.PLL_Init)
    i.Player_Init                            0x000015a8   Section        0  player.o(i.Player_Init)
    i.Player_Move                            0x000015e0   Section        0  player.o(i.Player_Move)
    i.Player_Update                          0x00001718   Section        0  player.o(i.Player_Update)
    i.ST7735_DrawBitmap                      0x00001720   Section        0  st7735.o(i.ST7735_DrawBitmap)
    i.ST7735_DrawCharS                       0x00001840   Section        0  st7735.o(i.ST7735_DrawCharS)
    i.ST7735_DrawPixel                       0x00001934   Section        0  st7735.o(i.ST7735_DrawPixel)
    i.ST7735_DrawString                      0x0000197c   Section        0  st7735.o(i.ST7735_DrawString)
    i.ST7735_FillRect                        0x000019d4   Section        0  st7735.o(i.ST7735_FillRect)
    i.ST7735_FillScreen                      0x00001a80   Section        0  st7735.o(i.ST7735_FillScreen)
    i.ST7735_InitR                           0x00001aa4   Section        0  st7735.o(i.ST7735_InitR)
    i.ST7735_OutChar                         0x00001b20   Section        0  st7735.o(i.ST7735_OutChar)
    i.ST7735_OutString                       0x00001bf4   Section        0  st7735.o(i.ST7735_OutString)
    i.ST7735_SetCursor                       0x00001c0c   Section        0  st7735.o(i.ST7735_SetCursor)
    i.Screen_Draw                            0x00001c2c   Section        0  screen.o(i.Screen_Draw)
    i.Screen_Move                            0x00001d44   Section        0  screen.o(i.Screen_Move)
    i.Screen_Update                          0x00001e50   Section        0  screen.o(i.Screen_Update)
    i.SetCode                                0x00001e5c   Section        0  texas.o(i.SetCode)
    i.SetCourse                              0x00001e74   Section        0  texas.o(i.SetCourse)
    i.TExaS_Init                             0x00001e8c   Section        0  texas.o(i.TExaS_Init)
    i.Timer0A_Handler                        0x0000204c   Section        0  timer0.o(i.Timer0A_Handler)
    i.Timer0_Init                            0x00002064   Section        0  timer0.o(i.Timer0_Init)
    i.Timer1A_Handler                        0x000020c4   Section        0  timer1.o(i.Timer1A_Handler)
    i.Timer4A_Handler                        0x000020dc   Section        0  texas.o(i.Timer4A_Handler)
    i.Timer5A_Handler                        0x000020fc   Section        0  texas.o(i.Timer5A_Handler)
    i.UART0_Init                             0x0000212c   Section        0  texas.o(i.UART0_Init)
    i.commandList                            0x000021ec   Section        0  st7735.o(i.commandList)
    commandList                              0x000021ed   Thumb Code    86  st7735.o(i.commandList)
    i.commonInit                             0x00002244   Section        0  st7735.o(i.commonInit)
    commonInit                               0x00002245   Thumb Code   340  st7735.o(i.commonInit)
    i.main                                   0x000023c8   Section        0  tag.o(i.main)
    i.pushColor                              0x00002414   Section        0  st7735.o(i.pushColor)
    pushColor                                0x00002415   Thumb Code    18  st7735.o(i.pushColor)
    i.setAddrWindow                          0x00002428   Section        0  st7735.o(i.setAddrWindow)
    setAddrWindow                            0x00002429   Thumb Code   106  st7735.o(i.setAddrWindow)
    .constdata                               0x0000249c   Section      360  texas.o(.constdata)
    .constdata                               0x00002604   Section     2018  st7735.o(.constdata)
    Font                                     0x00002604   Data        1275  st7735.o(.constdata)
    Bcmd                                     0x00002aff   Data         103  st7735.o(.constdata)
    Rcmd1                                    0x00002b66   Data          59  st7735.o(.constdata)
    Rcmd2green                               0x00002ba1   Data          13  st7735.o(.constdata)
    Rcmd2red                                 0x00002bae   Data          13  st7735.o(.constdata)
    Rcmd3                                    0x00002bbb   Data          43  st7735.o(.constdata)
    .constdata                               0x00002de6   Section     4992  screen.o(.constdata)
    .constdata                               0x00004168   Section     2624  bitmaps.o(.constdata)
    .data                                    0x20000000   Section       52  texas.o(.data)
    .data                                    0x20000034   Section        4  timer0.o(.data)
    .data                                    0x20000038   Section        4  timer1.o(.data)
    .data                                    0x2000003c   Section       44  st7735.o(.data)
    _width                                   0x20000046   Data           2  st7735.o(.data)
    _height                                  0x20000048   Data           2  st7735.o(.data)
    ColStart                                 0x20000050   Data           1  st7735.o(.data)
    RowStart                                 0x20000051   Data           1  st7735.o(.data)
    Rotation                                 0x20000052   Data           1  st7735.o(.data)
    TabColor                                 0x20000053   Data           1  st7735.o(.data)
    .data                                    0x20000068   Section       24  screen.o(.data)
    .data                                    0x20000080   Section        2  hotpotato.o(.data)
    DATA                                     0x20000084   Section        4  random.o(DATA)
    M                                        0x20000084   Data           4  random.o(DATA)
    .bss                                     0x20000088   Section       56  texas.o(.bss)
    .bss                                     0x200000c0   Section      112  character.o(.bss)
    .bss                                     0x20000130   Section       96  libspace.o(.bss)
    HEAP                                     0x20000190   Section        0  startup.o(HEAP)
    STACK                                    0x20000190   Section     1024  startup.o(STACK)
    HeapMem                                  0x20000190   Data           0  startup.o(HEAP)
    StackMem                                 0x20000190   Data           0  startup.o(STACK)

    Global Symbols

    Symbol Name                              Value     Ov Type        Size  Object(Section)

    BuildAttributes$$THM_ISAv4$E$P$D$K$B$S$7EM$PE$A:L22UL41UL21$X:L11$S22US41US21$IEEE1$IW$USESV6$~STKCKD$USESV7$~SHL$OSPACE$ROPI$EBA8$UX$STANDARDLIB$REQ8$PRES8$EABIv2 0x00000000   Number         0  anon$$obj.o ABSOLUTE
    __ARM_use_no_argv                        0x00000000   Number         0  tag.o ABSOLUTE
    __Vectors                                0x00000000   Data           0  startup.o(RESET)
    __ARM_exceptions_init                     - Undefined Weak Reference
    __alloca_initialize                       - Undefined Weak Reference
    __cpp_initialize__aeabi_                  - Undefined Weak Reference
    __cxa_finalize                            - Undefined Weak Reference
    __rt_locale                               - Undefined Weak Reference
    __sigvec_lookup                           - Undefined Weak Reference
    _atexit_init                              - Undefined Weak Reference
    _call_atexit_fns                          - Undefined Weak Reference
    _clock_init                               - Undefined Weak Reference
    _fp_trap_init                             - Undefined Weak Reference
    _fp_trap_shutdown                         - Undefined Weak Reference
    _get_lc_collate                           - Undefined Weak Reference
    _get_lc_ctype                             - Undefined Weak Reference
    _get_lc_monetary                          - Undefined Weak Reference
    _get_lc_numeric                           - Undefined Weak Reference
    _get_lc_time                              - Undefined Weak Reference
    _getenv_init                              - Undefined Weak Reference
    _handle_redirection                       - Undefined Weak Reference
    _init_alloc                               - Undefined Weak Reference
    _init_user_alloc                          - Undefined Weak Reference
    _initio                                   - Undefined Weak Reference
    _rand_init                                - Undefined Weak Reference
    _signal_finish                            - Undefined Weak Reference
    _signal_init                              - Undefined Weak Reference
    _terminate_alloc                          - Undefined Weak Reference
    _terminate_user_alloc                     - Undefined Weak Reference
    _terminateio                              - Undefined Weak Reference
    Reset_Handler                            0x0000026d   Thumb Code     0  startup.o(RESET)
    NMI_Handler                              0x00000271   Thumb Code     2  startup.o(RESET)
    HardFault_Handler                        0x00000273   Thumb Code     2  startup.o(RESET)
    MemManage_Handler                        0x00000275   Thumb Code     2  startup.o(RESET)
    BusFault_Handler                         0x00000277   Thumb Code     2  startup.o(RESET)
    UsageFault_Handler                       0x00000279   Thumb Code     2  startup.o(RESET)
    SVC_Handler                              0x0000027b   Thumb Code     2  startup.o(RESET)
    DebugMon_Handler                         0x0000027d   Thumb Code     2  startup.o(RESET)
    PendSV_Handler                           0x0000027f   Thumb Code     2  startup.o(RESET)
    SysTick_Handler                          0x00000281   Thumb Code     2  startup.o(RESET)
    ADC0Seq0_Handler                         0x00000283   Thumb Code     0  startup.o(RESET)
    ADC0Seq1_Handler                         0x00000283   Thumb Code     0  startup.o(RESET)
    ADC0Seq2_Handler                         0x00000283   Thumb Code     0  startup.o(RESET)
    ADC0Seq3_Handler                         0x00000283   Thumb Code     0  startup.o(RESET)
    ADC1Seq0_Handler                         0x00000283   Thumb Code     0  startup.o(RESET)
    ADC1Seq1_Handler                         0x00000283   Thumb Code     0  startup.o(RESET)
    ADC1Seq2_Handler                         0x00000283   Thumb Code     0  startup.o(RESET)
    ADC1Seq3_Handler                         0x00000283   Thumb Code     0  startup.o(RESET)
    CAN0_Handler                             0x00000283   Thumb Code     0  startup.o(RESET)
    CAN1_Handler                             0x00000283   Thumb Code     0  startup.o(RESET)
    CAN2_Handler                             0x00000283   Thumb Code     0  startup.o(RESET)
    Comp0_Handler                            0x00000283   Thumb Code     0  startup.o(RESET)
    Comp1_Handler                            0x00000283   Thumb Code     0  startup.o(RESET)
    Comp2_Handler                            0x00000283   Thumb Code     0  startup.o(RESET)
    Ethernet_Handler                         0x00000283   Thumb Code     0  startup.o(RESET)
    ExtBus_Handler                           0x00000283   Thumb Code     0  startup.o(RESET)
    FPU_Handler                              0x00000283   Thumb Code     0  startup.o(RESET)
    Fan0_Handler                             0x00000283   Thumb Code     0  startup.o(RESET)
    FlashCtl_Handler                         0x00000283   Thumb Code     0  startup.o(RESET)
    GPIOPortA_Handler                        0x00000283   Thumb Code     0  startup.o(RESET)
    GPIOPortB_Handler                        0x00000283   Thumb Code     0  startup.o(RESET)
    GPIOPortC_Handler                        0x00000283   Thumb Code     0  startup.o(RESET)
    GPIOPortD_Handler                        0x00000283   Thumb Code     0  startup.o(RESET)
    GPIOPortE_Handler                        0x00000283   Thumb Code     0  startup.o(RESET)
    GPIOPortF_Handler                        0x00000283   Thumb Code     0  startup.o(RESET)
    GPIOPortG_Handler                        0x00000283   Thumb Code     0  startup.o(RESET)
    GPIOPortH_Handler                        0x00000283   Thumb Code     0  startup.o(RESET)
    GPIOPortJ_Handler                        0x00000283   Thumb Code     0  startup.o(RESET)
    GPIOPortK_Handler                        0x00000283   Thumb Code     0  startup.o(RESET)
    GPIOPortL_Handler                        0x00000283   Thumb Code     0  startup.o(RESET)
    GPIOPortM_Handler                        0x00000283   Thumb Code     0  startup.o(RESET)
    GPIOPortN_Handler                        0x00000283   Thumb Code     0  startup.o(RESET)
    GPIOPortP1_Handler                       0x00000283   Thumb Code     0  startup.o(RESET)
    GPIOPortP2_Handler                       0x00000283   Thumb Code     0  startup.o(RESET)
    GPIOPortP3_Handler                       0x00000283   Thumb Code     0  startup.o(RESET)
    GPIOPortP4_Handler                       0x00000283   Thumb Code     0  startup.o(RESET)
    GPIOPortP5_Handler                       0x00000283   Thumb Code     0  startup.o(RESET)
    GPIOPortP6_Handler                       0x00000283   Thumb Code     0  startup.o(RESET)
    GPIOPortP7_Handler                       0x00000283   Thumb Code     0  startup.o(RESET)
    GPIOPortP_Handler                        0x00000283   Thumb Code     0  startup.o(RESET)
    GPIOPortQ1_Handler                       0x00000283   Thumb Code     0  startup.o(RESET)
    GPIOPortQ2_Handler                       0x00000283   Thumb Code     0  startup.o(RESET)
    GPIOPortQ3_Handler                       0x00000283   Thumb Code     0  startup.o(RESET)
    GPIOPortQ4_Handler                       0x00000283   Thumb Code     0  startup.o(RESET)
    GPIOPortQ5_Handler                       0x00000283   Thumb Code     0  startup.o(RESET)
    GPIOPortQ6_Handler                       0x00000283   Thumb Code     0  startup.o(RESET)
    GPIOPortQ7_Handler                       0x00000283   Thumb Code     0  startup.o(RESET)
    GPIOPortQ_Handler                        0x00000283   Thumb Code     0  startup.o(RESET)
    GPIOPortR_Handler                        0x00000283   Thumb Code     0  startup.o(RESET)
    GPIOPortS_Handler                        0x00000283   Thumb Code     0  startup.o(RESET)
    Hibernate_Handler                        0x00000283   Thumb Code     0  startup.o(RESET)
    I2C0_Handler                             0x00000283   Thumb Code     0  startup.o(RESET)
    I2C1_Handler                             0x00000283   Thumb Code     0  startup.o(RESET)
    I2C2_Handler                             0x00000283   Thumb Code     0  startup.o(RESET)
    I2C3_Handler                             0x00000283   Thumb Code     0  startup.o(RESET)
    I2C4_Handler                             0x00000283   Thumb Code     0  startup.o(RESET)
    I2C5_Handler                             0x00000283   Thumb Code     0  startup.o(RESET)
    I2S0_Handler                             0x00000283   Thumb Code     0  startup.o(RESET)
    LPC0_Handler                             0x00000283   Thumb Code     0  startup.o(RESET)
    PECI0_Handler                            0x00000283   Thumb Code     0  startup.o(RESET)
    PWM0Fault_Handler                        0x00000283   Thumb Code     0  startup.o(RESET)
    PWM0Generator0_Handler                   0x00000283   Thumb Code     0  startup.o(RESET)
    PWM0Generator1_Handler                   0x00000283   Thumb Code     0  startup.o(RESET)
    PWM0Generator2_Handler                   0x00000283   Thumb Code     0  startup.o(RESET)
    PWM0Generator3_Handler                   0x00000283   Thumb Code     0  startup.o(RESET)
    PWM1Fault_Handler                        0x00000283   Thumb Code     0  startup.o(RESET)
    PWM1Generator0_Handler                   0x00000283   Thumb Code     0  startup.o(RESET)
    PWM1Generator1_Handler                   0x00000283   Thumb Code     0  startup.o(RESET)
    PWM1Generator2_Handler                   0x00000283   Thumb Code     0  startup.o(RESET)
    PWM1Generator3_Handler                   0x00000283   Thumb Code     0  startup.o(RESET)
    Quadrature0_Handler                      0x00000283   Thumb Code     0  startup.o(RESET)
    Quadrature1_Handler                      0x00000283   Thumb Code     0  startup.o(RESET)
    Quadrature2_Handler                      0x00000283   Thumb Code     0  startup.o(RESET)
    SSI0_Handler                             0x00000283   Thumb Code     0  startup.o(RESET)
    SSI1_Handler                             0x00000283   Thumb Code     0  startup.o(RESET)
    SSI2_Handler                             0x00000283   Thumb Code     0  startup.o(RESET)
    SSI3_Handler                             0x00000283   Thumb Code     0  startup.o(RESET)
    SysCtl_Handler                           0x00000283   Thumb Code     0  startup.o(RESET)
    Timer0B_Handler                          0x00000283   Thumb Code     0  startup.o(RESET)
    Timer1B_Handler                          0x00000283   Thumb Code     0  startup.o(RESET)
    Timer2A_Handler                          0x00000283   Thumb Code     0  startup.o(RESET)
    Timer2B_Handler                          0x00000283   Thumb Code     0  startup.o(RESET)
    Timer3A_Handler                          0x00000283   Thumb Code     0  startup.o(RESET)
    Timer3B_Handler                          0x00000283   Thumb Code     0  startup.o(RESET)
    Timer4B_Handler                          0x00000283   Thumb Code     0  startup.o(RESET)
    Timer5B_Handler                          0x00000283   Thumb Code     0  startup.o(RESET)
    UART0_Handler                            0x00000283   Thumb Code     0  startup.o(RESET)
    UART1_Handler                            0x00000283   Thumb Code     0  startup.o(RESET)
    UART2_Handler                            0x00000283   Thumb Code     0  startup.o(RESET)
    UART3_Handler                            0x00000283   Thumb Code     0  startup.o(RESET)
    UART4_Handler                            0x00000283   Thumb Code     0  startup.o(RESET)
    UART5_Handler                            0x00000283   Thumb Code     0  startup.o(RESET)
    UART6_Handler                            0x00000283   Thumb Code     0  startup.o(RESET)
    UART7_Handler                            0x00000283   Thumb Code     0  startup.o(RESET)
    USB0_Handler                             0x00000283   Thumb Code     0  startup.o(RESET)
    WDT_Handler                              0x00000283   Thumb Code     0  startup.o(RESET)
    WideTimer0A_Handler                      0x00000283   Thumb Code     0  startup.o(RESET)
    WideTimer0B_Handler                      0x00000283   Thumb Code     0  startup.o(RESET)
    WideTimer1A_Handler                      0x00000283   Thumb Code     0  startup.o(RESET)
    WideTimer1B_Handler                      0x00000283   Thumb Code     0  startup.o(RESET)
    WideTimer2A_Handler                      0x00000283   Thumb Code     0  startup.o(RESET)
    WideTimer2B_Handler                      0x00000283   Thumb Code     0  startup.o(RESET)
    WideTimer3A_Handler                      0x00000283   Thumb Code     0  startup.o(RESET)
    WideTimer3B_Handler                      0x00000283   Thumb Code     0  startup.o(RESET)
    WideTimer4A_Handler                      0x00000283   Thumb Code     0  startup.o(RESET)
    WideTimer4B_Handler                      0x00000283   Thumb Code     0  startup.o(RESET)
    WideTimer5A_Handler                      0x00000283   Thumb Code     0  startup.o(RESET)
    WideTimer5B_Handler                      0x00000283   Thumb Code     0  startup.o(RESET)
    uDMA_Error                               0x00000283   Thumb Code     0  startup.o(RESET)
    uDMA_Handler                             0x00000283   Thumb Code     0  startup.o(RESET)
    __main                                   0x00000285   Thumb Code     8  __main.o(!!!main)
    __scatterload                            0x0000028d   Thumb Code     0  __scatter.o(!!!scatter)
    __scatterload_rt2                        0x0000028d   Thumb Code    44  __scatter.o(!!!scatter)
    __scatterload_rt2_thumb_only             0x0000028d   Thumb Code     0  __scatter.o(!!!scatter)
    __scatterload_null                       0x0000029b   Thumb Code     0  __scatter.o(!!!scatter)
    __scatterload_copy                       0x000002c1   Thumb Code    26  __scatter_copy.o(!!handler_copy)
    __scatterload_zeroinit                   0x000002dd   Thumb Code    28  __scatter_zi.o(!!handler_zi)
    __rt_lib_init                            0x000002f9   Thumb Code     0  libinit.o(.ARM.Collect$$libinit$$00000000)
    __rt_lib_init_alloca_1                   0x000002fb   Thumb Code     0  libinit2.o(.ARM.Collect$$libinit$$0000002C)
    __rt_lib_init_argv_1                     0x000002fb   Thumb Code     0  libinit2.o(.ARM.Collect$$libinit$$0000002A)
    __rt_lib_init_atexit_1                   0x000002fb   Thumb Code     0  libinit2.o(.ARM.Collect$$libinit$$00000019)
    __rt_lib_init_clock_1                    0x000002fb   Thumb Code     0  libinit2.o(.ARM.Collect$$libinit$$0000001F)
    __rt_lib_init_cpp_1                      0x000002fb   Thumb Code     0  libinit2.o(.ARM.Collect$$libinit$$00000030)
    __rt_lib_init_exceptions_1               0x000002fb   Thumb Code     0  libinit2.o(.ARM.Collect$$libinit$$0000002E)
    __rt_lib_init_fp_1                       0x000002fb   Thumb Code     0  libinit2.o(.ARM.Collect$$libinit$$00000002)
    __rt_lib_init_fp_trap_1                  0x000002fb   Thumb Code     0  libinit2.o(.ARM.Collect$$libinit$$0000001D)
    __rt_lib_init_getenv_1                   0x000002fb   Thumb Code     0  libinit2.o(.ARM.Collect$$libinit$$00000021)
    __rt_lib_init_heap_1                     0x000002fb   Thumb Code     0  libinit2.o(.ARM.Collect$$libinit$$00000008)
    __rt_lib_init_lc_collate_1               0x000002fb   Thumb Code     0  libinit2.o(.ARM.Collect$$libinit$$0000000F)
    __rt_lib_init_lc_ctype_1                 0x000002fb   Thumb Code     0  libinit2.o(.ARM.Collect$$libinit$$00000011)
    __rt_lib_init_lc_monetary_1              0x000002fb   Thumb Code     0  libinit2.o(.ARM.Collect$$libinit$$00000013)
    __rt_lib_init_lc_numeric_1               0x000002fb   Thumb Code     0  libinit2.o(.ARM.Collect$$libinit$$00000015)
    __rt_lib_init_lc_time_1                  0x000002fb   Thumb Code     0  libinit2.o(.ARM.Collect$$libinit$$00000017)
    __rt_lib_init_rand_1                     0x000002fb   Thumb Code     0  libinit2.o(.ARM.Collect$$libinit$$0000000C)
    __rt_lib_init_return                     0x000002fb   Thumb Code     0  libinit2.o(.ARM.Collect$$libinit$$00000031)
    __rt_lib_init_signal_1                   0x000002fb   Thumb Code     0  libinit2.o(.ARM.Collect$$libinit$$0000001B)
    __rt_lib_init_stdio_1                    0x000002fb   Thumb Code     0  libinit2.o(.ARM.Collect$$libinit$$00000023)
    __rt_lib_init_user_alloc_1               0x000002fb   Thumb Code     0  libinit2.o(.ARM.Collect$$libinit$$0000000A)
    __rt_lib_shutdown                        0x000002fd   Thumb Code     0  libshutdown.o(.ARM.Collect$$libshutdown$$00000000)
    __rt_lib_shutdown_fp_trap_1              0x000002ff   Thumb Code     0  libshutdown2.o(.ARM.Collect$$libshutdown$$00000006)
    __rt_lib_shutdown_heap_1                 0x000002ff   Thumb Code     0  libshutdown2.o(.ARM.Collect$$libshutdown$$0000000E)
    __rt_lib_shutdown_return                 0x000002ff   Thumb Code     0  libshutdown2.o(.ARM.Collect$$libshutdown$$0000000F)
    __rt_lib_shutdown_signal_1               0x000002ff   Thumb Code     0  libshutdown2.o(.ARM.Collect$$libshutdown$$00000009)
    __rt_lib_shutdown_stdio_1                0x000002ff   Thumb Code     0  libshutdown2.o(.ARM.Collect$$libshutdown$$00000003)
    __rt_lib_shutdown_user_alloc_1           0x000002ff   Thumb Code     0  libshutdown2.o(.ARM.Collect$$libshutdown$$0000000B)
    __rt_entry                               0x00000301   Thumb Code     0  rtentry.o(.ARM.Collect$$rtentry$$00000000)
    __rt_entry_presh_1                       0x00000301   Thumb Code     0  rtentry2.o(.ARM.Collect$$rtentry$$00000002)
    __rt_entry_sh                            0x00000301   Thumb Code     0  rtentry4.o(.ARM.Collect$$rtentry$$00000004)
    __rt_entry_li                            0x00000307   Thumb Code     0  rtentry2.o(.ARM.Collect$$rtentry$$0000000A)
    __rt_entry_postsh_1                      0x00000307   Thumb Code     0  rtentry2.o(.ARM.Collect$$rtentry$$00000009)
    __rt_entry_main                          0x0000030b   Thumb Code     0  rtentry2.o(.ARM.Collect$$rtentry$$0000000D)
    __rt_entry_postli_1                      0x0000030b   Thumb Code     0  rtentry2.o(.ARM.Collect$$rtentry$$0000000C)
    __rt_exit                                0x00000313   Thumb Code     0  rtexit.o(.ARM.Collect$$rtexit$$00000000)
    __rt_exit_ls                             0x00000315   Thumb Code     0  rtexit2.o(.ARM.Collect$$rtexit$$00000003)
    __rt_exit_prels_1                        0x00000315   Thumb Code     0  rtexit2.o(.ARM.Collect$$rtexit$$00000002)
    __rt_exit_exit                           0x00000319   Thumb Code     0  rtexit2.o(.ARM.Collect$$rtexit$$00000004)
    DisableInterrupts                        0x00000321   Thumb Code     0  startup.o(.text)
    EnableInterrupts                         0x00000325   Thumb Code     0  startup.o(.text)
    StartCritical                            0x00000329   Thumb Code     0  startup.o(.text)
    EndCritical                              0x00000331   Thumb Code     0  startup.o(.text)
    WaitForInterrupt                         0x00000337   Thumb Code     0  startup.o(.text)
    __user_initial_stackheap                 0x0000033b   Thumb Code     0  startup.o(.text)
    Random_Init                              0x00000351   Thumb Code     0  random.o(.text)
    Random32                                 0x0000035b   Thumb Code     2  random.o(.text)
    Random                                   0x0000036d   Thumb Code     2  random.o(.text)
    LCD_OutDec                               0x00000391   Thumb Code     0  print.o(.text)
    LCD_OutFix                               0x000003c7   Thumb Code     0  print.o(.text)
    writecommand                             0x0000045d   Thumb Code     0  lcd.o(.text)
    writedata                                0x00000485   Thumb Code     0  lcd.o(.text)
    __aeabi_memcpy4                          0x000004ad   Thumb Code     0  rt_memcpy_w.o(.text)
    __aeabi_memcpy8                          0x000004ad   Thumb Code     0  rt_memcpy_w.o(.text)
    __rt_memcpy_w                            0x000004ad   Thumb Code   100  rt_memcpy_w.o(.text)
    _memcpy_lastbytes_aligned                0x000004f5   Thumb Code     0  rt_memcpy_w.o(.text)
    __use_two_region_memory                  0x00000511   Thumb Code     2  heapauxi.o(.text)
    __rt_heap_escrow$2region                 0x00000513   Thumb Code     2  heapauxi.o(.text)
    __rt_heap_expand$2region                 0x00000515   Thumb Code     2  heapauxi.o(.text)
    __user_setup_stackheap                   0x00000517   Thumb Code    74  sys_stackheap_outer.o(.text)
    exit                                     0x00000561   Thumb Code    12  exit.o(.text)
    __user_libspace                          0x0000056d   Thumb Code     8  libspace.o(.text)
    __user_perproc_libspace                  0x0000056d   Thumb Code     0  libspace.o(.text)
    __user_perthread_libspace                0x0000056d   Thumb Code     0  libspace.o(.text)
    _sys_exit                                0x00000575   Thumb Code     8  sys_exit.o(.text)
    __I$use$semihosting                      0x00000581   Thumb Code     0  use_no_semi.o(.text)
    __use_no_semihosting_swi                 0x00000581   Thumb Code     2  use_no_semi.o(.text)
    __semihosting_library_function           0x00000583   Thumb Code     0  indicate_semi.o(.text)
    ADC0_In                                  0x00000585   Thumb Code    48  adc.o(i.ADC0_In)
    ADC0_Init                                0x000005bd   Thumb Code   198  adc.o(i.ADC0_Init)
    ADC1_In                                  0x0000069d   Thumb Code     6  texas.o(i.ADC1_In)
    ADC1_Init                                0x000006a9   Thumb Code   170  texas.o(i.ADC1_Init)
    AI_AI2                                   0x00000781   Thumb Code   758  ai.o(i.AI_AI2)
    AI_Init                                  0x00000a7d   Thumb Code   208  ai.o(i.AI_Init)
    AI_Update                                0x00000b55   Thumb Code    26  ai.o(i.AI_Update)
    Character_Collision                      0x00000b75   Thumb Code   700  character.o(i.Character_Collision)
    Character_CollisionStatus                0x00000e31   Thumb Code   200  character.o(i.Character_CollisionStatus)
    Character_Draw                           0x00000f89   Thumb Code    56  character.o(i.Character_Draw)
    Character_DrawCharacters                 0x00000fc9   Thumb Code    64  character.o(i.Character_DrawCharacters)
    Character_UpdateCollisions               0x0000100d   Thumb Code   172  character.o(i.Character_UpdateCollisions)
    Character_UpdateCollisionsS              0x000010bd   Thumb Code   378  character.o(i.Character_UpdateCollisionsS)
    DAC_Init                                 0x00001245   Thumb Code   100  dac.o(i.DAC_Init)
    Delay1ms                                 0x000012c5   Thumb Code    32  st7735.o(i.Delay1ms)
    HotPotato_Burn                           0x000012e5   Thumb Code    64  hotpotato.o(i.HotPotato_Burn)
    HotPotato_Cooldown                       0x0000132d   Thumb Code    64  hotpotato.o(i.HotPotato_Cooldown)
    HotPotato_DrawStatus                     0x00001375   Thumb Code   102  hotpotato.o(i.HotPotato_DrawStatus)
    HotPotato_Eliminate                      0x000013fd   Thumb Code   112  hotpotato.o(i.HotPotato_Eliminate)
    HotPotato_Init                           0x00001475   Thumb Code    18  hotpotato.o(i.HotPotato_Init)
    HotPotato_SetIt                          0x00001489   Thumb Code    40  hotpotato.o(i.HotPotato_SetIt)
    HotPotato_Update                         0x000014b9   Thumb Code    20  hotpotato.o(i.HotPotato_Update)
    HotPotato_WhosIt                         0x000014cd   Thumb Code     8  hotpotato.o(i.HotPotato_WhosIt)
    Master_Funk                              0x000014d9   Thumb Code    62  tag.o(i.Master_Funk)
    Output_Init                              0x0000151d   Thumb Code    16  st7735.o(i.Output_Init)
    PLL_Init                                 0x0000152d   Thumb Code   118  texas.o(i.PLL_Init)
    Player_Init                              0x000015a9   Thumb Code    48  player.o(i.Player_Init)
    Player_Move                              0x000015e1   Thumb Code   306  player.o(i.Player_Move)
    Player_Update                            0x00001719   Thumb Code     8  player.o(i.Player_Update)
    ST7735_DrawBitmap                        0x00001721   Thumb Code   280  st7735.o(i.ST7735_DrawBitmap)
    ST7735_DrawCharS                         0x00001841   Thumb Code   232  st7735.o(i.ST7735_DrawCharS)
    ST7735_DrawPixel                         0x00001935   Thumb Code    64  st7735.o(i.ST7735_DrawPixel)
    ST7735_DrawString                        0x0000197d   Thumb Code    86  st7735.o(i.ST7735_DrawString)
    ST7735_FillRect                          0x000019d5   Thumb Code   164  st7735.o(i.ST7735_FillRect)
    ST7735_FillScreen                        0x00001a81   Thumb Code    28  st7735.o(i.ST7735_FillScreen)
    ST7735_InitR                             0x00001aa5   Thumb Code    90  st7735.o(i.ST7735_InitR)
    ST7735_OutChar                           0x00001b21   Thumb Code   176  st7735.o(i.ST7735_OutChar)
    ST7735_OutString                         0x00001bf5   Thumb Code    24  st7735.o(i.ST7735_OutString)
    ST7735_SetCursor                         0x00001c0d   Thumb Code    22  st7735.o(i.ST7735_SetCursor)
    Screen_Draw                              0x00001c2d   Thumb Code   234  screen.o(i.Screen_Draw)
    Screen_Move                              0x00001d45   Thumb Code   240  screen.o(i.Screen_Move)
    Screen_Update                            0x00001e51   Thumb Code    12  screen.o(i.Screen_Update)
    SetCode                                  0x00001e5d   Thumb Code    20  texas.o(i.SetCode)
    SetCourse                                0x00001e75   Thumb Code    20  texas.o(i.SetCourse)
    TExaS_Init                               0x00001e8d   Thumb Code   324  texas.o(i.TExaS_Init)
    Timer0A_Handler                          0x0000204d   Thumb Code    16  timer0.o(i.Timer0A_Handler)
    Timer0_Init                              0x00002065   Thumb Code    76  timer0.o(i.Timer0_Init)
    Timer1A_Handler                          0x000020c5   Thumb Code    16  timer1.o(i.Timer1A_Handler)
    Timer4A_Handler                          0x000020dd   Thumb Code    20  texas.o(i.Timer4A_Handler)
    Timer5A_Handler                          0x000020fd   Thumb Code    34  texas.o(i.Timer5A_Handler)
    UART0_Init                               0x0000212d   Thumb Code   160  texas.o(i.UART0_Init)
    main                                     0x000023c9   Thumb Code    68  tag.o(i.main)
    NoInputMsg                               0x0000249c   Data          40  texas.o(.constdata)
    OutputPortMsg0                           0x000024c4   Data          40  texas.o(.constdata)
    OutputPortMsg1                           0x000024ec   Data          40  texas.o(.constdata)
    OutputPortMsg2                           0x00002514   Data          40  texas.o(.constdata)
    OutputPortMsg3                           0x0000253c   Data          40  texas.o(.constdata)
    BlankMsg                                 0x00002564   Data          40  texas.o(.constdata)
    InitializedMsg                           0x0000258c   Data          40  texas.o(.constdata)
    IntroMsg                                 0x000025b4   Data          40  texas.o(.constdata)
    DoneMsg                                  0x000025dc   Data          40  texas.o(.constdata)
    dBfs                                     0x00002be6   Data         512  st7735.o(.constdata)
    map1                                     0x00002de6   Data         640  screen.o(.constdata)
    map2                                     0x00003066   Data        2560  screen.o(.constdata)
    map3                                     0x00003a66   Data        1280  screen.o(.constdata)
    tileX                                    0x00003f66   Data         128  screen.o(.constdata)
    tileO                                    0x00003fe6   Data         128  screen.o(.constdata)
    tileWhite                                0x00004066   Data         128  screen.o(.constdata)
    tileBlack                                0x000040e6   Data         128  screen.o(.constdata)
    Sprite                                   0x00004168   Data         108  bitmaps.o(.constdata)
    SmallEnemy10pointA                       0x000041d4   Data         320  bitmaps.o(.constdata)
    SmallEnemy10pointB                       0x00004314   Data         320  bitmaps.o(.constdata)
    SmallEnemy20pointA                       0x00004454   Data         320  bitmaps.o(.constdata)
    SmallEnemy20pointB                       0x00004594   Data         320  bitmaps.o(.constdata)
    SmallEnemy30pointA                       0x000046d4   Data         320  bitmaps.o(.constdata)
    SmallEnemy30pointB                       0x00004814   Data         320  bitmaps.o(.constdata)
    PlayerShip0                              0x00004954   Data         288  bitmaps.o(.constdata)
    Bunker0                                  0x00004a74   Data         180  bitmaps.o(.constdata)
    SmallPotato                              0x00004b28   Data         128  bitmaps.o(.constdata)
    Region$$Table$$Base                      0x00004ba8   Number         0  anon$$obj.o(Region$$Table)
    Region$$Table$$Limit                     0x00004bc8   Number         0  anon$$obj.o(Region$$Table)
    TExaS_Period                             0x20000000   Data           4  texas.o(.data)
    TExaS_Ports                              0x20000004   Data           8  texas.o(.data)
    Display                                  0x2000000c   Data           1  texas.o(.data)
    TExaS_Meter                              0x20000010   Data           4  texas.o(.data)
    ADCnum                                   0x20000014   Data           4  texas.o(.data)
    LastMode                                 0x20000018   Data           4  texas.o(.data)
    bFlag                                    0x2000001c   Data           4  texas.o(.data)
    Count                                    0x20000020   Data           4  texas.o(.data)
    DelayBetweenTests                        0x20000024   Data           4  texas.o(.data)
    TExaS_Test                               0x20000028   Data           4  texas.o(.data)
    ScopeMode                                0x2000002c   Data           4  texas.o(.data)
    ScopeCount                               0x20000030   Data           4  texas.o(.data)
    PeriodicTask0                            0x20000034   Data           4  timer0.o(.data)
    PeriodicTask1                            0x20000038   Data           4  timer1.o(.data)
    StX                                      0x2000003c   Data           4  st7735.o(.data)
    StY                                      0x20000040   Data           4  st7735.o(.data)
    StTextColor                              0x20000044   Data           2  st7735.o(.data)
    lastj                                    0x2000004c   Data           4  st7735.o(.data)
    Messageindex                             0x20000054   Data           4  st7735.o(.data)
    Ymax                                     0x20000058   Data           4  st7735.o(.data)
    Ymin                                     0x2000005c   Data           4  st7735.o(.data)
    X                                        0x20000060   Data           4  st7735.o(.data)
    Yrange                                   0x20000064   Data           4  st7735.o(.data)
    frameXCord                               0x20000068   Data           4  screen.o(.data)
    frameYCord                               0x2000006c   Data           4  screen.o(.data)
    screenWidth                              0x20000070   Data           4  screen.o(.data)
    screenHeight                             0x20000074   Data           4  screen.o(.data)
    mapWidth                                 0x20000078   Data           4  screen.o(.data)
    mapHeight                                0x2000007c   Data           4  screen.o(.data)
    it                                       0x20000080   Data           2  hotpotato.o(.data)
    TExaS                                    0x20000088   Data          56  texas.o(.bss)
    Characters                               0x200000c0   Data         112  character.o(.bss)
    __libspace_start                         0x20000130   Data          96  libspace.o(.bss)
    __temporary_stack_top$libspace           0x20000190   Data           0  libspace.o(.bss)



==============================================================================

Memory Map of the image

  Image Entry point : 0x0000026d

  Load Region LR_1 (Base: 0x00000000, Size: 0x00004c50, Max: 0xffffffff, ABSOLUTE)

    Execution Region ER_RO (Base: 0x00000000, Size: 0x00004bc8, Max: 0xffffffff, ABSOLUTE)

    Base Addr    Size         Type   Attr      Idx    E Section Name        Object

    0x00000000   0x00000284   Code   RO            3  * RESET               startup.o
    0x00000284   0x00000008   Code   RO          831  * !!!main             c_w.l(__main.o)
    0x0000028c   0x00000034   Code   RO          985    !!!scatter          c_w.l(__scatter.o)
    0x000002c0   0x0000001a   Code   RO          987    !!handler_copy      c_w.l(__scatter_copy.o)
    0x000002da   0x00000002   PAD
    0x000002dc   0x0000001c   Code   RO          989    !!handler_zi        c_w.l(__scatter_zi.o)
    0x000002f8   0x00000002   Code   RO          858    .ARM.Collect$$libinit$$00000000  c_w.l(libinit.o)
    0x000002fa   0x00000000   Code   RO          865    .ARM.Collect$$libinit$$00000002  c_w.l(libinit2.o)
    0x000002fa   0x00000000   Code   RO          868    .ARM.Collect$$libinit$$00000008  c_w.l(libinit2.o)
    0x000002fa   0x00000000   Code   RO          870    .ARM.Collect$$libinit$$0000000A  c_w.l(libinit2.o)
    0x000002fa   0x00000000   Code   RO          872    .ARM.Collect$$libinit$$0000000C  c_w.l(libinit2.o)
    0x000002fa   0x00000000   Code   RO          875    .ARM.Collect$$libinit$$0000000F  c_w.l(libinit2.o)
    0x000002fa   0x00000000   Code   RO          877    .ARM.Collect$$libinit$$00000011  c_w.l(libinit2.o)
    0x000002fa   0x00000000   Code   RO          879    .ARM.Collect$$libinit$$00000013  c_w.l(libinit2.o)
    0x000002fa   0x00000000   Code   RO          881    .ARM.Collect$$libinit$$00000015  c_w.l(libinit2.o)
    0x000002fa   0x00000000   Code   RO          883    .ARM.Collect$$libinit$$00000017  c_w.l(libinit2.o)
    0x000002fa   0x00000000   Code   RO          885    .ARM.Collect$$libinit$$00000019  c_w.l(libinit2.o)
    0x000002fa   0x00000000   Code   RO          887    .ARM.Collect$$libinit$$0000001B  c_w.l(libinit2.o)
    0x000002fa   0x00000000   Code   RO          889    .ARM.Collect$$libinit$$0000001D  c_w.l(libinit2.o)
    0x000002fa   0x00000000   Code   RO          891    .ARM.Collect$$libinit$$0000001F  c_w.l(libinit2.o)
    0x000002fa   0x00000000   Code   RO          893    .ARM.Collect$$libinit$$00000021  c_w.l(libinit2.o)
    0x000002fa   0x00000000   Code   RO          895    .ARM.Collect$$libinit$$00000023  c_w.l(libinit2.o)
    0x000002fa   0x00000000   Code   RO          899    .ARM.Collect$$libinit$$0000002A  c_w.l(libinit2.o)
    0x000002fa   0x00000000   Code   RO          901    .ARM.Collect$$libinit$$0000002C  c_w.l(libinit2.o)
    0x000002fa   0x00000000   Code   RO          903    .ARM.Collect$$libinit$$0000002E  c_w.l(libinit2.o)
    0x000002fa   0x00000000   Code   RO          905    .ARM.Collect$$libinit$$00000030  c_w.l(libinit2.o)
    0x000002fa   0x00000002   Code   RO          906    .ARM.Collect$$libinit$$00000031  c_w.l(libinit2.o)
    0x000002fc   0x00000002   Code   RO          926    .ARM.Collect$$libshutdown$$00000000  c_w.l(libshutdown.o)
    0x000002fe   0x00000000   Code   RO          940    .ARM.Collect$$libshutdown$$00000003  c_w.l(libshutdown2.o)
    0x000002fe   0x00000000   Code   RO          943    .ARM.Collect$$libshutdown$$00000006  c_w.l(libshutdown2.o)
    0x000002fe   0x00000000   Code   RO          946    .ARM.Collect$$libshutdown$$00000009  c_w.l(libshutdown2.o)
    0x000002fe   0x00000000   Code   RO          948    .ARM.Collect$$libshutdown$$0000000B  c_w.l(libshutdown2.o)
    0x000002fe   0x00000000   Code   RO          951    .ARM.Collect$$libshutdown$$0000000E  c_w.l(libshutdown2.o)
    0x000002fe   0x00000002   Code   RO          952    .ARM.Collect$$libshutdown$$0000000F  c_w.l(libshutdown2.o)
    0x00000300   0x00000000   Code   RO          833    .ARM.Collect$$rtentry$$00000000  c_w.l(rtentry.o)
    0x00000300   0x00000000   Code   RO          835    .ARM.Collect$$rtentry$$00000002  c_w.l(rtentry2.o)
    0x00000300   0x00000006   Code   RO          847    .ARM.Collect$$rtentry$$00000004  c_w.l(rtentry4.o)
    0x00000306   0x00000000   Code   RO          837    .ARM.Collect$$rtentry$$00000009  c_w.l(rtentry2.o)
    0x00000306   0x00000004   Code   RO          838    .ARM.Collect$$rtentry$$0000000A  c_w.l(rtentry2.o)
    0x0000030a   0x00000000   Code   RO          840    .ARM.Collect$$rtentry$$0000000C  c_w.l(rtentry2.o)
    0x0000030a   0x00000008   Code   RO          841    .ARM.Collect$$rtentry$$0000000D  c_w.l(rtentry2.o)
    0x00000312   0x00000002   Code   RO          862    .ARM.Collect$$rtexit$$00000000  c_w.l(rtexit.o)
    0x00000314   0x00000000   Code   RO          908    .ARM.Collect$$rtexit$$00000002  c_w.l(rtexit2.o)
    0x00000314   0x00000004   Code   RO          909    .ARM.Collect$$rtexit$$00000003  c_w.l(rtexit2.o)
    0x00000318   0x00000006   Code   RO          910    .ARM.Collect$$rtexit$$00000004  c_w.l(rtexit2.o)
    0x0000031e   0x00000002   PAD
    0x00000320   0x00000030   Code   RO            4    .text               startup.o
    0x00000350   0x00000040   Code   RO           13    .text               random.o
    0x00000390   0x000000cc   Code   RO          297    .text               print.o
    0x0000045c   0x00000050   Code   RO          566    .text               lcd.o
    0x000004ac   0x00000064   Code   RO          827    .text               c_w.l(rt_memcpy_w.o)
    0x00000510   0x00000006   Code   RO          829    .text               c_w.l(heapauxi.o)
    0x00000516   0x0000004a   Code   RO          849    .text               c_w.l(sys_stackheap_outer.o)
    0x00000560   0x0000000c   Code   RO          851    .text               c_w.l(exit.o)
    0x0000056c   0x00000008   Code   RO          859    .text               c_w.l(libspace.o)
    0x00000574   0x0000000c   Code   RO          918    .text               c_w.l(sys_exit.o)
    0x00000580   0x00000002   Code   RO          929    .text               c_w.l(use_no_semi.o)
    0x00000582   0x00000000   Code   RO          931    .text               c_w.l(indicate_semi.o)
    0x00000582   0x00000002   PAD
    0x00000584   0x00000038   Code   RO          161    i.ADC0_In           adc.o
    0x000005bc   0x000000e0   Code   RO          162    i.ADC0_Init         adc.o
    0x0000069c   0x0000000c   Code   RO           16    i.ADC1_In           texas.o
    0x000006a8   0x000000d8   Code   RO           17    i.ADC1_Init         texas.o
    0x00000780   0x000002fc   Code   RO          706    i.AI_AI2            ai.o
    0x00000a7c   0x000000d8   Code   RO          707    i.AI_Init           ai.o
    0x00000b54   0x00000020   Code   RO          708    i.AI_Update         ai.o
    0x00000b74   0x000002bc   Code   RO          642    i.Character_Collision  character.o
    0x00000e30   0x00000158   Code   RO          643    i.Character_CollisionStatus  character.o
    0x00000f88   0x00000040   Code   RO          644    i.Character_Draw    character.o
    0x00000fc8   0x00000044   Code   RO          645    i.Character_DrawCharacters  character.o
    0x0000100c   0x000000b0   Code   RO          646    i.Character_UpdateCollisions  character.o
    0x000010bc   0x00000188   Code   RO          647    i.Character_UpdateCollisionsS  character.o
    0x00001244   0x00000080   Code   RO          137    i.DAC_Init          dac.o
    0x000012c4   0x00000020   Code   RO          300    i.Delay1ms          st7735.o
    0x000012e4   0x00000048   Code   RO          741    i.HotPotato_Burn    hotpotato.o
    0x0000132c   0x00000048   Code   RO          742    i.HotPotato_Cooldown  hotpotato.o
    0x00001374   0x00000088   Code   RO          743    i.HotPotato_DrawStatus  hotpotato.o
    0x000013fc   0x00000078   Code   RO          744    i.HotPotato_Eliminate  hotpotato.o
    0x00001474   0x00000012   Code   RO          745    i.HotPotato_Init    hotpotato.o
    0x00001486   0x00000002   PAD
    0x00001488   0x00000030   Code   RO          746    i.HotPotato_SetIt   hotpotato.o
    0x000014b8   0x00000014   Code   RO          747    i.HotPotato_Update  hotpotato.o
    0x000014cc   0x0000000c   Code   RO          748    i.HotPotato_WhosIt  hotpotato.o
    0x000014d8   0x00000044   Code   RO          799    i.Master_Funk       tag.o
    0x0000151c   0x00000010   Code   RO          303    i.Output_Init       st7735.o
    0x0000152c   0x0000007c   Code   RO           18    i.PLL_Init          texas.o
    0x000015a8   0x00000038   Code   RO          569    i.Player_Init       player.o
    0x000015e0   0x00000138   Code   RO          570    i.Player_Move       player.o
    0x00001718   0x00000008   Code   RO          571    i.Player_Update     player.o
    0x00001720   0x00000120   Code   RO          307    i.ST7735_DrawBitmap  st7735.o
    0x00001840   0x000000f4   Code   RO          309    i.ST7735_DrawCharS  st7735.o
    0x00001934   0x00000048   Code   RO          312    i.ST7735_DrawPixel  st7735.o
    0x0000197c   0x00000056   Code   RO          313    i.ST7735_DrawString  st7735.o
    0x000019d2   0x00000002   PAD
    0x000019d4   0x000000ac   Code   RO          314    i.ST7735_FillRect   st7735.o
    0x00001a80   0x00000024   Code   RO          315    i.ST7735_FillScreen  st7735.o
    0x00001aa4   0x0000007c   Code   RO          317    i.ST7735_InitR      st7735.o
    0x00001b20   0x000000d4   Code   RO          319    i.ST7735_OutChar    st7735.o
    0x00001bf4   0x00000018   Code   RO          320    i.ST7735_OutString  st7735.o
    0x00001c0c   0x00000020   Code   RO          330    i.ST7735_SetCursor  st7735.o
    0x00001c2c   0x00000118   Code   RO          611    i.Screen_Draw       screen.o
    0x00001d44   0x0000010c   Code   RO          612    i.Screen_Move       screen.o
    0x00001e50   0x0000000c   Code   RO          613    i.Screen_Update     screen.o
    0x00001e5c   0x00000018   Code   RO           19    i.SetCode           texas.o
    0x00001e74   0x00000018   Code   RO           20    i.SetCourse         texas.o
    0x00001e8c   0x000001c0   Code   RO           24    i.TExaS_Init        texas.o
    0x0000204c   0x00000018   Code   RO          182    i.Timer0A_Handler   timer0.o
    0x00002064   0x00000060   Code   RO          183    i.Timer0_Init       timer0.o
    0x000020c4   0x00000018   Code   RO          203    i.Timer1A_Handler   timer1.o
    0x000020dc   0x00000020   Code   RO           26    i.Timer4A_Handler   texas.o
    0x000020fc   0x00000030   Code   RO           27    i.Timer5A_Handler   texas.o
    0x0000212c   0x000000c0   Code   RO           30    i.UART0_Init        texas.o
    0x000021ec   0x00000056   Code   RO          334    i.commandList       st7735.o
    0x00002242   0x00000002   PAD
    0x00002244   0x00000184   Code   RO          335    i.commonInit        st7735.o
    0x000023c8   0x0000004c   Code   RO          800    i.main              tag.o
    0x00002414   0x00000012   Code   RO          340    i.pushColor         st7735.o
    0x00002426   0x00000002   PAD
    0x00002428   0x00000074   Code   RO          341    i.setAddrWindow     st7735.o
    0x0000249c   0x00000168   Data   RO           35    .constdata          texas.o
    0x00002604   0x000007e2   Data   RO          343    .constdata          st7735.o
    0x00002de6   0x00001380   Data   RO          614    .constdata          screen.o
    0x00004166   0x00000002   PAD
    0x00004168   0x00000a40   Data   RO          693    .constdata          bitmaps.o
    0x00004ba8   0x00000020   Data   RO          983    Region$$Table       anon$$obj.o


    Execution Region ER_RW (Base: 0x20000000, Size: 0x00000088, Max: 0xffffffff, ABSOLUTE)

    Base Addr    Size         Type   Attr      Idx    E Section Name        Object

    0x20000000   0x00000034   Data   RW           36    .data               texas.o
    0x20000034   0x00000004   Data   RW          184    .data               timer0.o
    0x20000038   0x00000004   Data   RW          205    .data               timer1.o
    0x2000003c   0x0000002c   Data   RW          344    .data               st7735.o
    0x20000068   0x00000018   Data   RW          615    .data               screen.o
    0x20000080   0x00000002   Data   RW          749    .data               hotpotato.o
    0x20000082   0x00000002   PAD
    0x20000084   0x00000004   Data   RW           12    DATA                random.o


    Execution Region ER_ZI (Base: 0x20000088, Size: 0x00000508, Max: 0xffffffff, ABSOLUTE)

    Base Addr    Size         Type   Attr      Idx    E Section Name        Object

    0x20000088   0x00000038   Zero   RW           34    .bss                texas.o
    0x200000c0   0x00000070   Zero   RW          648    .bss                character.o
    0x20000130   0x00000060   Zero   RW          860    .bss                c_w.l(libspace.o)
    0x20000190   0x00000000   Zero   RW            2    HEAP                startup.o
    0x20000190   0x00000400   Zero   RW            1    STACK               startup.o


==============================================================================

Image component sizes


      Code (inc. data)   RO Data    RW Data    ZI Data      Debug   Object Name

       280         34          0          0          0       1162   adc.o
      1012         20          0          0          0       2187   ai.o
         0          0       2624          0          0       1507   bitmaps.o
      1744        184          0          0        112       4686   character.o
       128         28          0          0          0       3223   dac.o
       498         70          0          2          0       3693   hotpotato.o
        80         12          0          0          0        224   lcd.o
       376         14          0          0          0       2920   player.o
       204          2          0          0          0        264   print.o
        64         14          0          4          0        224   random.o
       560         74       4992         24          0       2443   screen.o
      1946        182       2018         44          0      13156   st7735.o
       692        632          0          0       1024        948   startup.o
       144         14          0          0          0        885   tag.o
      1120        248        360         52         56      17600   texas.o
       120         28          0          4          0       1376   timer0.o
        24          8          0          4          0        890   timer1.o

    ----------------------------------------------------------------------
      9000       1564      10028        136       1192      57388   Object Totals
         0          0         32          0          0          0   (incl. Generated)
         8          0          2          2          0          0   (incl. Padding)

    ----------------------------------------------------------------------

      Code (inc. data)   RO Data    RW Data    ZI Data      Debug   Library Member Name

         8          0          0          0          0         68   __main.o
        52          8          0          0          0          0   __scatter.o
        26          0          0          0          0          0   __scatter_copy.o
        28          0          0          0          0          0   __scatter_zi.o
        12          0          0          0          0         72   exit.o
         6          0          0          0          0        152   heapauxi.o
         0          0          0          0          0          0   indicate_semi.o
         2          0          0          0          0          0   libinit.o
         2          0          0          0          0          0   libinit2.o
         2          0          0          0          0          0   libshutdown.o
         2          0          0          0          0          0   libshutdown2.o
         8          4          0          0         96         68   libspace.o
       100          0          0          0          0         80   rt_memcpy_w.o
         0          0          0          0          0          0   rtentry.o
        12          0          0          0          0          0   rtentry2.o
         6          0          0          0          0          0   rtentry4.o
         2          0          0          0          0          0   rtexit.o
        10          0          0          0          0          0   rtexit2.o
        12          4          0          0          0         68   sys_exit.o
        74          0          0          0          0         80   sys_stackheap_outer.o
         2          0          0          0          0         68   use_no_semi.o

    ----------------------------------------------------------------------
       372         16          0          0         96        656   Library Totals
         6          0          0          0          0          0   (incl. Padding)

    ----------------------------------------------------------------------

      Code (inc. data)   RO Data    RW Data    ZI Data      Debug   Library Name

       366         16          0          0         96        656   c_w.l

    ----------------------------------------------------------------------
       372         16          0          0         96        656   Library Totals

    ----------------------------------------------------------------------

==============================================================================


      Code (inc. data)   RO Data    RW Data    ZI Data      Debug   

      9372       1580      10028        136       1288      54976   Grand Totals
      9372       1580      10028        136       1288      54976   ELF Image Totals
      9372       1580      10028        136          0          0   ROM Totals

==============================================================================

    Total RO  Size (Code + RO Data)                19400 (  18.95kB)
    Total RW  Size (RW Data + ZI Data)              1424 (   1.39kB)
    Total ROM Size (Code + RO Data + RW Data)      19536 (  19.08kB)

==============================================================================

