<html>
<body>
<pre>
<h1>µVision Build Log</h1>
<h2>Project:</h2>
C:\Users\Koger\Desktop\Super Cool EE319K Folder\students\bma862_mkd788\Lab10\Tag.uvproj
Project File Date:  05/05/2015

<h2>Output:</h2>
Rebuild target 'Tag'
assembling startup.s...
assembling random.s...
compiling TExaS.c...
compiling DAC.c...
compiling ADC.c...
compiling Timer0.c...
compiling Timer1.c...
compiling Sound.c...
assembling Print.s...
compiling ST7735.c...
assembling LCD.s...
compiling Player.c...
compiling Screen.c...
compiling Character.c...
compiling Bitmaps.c...
compiling AI.c...
compiling HotPotato.c...
compiling Tag.c...
compiling Timer2.c...
compiling MusicLibrary.c...
compiling Menu.c...
compiling Button0.c...
compiling SysTick.c...
compiling Powerup.c...
linking...
Program Size: Code=14032 RO-data=28380 RW-data=180 ZI-data=2084  
".\Tag.axf" - 0 Error(s), 0 Warning(s).
</pre>
</body>
</html>
sktop\\Super Cool EE319K Folder\\students\\bma862_mkd788\\Lab10\\Tag.axf" 
Connecting: Mode=JTAG, Speed=1000000Hz
Erase Done.
Programming Done.
Verify OK.
Load "C:\\Users\\Koger\\Desktop\\Super Cool EE319K Folder\\students\\bma862_mkd788\\Lab10\\Tag.axf" 
Connecting: Mode=JTAG, Speed=1000000Hz
Erase Done.
Programming Done.
Verify OK.
g HotPotato.c...
Character.h(45): warning:  #1295-D: Deprecated declaration Character_DrawCharacters - give arg types
  void Character_DrawCharacters();
HotPotato.c: 1 warning, 0 errors
compiling Tag.c...
Character.h(45): warning:  #1295-D: Deprecated declaration Character_DrawCharacters - give arg types
  void Character_DrawCharacters();
Tag.c: 1 warning, 0 errors
compiling Timer2.c...
compiling MusicLibrary.c...
compiling Menu.c...
Character.h(45): warning:  #1295-D: Deprecated declaration Character_DrawCharacters - give arg types
  void Character_DrawCharacters();
Menu.c: 1 warning, 0 errors
compiling Button0.c...
compiling SysTick.c...
compiling Powerup.c...
Character.h(45): warning:  #1295-D: Deprecated declaration Character_DrawCharacters - give arg types
  void Character_DrawCharacters();
Powerup.c: 1 warning, 0 errors
linking...
Program Size: Code=13944 RO-data=28380 RW-data=180 ZI-data=2084  
".\Tag.axf" - 0 Error(s), 8 Warning(s).
