ARM Linker, 5.03 [Build 76] [MDK-ARM Professional]

==============================================================================

Section Cross References

    startup.o(STACK) refers (Special) to heapauxi.o(.text) for __use_two_region_memory
    startup.o(HEAP) refers (Special) to heapauxi.o(.text) for __use_two_region_memory
    startup.o(RESET) refers (Special) to heapauxi.o(.text) for __use_two_region_memory
    startup.o(RESET) refers to startup.o(STACK) for StackMem
    startup.o(RESET) refers to button0.o(i.GPIOPortC_Handler) for GPIOPortC_Handler
    startup.o(RESET) refers to timer0.o(i.Timer0A_Handler) for Timer0A_Handler
    startup.o(RESET) refers to timer1.o(i.Timer1A_Handler) for Timer1A_Handler
    startup.o(RESET) refers to timer2.o(i.Timer2A_Handler) for Timer2A_Handler
    startup.o(RESET) refers to texas.o(i.Timer4A_Handler) for Timer4A_Handler
    startup.o(RESET) refers to texas.o(i.Timer5A_Handler) for Timer5A_Handler
    startup.o(RESET) refers to __main.o(!!!main) for __main
    startup.o(.text) refers (Special) to heapauxi.o(.text) for __use_two_region_memory
    startup.o(.text) refers to startup.o(HEAP) for HeapMem
    startup.o(.text) refers to startup.o(STACK) for StackMem
    random.o(.text) refers to random.o(DATA) for M
    texas.o(i.SetCode) refers to texas.o(.bss) for TExaS
    texas.o(i.SetCourse) refers to texas.o(.bss) for TExaS
    texas.o(i.SetMode) refers to texas.o(.bss) for TExaS
    texas.o(i.StartTimer4) refers to texas.o(.data) for ScopeCount
    texas.o(i.TExaS_Init) refers to texas.o(i.PLL_Init) for PLL_Init
    texas.o(i.TExaS_Init) refers to texas.o(i.SetCourse) for SetCourse
    texas.o(i.TExaS_Init) refers to texas.o(i.UART0_Init) for UART0_Init
    texas.o(i.TExaS_Init) refers to texas.o(i.SetCode) for SetCode
    texas.o(i.TExaS_Init) refers to texas.o(i.ADC1_Init) for ADC1_Init
    texas.o(i.TExaS_Init) refers to texas.o(.constdata) for IntroMsg
    texas.o(i.TExaS_Init) refers to texas.o(.bss) for TExaS
    texas.o(i.TExaS_Init) refers to texas.o(.data) for LastMode
    texas.o(i.Timer5A_Handler) refers to texas.o(i.ADC1_In) for ADC1_In
    texas.o(i.Timer5A_Handler) refers to texas.o(.data) for TExaS_Period
    timer0.o(i.Timer0A_Handler) refers to timer0.o(.data) for PeriodicTask0
    timer0.o(i.Timer0_Init) refers to timer0.o(.data) for PeriodicTask0
    timer1.o(i.Timer1A_Handler) refers to timer1.o(.data) for PeriodicTask1
    timer1.o(i.Timer1_Init) refers to timer1.o(.data) for PeriodicTask1
    sound.o(i.Music_Play) refers to sound.o(.data) for MusicWave
    sound.o(i.Music_Stop) refers to sound.o(.data) for MusicIndex
    sound.o(i.Music_Tropical) refers to sound.o(i.Music_Play) for Music_Play
    sound.o(i.Music_Tropical) refers to musiclibrary.o(.constdata) for tropical
    sound.o(i.Play) refers to dac.o(i.DAC_Out) for DAC_Out
    sound.o(i.Play) refers to sound.o(.data) for Counter
    sound.o(i.Sound_Explosion) refers to sound.o(i.Sound_Play) for Sound_Play
    sound.o(i.Sound_Explosion) refers to sound.o(.constdata) for explosion
    sound.o(i.Sound_Fastinvader1) refers to sound.o(i.Sound_Play) for Sound_Play
    sound.o(i.Sound_Fastinvader1) refers to sound.o(.constdata) for fastinvader1
    sound.o(i.Sound_Fastinvader2) refers to sound.o(i.Sound_Play) for Sound_Play
    sound.o(i.Sound_Fastinvader2) refers to sound.o(.constdata) for fastinvader2
    sound.o(i.Sound_Fastinvader3) refers to sound.o(i.Sound_Play) for Sound_Play
    sound.o(i.Sound_Fastinvader3) refers to sound.o(.constdata) for fastinvader3
    sound.o(i.Sound_Fastinvader4) refers to sound.o(i.Sound_Play) for Sound_Play
    sound.o(i.Sound_Fastinvader4) refers to sound.o(.constdata) for fastinvader4
    sound.o(i.Sound_Highpitch) refers to sound.o(i.Sound_Play) for Sound_Play
    sound.o(i.Sound_Highpitch) refers to sound.o(.constdata) for highpitch
    sound.o(i.Sound_Init) refers to dac.o(i.DAC_Init) for DAC_Init
    sound.o(i.Sound_Init) refers to sound.o(.data) for Counter
    sound.o(i.Sound_Killed) refers to sound.o(i.Sound_Play) for Sound_Play
    sound.o(i.Sound_Killed) refers to sound.o(.constdata) for invaderkilled
    sound.o(i.Sound_Play) refers to sound.o(.data) for Wave
    sound.o(i.Sound_Shoot) refers to sound.o(i.Sound_Play) for Sound_Play
    sound.o(i.Sound_Shoot) refers to sound.o(.constdata) for shoot
    print.o(.text) refers (Special) to st7735.o(i.ST7735_OutString) for ST7735_OutString
    print.o(.text) refers to st7735.o(i.ST7735_OutChar) for ST7735_OutChar
    st7735.o(i.Output_Clear) refers to st7735.o(i.ST7735_FillScreen) for ST7735_FillScreen
    st7735.o(i.Output_Color) refers to st7735.o(i.ST7735_SetTextColor) for ST7735_SetTextColor
    st7735.o(i.Output_Init) refers to st7735.o(i.ST7735_InitR) for ST7735_InitR
    st7735.o(i.Output_Init) refers to st7735.o(i.ST7735_FillScreen) for ST7735_FillScreen
    st7735.o(i.Output_Off) refers to st7735.o(i.Output_Clear) for Output_Clear
[...]
    rtentry2.o(.ARM.Collect$$rtentry$$00000008) refers to boardinit2.o(.text) for _platform_post_stackheap_init
    rtentry2.o(.ARM.Collect$$rtentry$$0000000A) refers to libinit.o(.ARM.Collect$$libinit$$00000000) for __rt_lib_init
    rtentry2.o(.ARM.Collect$$rtentry$$0000000B) refers to boardinit3.o(.text) for _platform_post_lib_init
    rtentry2.o(.ARM.Collect$$rtentry$$0000000D) refers to tag.o(i.main) for main
    rtentry2.o(.ARM.Collect$$rtentry$$0000000D) refers to exit.o(.text) for exit
    rtentry2.o(.ARM.exidx) refers to rtentry2.o(.ARM.Collect$$rtentry$$00000001) for .ARM.Collect$$rtentry$$00000001
    rtentry2.o(.ARM.exidx) refers to rtentry2.o(.ARM.Collect$$rtentry$$00000008) for .ARM.Collect$$rtentry$$00000008
    rtentry2.o(.ARM.exidx) refers to rtentry2.o(.ARM.Collect$$rtentry$$0000000A) for .ARM.Collect$$rtentry$$0000000A
    rtentry2.o(.ARM.exidx) refers to rtentry2.o(.ARM.Collect$$rtentry$$0000000B) for .ARM.Collect$$rtentry$$0000000B
    rtentry2.o(.ARM.exidx) refers to rtentry2.o(.ARM.Collect$$rtentry$$0000000D) for .ARM.Collect$$rtentry$$0000000D
    rtentry4.o(.ARM.Collect$$rtentry$$00000004) refers to sys_stackheap_outer.o(.text) for __user_setup_stackheap
    rtentry4.o(.ARM.exidx) refers to rtentry4.o(.ARM.Collect$$rtentry$$00000004) for .ARM.Collect$$rtentry$$00000004
    sys_stackheap_outer.o(.text) refers to libspace.o(.text) for __user_perproc_libspace
    sys_stackheap_outer.o(.text) refers to startup.o(.text) for __user_initial_stackheap
    exit.o(.text) refers to rtexit.o(.ARM.Collect$$rtexit$$00000000) for __rt_exit
    libinit.o(.ARM.Collect$$libinit$$00000000) refers (Special) to libinit2.o(.ARM.Collect$$libinit$$0000002C) for __rt_lib_init_alloca_1
    libinit.o(.ARM.Collect$$libinit$$00000000) refers (Special) to libinit2.o(.ARM.Collect$$libinit$$0000002A) for __rt_lib_init_argv_1
    libinit.o(.ARM.Collect$$libinit$$00000000) refers (Special) to libinit2.o(.ARM.Collect$$libinit$$00000019) for __rt_lib_init_atexit_1
    libinit.o(.ARM.Collect$$libinit$$00000000) refers (Special) to libinit2.o(.ARM.Collect$$libinit$$0000001F) for __rt_lib_init_clock_1
    libinit.o(.ARM.Collect$$libinit$$00000000) refers (Special) to libinit2.o(.ARM.Collect$$libinit$$00000030) for __rt_lib_init_cpp_1
    libinit.o(.ARM.Collect$$libinit$$00000000) refers (Special) to libinit2.o(.ARM.Collect$$libinit$$0000002E) for __rt_lib_init_exceptions_1
    libinit.o(.ARM.Collect$$libinit$$00000000) refers (Special) to libinit2.o(.ARM.Collect$$libinit$$00000002) for __rt_lib_init_fp_1
    libinit.o(.ARM.Collect$$libinit$$00000000) refers (Special) to libinit2.o(.ARM.Collect$$libinit$$0000001D) for __rt_lib_init_fp_trap_1
    libinit.o(.ARM.Collect$$libinit$$00000000) refers (Special) to libinit2.o(.ARM.Collect$$libinit$$00000021) for __rt_lib_init_getenv_1
    libinit.o(.ARM.Collect$$libinit$$00000000) refers (Special) to libinit2.o(.ARM.Collect$$libinit$$00000008) for __rt_lib_init_heap_1
    libinit.o(.ARM.Collect$$libinit$$00000000) refers (Special) to libinit2.o(.ARM.Collect$$libinit$$0000000F) for __rt_lib_init_lc_collate_1
    libinit.o(.ARM.Collect$$libinit$$00000000) refers (Special) to libinit2.o(.ARM.Collect$$libinit$$00000011) for __rt_lib_init_lc_ctype_1
    libinit.o(.ARM.Collect$$libinit$$00000000) refers (Special) to libinit2.o(.ARM.Collect$$libinit$$00000013) for __rt_lib_init_lc_monetary_1
    libinit.o(.ARM.Collect$$libinit$$00000000) refers (Special) to libinit2.o(.ARM.Collect$$libinit$$00000015) for __rt_lib_init_lc_numeric_1
    libinit.o(.ARM.Collect$$libinit$$00000000) refers (Special) to libinit2.o(.ARM.Collect$$libinit$$00000017) for __rt_lib_init_lc_time_1
    libinit.o(.ARM.Collect$$libinit$$00000000) refers (Special) to libinit2.o(.ARM.Collect$$libinit$$0000000C) for __rt_lib_init_rand_1
    libinit.o(.ARM.Collect$$libinit$$00000000) refers (Special) to libinit2.o(.ARM.Collect$$libinit$$00000031) for __rt_lib_init_return
    libinit.o(.ARM.Collect$$libinit$$00000000) refers (Special) to libinit2.o(.ARM.Collect$$libinit$$0000001B) for __rt_lib_init_signal_1
    libinit.o(.ARM.Collect$$libinit$$00000000) refers (Special) to libinit2.o(.ARM.Collect$$libinit$$00000023) for __rt_lib_init_stdio_1
    libinit.o(.ARM.Collect$$libinit$$00000000) refers (Special) to libinit2.o(.ARM.Collect$$libinit$$0000000A) for __rt_lib_init_user_alloc_1
    libspace.o(.text) refers to libspace.o(.bss) for __libspace_start
    rtexit.o(.ARM.Collect$$rtexit$$00000000) refers (Special) to rtexit2.o(.ARM.Collect$$rtexit$$00000004) for __rt_exit_exit
    rtexit.o(.ARM.Collect$$rtexit$$00000000) refers (Special) to rtexit2.o(.ARM.Collect$$rtexit$$00000003) for __rt_exit_ls
    rtexit.o(.ARM.Collect$$rtexit$$00000000) refers (Special) to rtexit2.o(.ARM.Collect$$rtexit$$00000002) for __rt_exit_prels_1
    rtexit.o(.ARM.exidx) refers (Special) to rtexit2.o(.ARM.Collect$$rtexit$$00000004) for __rt_exit_exit
    rtexit.o(.ARM.exidx) refers (Special) to rtexit2.o(.ARM.Collect$$rtexit$$00000003) for __rt_exit_ls
    rtexit.o(.ARM.exidx) refers (Special) to rtexit2.o(.ARM.Collect$$rtexit$$00000002) for __rt_exit_prels_1
    rtexit.o(.ARM.exidx) refers to rtexit.o(.ARM.Collect$$rtexit$$00000000) for .ARM.Collect$$rtexit$$00000000
    libinit2.o(.ARM.Collect$$libinit$$0000000E) refers to libinit2.o(.ARM.Collect$$libinit$$0000000D) for .ARM.Collect$$libinit$$0000000D
    libinit2.o(.ARM.Collect$$libinit$$00000010) refers to libinit2.o(.ARM.Collect$$libinit$$0000000D) for .ARM.Collect$$libinit$$0000000D
    libinit2.o(.ARM.Collect$$libinit$$00000012) refers to libinit2.o(.ARM.Collect$$libinit$$0000000D) for .ARM.Collect$$libinit$$0000000D
    libinit2.o(.ARM.Collect$$libinit$$00000014) refers to libinit2.o(.ARM.Collect$$libinit$$0000000D) for .ARM.Collect$$libinit$$0000000D
    libinit2.o(.ARM.Collect$$libinit$$00000016) refers to libinit2.o(.ARM.Collect$$libinit$$0000000D) for .ARM.Collect$$libinit$$0000000D
    libinit2.o(.ARM.Collect$$libinit$$00000024) refers to argv_veneer.o(.emb_text) for __ARM_argv_veneer
    libinit2.o(.ARM.Collect$$libinit$$00000025) refers to argv_veneer.o(.emb_text) for __ARM_argv_veneer
    rtexit2.o(.ARM.Collect$$rtexit$$00000003) refers to libshutdown.o(.ARM.Collect$$libshutdown$$00000000) for __rt_lib_shutdown
    rtexit2.o(.ARM.Collect$$rtexit$$00000004) refers to sys_exit.o(.text) for _sys_exit
    rtexit2.o(.ARM.exidx) refers to rtexit2.o(.ARM.Collect$$rtexit$$00000001) for .ARM.Collect$$rtexit$$00000001
    rtexit2.o(.ARM.exidx) refers to rtexit2.o(.ARM.Collect$$rtexit$$00000003) for .ARM.Collect$$rtexit$$00000003
    rtexit2.o(.ARM.exidx) refers to rtexit2.o(.ARM.Collect$$rtexit$$00000004) for .ARM.Collect$$rtexit$$00000004
    argv_veneer.o(.emb_text) refers to no_argv.o(.text) for __ARM_get_argv
    sys_exit.o(.text) refers (Special) to use_no_semi.o(.text) for __I$use$semihosting
    sys_exit.o(.text) refers (Special) to indicate_semi.o(.text) for __semihosting_library_function
    _get_argv_nomalloc.o(.text) refers (Special) to hrguard.o(.text) for __heap_region$guard
    _get_argv_nomalloc.o(.text) refers to defsig_rtmem_outer.o(.text) for __rt_SIGRTMEM
    _get_argv_nomalloc.o(.text) refers to sys_command.o(.text) for _sys_command_string
    libshutdown.o(.ARM.Collect$$libshutdown$$00000000) refers (Special) to libshutdown2.o(.ARM.Collect$$libshutdown$$00000006) for __rt_lib_shutdown_fp_trap_1
    libshutdown.o(.ARM.Collect$$libshutdown$$00000000) refers (Special) to libshutdown2.o(.ARM.Collect$$libshutdown$$0000000E) for __rt_lib_shutdown_heap_1
    libshutdown.o(.ARM.Collect$$libshutdown$$00000000) refers (Special) to libshutdown2.o(.ARM.Collect$$libshutdown$$0000000F) for __rt_lib_shutdown_return
    libshutdown.o(.ARM.Collect$$libshutdown$$00000000) refers (Special) to libshutdown2.o(.ARM.Collect$$libshutdown$$00000009) for __rt_lib_shutdown_signal_1
    libshutdown.o(.ARM.Collect$$libshutdown$$00000000) refers (Special) to libshutdown2.o(.ARM.Collect$$libshutdown$$00000003) for __rt_lib_shutdown_stdio_1
    libshutdown.o(.ARM.Collect$$libshutdown$$00000000) refers (Special) to libshutdown2.o(.ARM.Collect$$libshutdown$$0000000B) for __rt_lib_shutdown_user_alloc_1
    sys_command.o(.text) refers (Special) to use_no_semi.o(.text) for __I$use$semihosting
    sys_command.o(.text) refers (Special) to indicate_semi.o(.text) for __semihosting_library_function
    defsig_rtmem_outer.o(.text) refers to defsig_rtmem_inner.o(.text) for __rt_SIGRTMEM_inner
    defsig_rtmem_outer.o(.text) refers to defsig_exit.o(.text) for __sig_exit
    defsig_rtmem_formal.o(.text) refers to rt_raise.o(.text) for __rt_raise
    rt_raise.o(.text) refers to __raise.o(.text) for __raise
    rt_raise.o(.text) refers to sys_exit.o(.text) for _sys_exit
    defsig_exit.o(.text) refers to sys_exit.o(.text) for _sys_exit
    defsig_rtmem_inner.o(.text) refers to defsig_general.o(.text) for __default_signal_display
    __raise.o(.text) refers to defsig.o(CL$$defsig) for __default_signal_handler
    defsig_general.o(.text) refers to sys_wrch.o(.text) for _ttywrch
    sys_wrch.o(.text) refers (Special) to use_no_semi.o(.text) for __I$use$semihosting
    sys_wrch.o(.text) refers (Special) to indicate_semi.o(.text) for __semihosting_library_function
    defsig.o(CL$$defsig) refers to defsig_rtmem_inner.o(.text) for __rt_SIGRTMEM_inner
    defsig_abrt_inner.o(.text) refers to defsig_general.o(.text) for __default_signal_display
    defsig_fpe_inner.o(.text) refers to defsig_general.o(.text) for __default_signal_display
    defsig_rtred_inner.o(.text) refers to defsig_general.o(.text) for __default_signal_display
    defsig_stak_inner.o(.text) refers to defsig_general.o(.text) for __default_signal_display
    defsig_pvfn_inner.o(.text) refers to defsig_general.o(.text) for __default_signal_display
    defsig_cppl_inner.o(.text) refers to defsig_general.o(.text) for __default_signal_display
    defsig_segv_inner.o(.text) refers to defsig_general.o(.text) for __default_signal_display
    defsig_other.o(.text) refers to defsig_general.o(.text) for __default_signal_display


==============================================================================

Removing Unused input sections from the image.

    Removing texas.o(i.SetMode), (24 bytes).
    Removing texas.o(i.StartTimer4), (36 bytes).
    Removing texas.o(i.StopTimer4), (24 bytes).
    Removing texas.o(i.TExaS_Stop), (28 bytes).
    Removing texas.o(i.UART0_InChar), (24 bytes).
    Removing texas.o(i.UART0_InCharNonBlocking), (28 bytes).
    Removing texas.o(i.UART0_OutChar), (24 bytes).
    Removing texas.o(i.UART0_OutCharNonBlock), (12 bytes).
    Removing texas.o(i.copy), (18 bytes).
    Removing adc.o(.data), (4 bytes).
    Removing timer1.o(i.Timer1_Init), (96 bytes).
    Removing sound.o(i.Sound_Explosion), (20 bytes).
    Removing sound.o(i.Sound_Fastinvader1), (20 bytes).
    Removing sound.o(i.Sound_Fastinvader2), (20 bytes).
    Removing sound.o(i.Sound_Fastinvader3), (20 bytes).
    Removing sound.o(i.Sound_Fastinvader4), (20 bytes).
    Removing sound.o(i.Sound_Highpitch), (20 bytes).
    Removing sound.o(i.Sound_Killed), (20 bytes).
    Removing st7735.o(i.Output_Clear), (10 bytes).
    Removing st7735.o(i.Output_Color), (12 bytes).
    Removing st7735.o(i.Output_Off), (8 bytes).
    Removing st7735.o(i.Output_On), (8 bytes).
    Removing st7735.o(i.ST7735_Color565), (24 bytes).
    Removing st7735.o(i.ST7735_DrawChar), (268 bytes).
    Removing st7735.o(i.ST7735_DrawFastHLine), (124 bytes).
    Removing st7735.o(i.ST7735_DrawFastVLine), (124 bytes).
    Removing st7735.o(i.ST7735_InitB), (40 bytes).
    Removing st7735.o(i.ST7735_InvertDisplay), (22 bytes).
    Removing st7735.o(i.ST7735_OutUDec), (140 bytes).
    Removing st7735.o(i.ST7735_PlotBar), (88 bytes).
    Removing st7735.o(i.ST7735_PlotClear), (92 bytes).
    Removing st7735.o(i.ST7735_PlotLine), (264 bytes).
    Removing st7735.o(i.ST7735_PlotNext), (32 bytes).
    Removing st7735.o(i.ST7735_PlotNextErase), (64 bytes).
    Removing st7735.o(i.ST7735_PlotPoint), (152 bytes).
    Removing st7735.o(i.ST7735_PlotPoints), (172 bytes).
    Removing st7735.o(i.ST7735_PlotdBfs), (60 bytes).
    Removing st7735.o(i.ST7735_SetRotation), (212 bytes).
    Removing st7735.o(i.ST7735_SetTextColor), (12 bytes).
    Removing st7735.o(i.ST7735_SwapColor), (18 bytes).
    Removing st7735.o(i.ferror), (8 bytes).
    Removing st7735.o(i.fgetc), (6 bytes).
    Removing st7735.o(i.fillmessage), (72 bytes).
    Removing st7735.o(i.fputc), (16 bytes).
    Removing st7735.o(.bss), (12 bytes).
    Removing ai.o(i.AI_AI1), (224 bytes).
    Removing tag.o(i.Delay100ms), (36 bytes).
    Removing tag.o(i.SoundTest), (84 bytes).

48 unused section(s) (total 2862 bytes) removed from the image.

==============================================================================

Image Symbol Table

    Local Symbols

    Symbol Name                              Value     Ov Type        Size  Object(Section)

    RESET                                    0x00000000   Section      644  startup.o(RESET)
    ../clib/angel/boardlib.s                 0x00000000   Number         0  boardinit2.o ABSOLUTE
    ../clib/angel/boardlib.s                 0x00000000   Number         0  boardinit1.o ABSOLUTE
    ../clib/angel/boardlib.s                 0x00000000   Number         0  boardshut.o ABSOLUTE
    ../clib/angel/boardlib.s                 0x00000000   Number         0  boardinit3.o ABSOLUTE
    ../clib/angel/handlers.s                 0x00000000   Number         0  __scatter_copy.o ABSOLUTE
    ../clib/angel/handlers.s                 0x00000000   Number         0  __scatter_zi.o ABSOLUTE
    ../clib/angel/kernel.s                   0x00000000   Number         0  rtentry.o ABSOLUTE
    ../clib/angel/kernel.s                   0x00000000   Number         0  rtexit2.o ABSOLUTE
    ../clib/angel/kernel.s                   0x00000000   Number         0  rtentry2.o ABSOLUTE
    ../clib/angel/kernel.s                   0x00000000   Number         0  rtentry4.o ABSOLUTE
    ../clib/angel/kernel.s                   0x00000000   Number         0  rtexit.o ABSOLUTE
    ../clib/angel/rt.s                       0x00000000   Number         0  rt_raise.o ABSOLUTE
    ../clib/angel/scatter.s                  0x00000000   Number         0  __scatter.o ABSOLUTE
    ../clib/angel/startup.s                  0x00000000   Number         0  __main.o ABSOLUTE
    ../clib/angel/sys.s                      0x00000000   Number         0  indicate_semi.o ABSOLUTE
    ../clib/angel/sys.s                      0x00000000   Number         0  use_no_semi.o ABSOLUTE
    ../clib/angel/sys.s                      0x00000000   Number         0  libspace.o ABSOLUTE
    ../clib/angel/sys.s                      0x00000000   Number         0  sys_stackheap_outer.o ABSOLUTE
    ../clib/angel/sysapp.c                   0x00000000   Number         0  sys_exit.o ABSOLUTE
    ../clib/angel/sysapp.c                   0x00000000   Number         0  sys_command.o ABSOLUTE
    ../clib/angel/sysapp.c                   0x00000000   Number         0  sys_wrch.o ABSOLUTE
    ../clib/armsys.c                         0x00000000   Number         0  _get_argv_nomalloc.o ABSOLUTE
    ../clib/armsys.c                         0x00000000   Number         0  no_argv.o ABSOLUTE
    ../clib/armsys.c                         0x00000000   Number         0  argv_veneer.o ABSOLUTE
    ../clib/armsys.c                         0x00000000   Number         0  argv_veneer.o ABSOLUTE
    ../clib/heapalloc.c                      0x00000000   Number         0  hrguard.o ABSOLUTE
    ../clib/heapaux.c                        0x00000000   Number         0  heapauxi.o ABSOLUTE
    ../clib/libinit.s                        0x00000000   Number         0  libinit2.o ABSOLUTE
    ../clib/libinit.s                        0x00000000   Number         0  libshutdown2.o ABSOLUTE
    ../clib/libinit.s                        0x00000000   Number         0  libinit.o ABSOLUTE
    ../clib/libinit.s                        0x00000000   Number         0  libshutdown.o ABSOLUTE
    ../clib/memcpset.s                       0x00000000   Number         0  rt_memcpy_w.o ABSOLUTE
    ../clib/signal.c                         0x00000000   Number         0  defsig_rtmem_formal.o ABSOLUTE
    ../clib/signal.c                         0x00000000   Number         0  defsig_rtmem_outer.o ABSOLUTE
    ../clib/signal.c                         0x00000000   Number         0  __raise.o ABSOLUTE
    ../clib/signal.c                         0x00000000   Number         0  defsig_rtmem_inner.o ABSOLUTE
    ../clib/signal.c                         0x00000000   Number         0  defsig_exit.o ABSOLUTE
    ../clib/signal.c                         0x00000000   Number         0  defsig_rtred_inner.o ABSOLUTE
    ../clib/signal.c                         0x00000000   Number         0  defsig_other.o ABSOLUTE
    ../clib/signal.c                         0x00000000   Number         0  defsig_segv_inner.o ABSOLUTE
    ../clib/signal.c                         0x00000000   Number         0  defsig_cppl_inner.o ABSOLUTE
    ../clib/signal.c                         0x00000000   Number         0  defsig_pvfn_inner.o ABSOLUTE
    ../clib/signal.c                         0x00000000   Number         0  defsig_stak_inner.o ABSOLUTE
    ../clib/signal.c                         0x00000000   Number         0  defsig_fpe_inner.o ABSOLUTE
    ../clib/signal.c                         0x00000000   Number         0  defsig_abrt_inner.o ABSOLUTE
    ../clib/signal.c                         0x00000000   Number         0  defsig_general.o ABSOLUTE
    ../clib/signal.s                         0x00000000   Number         0  defsig.o ABSOLUTE
    ../clib/stdlib.c                         0x00000000   Number         0  exit.o ABSOLUTE
    ../fplib/fpinit.s                        0x00000000   Number         0  fpinit.o ABSOLUTE
    ADC.c                                    0x00000000   Number         0  adc.o ABSOLUTE
    AI.c                                     0x00000000   Number         0  ai.o ABSOLUTE
    Bitmaps.c                                0x00000000   Number         0  bitmaps.o ABSOLUTE
    Button0.c                                0x00000000   Number         0  button0.o ABSOLUTE
    Character.c                              0x00000000   Number         0  character.o ABSOLUTE
    DAC.c                                    0x00000000   Number         0  dac.o ABSOLUTE
    HotPotato.c                              0x00000000   Number         0  hotpotato.o ABSOLUTE
    LCD.s                                    0x00000000   Number         0  lcd.o ABSOLUTE
    Menu.c                                   0x00000000   Number         0  menu.o ABSOLUTE
    MusicLibrary.c                           0x00000000   Number         0  musiclibrary.o ABSOLUTE
    Player.c                                 0x00000000   Number         0  player.o ABSOLUTE
    Print.s                                  0x00000000   Number         0  print.o ABSOLUTE
    ST7735.c                                 0x00000000   Number         0  st7735.o ABSOLUTE
    Screen.c                                 0x00000000   Number         0  screen.o ABSOLUTE
    Sound.c                                  0x00000000   Number         0  sound.o ABSOLUTE
    TExaS.c                                  0x00000000   Number         0  texas.o ABSOLUTE
    Tag.c                                    0x00000000   Number         0  tag.o ABSOLUTE
    Timer0.c                                 0x00000000   Number         0  timer0.o ABSOLUTE
    Timer1.c                                 0x00000000   Number         0  timer1.o ABSOLUTE
    Timer2.c                                 0x00000000   Number         0  timer2.o ABSOLUTE
    dc.s                                     0x00000000   Number         0  dc.o ABSOLUTE
    random.s                                 0x00000000   Number         0  random.o ABSOLUTE
    startup.s                                0x00000000   Number         0  startup.o ABSOLUTE
    !!!main                                  0x00000284   Section        8  __main.o(!!!main)
    !!!scatter                               0x0000028c   Section       52  __scatter.o(!!!scatter)
    !!handler_copy                           0x000002c0   Section       26  __scatter_copy.o(!!handler_copy)
    !!handler_zi                             0x000002dc   Section       28  __scatter_zi.o(!!handler_zi)
    .ARM.Collect$$libinit$$00000000          0x000002f8   Section        2  libinit.o(.ARM.Collect$$libinit$$00000000)
    .ARM.Collect$$libinit$$00000002          0x000002fa   Section        0  libinit2.o(.ARM.Collect$$libinit$$00000002)
    .ARM.Collect$$libinit$$00000008          0x000002fa   Section        0  libinit2.o(.ARM.Collect$$libinit$$00000008)
    .ARM.Collect$$libinit$$0000000A          0x000002fa   Section        0  libinit2.o(.ARM.Collect$$libinit$$0000000A)
    .ARM.Collect$$libinit$$0000000C          0x000002fa   Section        0  libinit2.o(.ARM.Collect$$libinit$$0000000C)
    .ARM.Collect$$libinit$$0000000F          0x000002fa   Section        0  libinit2.o(.ARM.Collect$$libinit$$0000000F)
    .ARM.Collect$$libinit$$00000011          0x000002fa   Section        0  libinit2.o(.ARM.Collect$$libinit$$00000011)
    .ARM.Collect$$libinit$$00000013          0x000002fa   Section        0  libinit2.o(.ARM.Collect$$libinit$$00000013)
    .ARM.Collect$$libinit$$00000015          0x000002fa   Section        0  libinit2.o(.ARM.Collect$$libinit$$00000015)
    .ARM.Collect$$libinit$$00000017          0x000002fa   Section        0  libinit2.o(.ARM.Collect$$libinit$$00000017)
    .ARM.Collect$$libinit$$00000019          0x000002fa   Section        0  libinit2.o(.ARM.Collect$$libinit$$00000019)
    .ARM.Collect$$libinit$$0000001B          0x000002fa   Section        0  libinit2.o(.ARM.Collect$$libinit$$0000001B)
    .ARM.Collect$$libinit$$0000001D          0x000002fa   Section        0  libinit2.o(.ARM.Collect$$libinit$$0000001D)
    .ARM.Collect$$libinit$$0000001F          0x000002fa   Section        0  libinit2.o(.ARM.Collect$$libinit$$0000001F)
    .ARM.Collect$$libinit$$00000021          0x000002fa   Section        0  libinit2.o(.ARM.Collect$$libinit$$00000021)
    .ARM.Collect$$libinit$$00000023          0x000002fa   Section        0  libinit2.o(.ARM.Collect$$libinit$$00000023)
    .ARM.Collect$$libinit$$0000002A          0x000002fa   Section        0  libinit2.o(.ARM.Collect$$libinit$$0000002A)
    .ARM.Collect$$libinit$$0000002C          0x000002fa   Section        0  libinit2.o(.ARM.Collect$$libinit$$0000002C)
    .ARM.Collect$$libinit$$0000002E          0x000002fa   Section        0  libinit2.o(.ARM.Collect$$libinit$$0000002E)
    .ARM.Collect$$libinit$$00000030          0x000002fa   Section        0  libinit2.o(.ARM.Collect$$libinit$$00000030)
    .ARM.Collect$$libinit$$00000031          0x000002fa   Section        2  libinit2.o(.ARM.Collect$$libinit$$00000031)
    .ARM.Collect$$libshutdown$$00000000      0x000002fc   Section        2  libshutdown.o(.ARM.Collect$$libshutdown$$00000000)
    .ARM.Collect$$libshutdown$$00000003      0x000002fe   Section        0  libshutdown2.o(.ARM.Collect$$libshutdown$$00000003)
    .ARM.Collect$$libshutdown$$00000006      0x000002fe   Section        0  libshutdown2.o(.ARM.Collect$$libshutdown$$00000006)
    .ARM.Collect$$libshutdown$$00000009      0x000002fe   Section        0  libshutdown2.o(.ARM.Collect$$libshutdown$$00000009)
    .ARM.Collect$$libshutdown$$0000000B      0x000002fe   Section        0  libshutdown2.o(.ARM.Collect$$libshutdown$$0000000B)
    .ARM.Collect$$libshutdown$$0000000E      0x000002fe   Section        0  libshutdown2.o(.ARM.Collect$$libshutdown$$0000000E)
    .ARM.Collect$$libshutdown$$0000000F      0x000002fe   Section        2  libshutdown2.o(.ARM.Collect$$libshutdown$$0000000F)
    .ARM.Collect$$rtentry$$00000000          0x00000300   Section        0  rtentry.o(.ARM.Collect$$rtentry$$00000000)
    .ARM.Collect$$rtentry$$00000002          0x00000300   Section        0  rtentry2.o(.ARM.Collect$$rtentry$$00000002)
    .ARM.Collect$$rtentry$$00000004          0x00000300   Section        6  rtentry4.o(.ARM.Collect$$rtentry$$00000004)
    .ARM.Collect$$rtentry$$00000009          0x00000306   Section        0  rtentry2.o(.ARM.Collect$$rtentry$$00000009)
    .ARM.Collect$$rtentry$$0000000A          0x00000306   Section        4  rtentry2.o(.ARM.Collect$$rtentry$$0000000A)
    .ARM.Collect$$rtentry$$0000000C          0x0000030a   Section        0  rtentry2.o(.ARM.Collect$$rtentry$$0000000C)
    .ARM.Collect$$rtentry$$0000000D          0x0000030a   Section        8  rtentry2.o(.ARM.Collect$$rtentry$$0000000D)
    .ARM.Collect$$rtexit$$00000000           0x00000312   Section        2  rtexit.o(.ARM.Collect$$rtexit$$00000000)
    .ARM.Collect$$rtexit$$00000002           0x00000314   Section        0  rtexit2.o(.ARM.Collect$$rtexit$$00000002)
    .ARM.Collect$$rtexit$$00000003           0x00000314   Section        4  rtexit2.o(.ARM.Collect$$rtexit$$00000003)
    .ARM.Collect$$rtexit$$00000004           0x00000318   Section        6  rtexit2.o(.ARM.Collect$$rtexit$$00000004)
    .text                                    0x00000320   Section       48  startup.o(.text)
    .text                                    0x00000350   Section       64  random.o(.text)
    .text                                    0x00000390   Section      204  print.o(.text)
    .text                                    0x0000045c   Section       80  lcd.o(.text)
    .text                                    0x000004ac   Section      100  rt_memcpy_w.o(.text)
    .text                                    0x00000510   Section        0  heapauxi.o(.text)
    .text                                    0x00000516   Section       74  sys_stackheap_outer.o(.text)
    .text                                    0x00000560   Section        0  exit.o(.text)
    .text                                    0x0000056c   Section        8  libspace.o(.text)
    .text                                    0x00000574   Section        0  sys_exit.o(.text)
    .text                                    0x00000580   Section        2  use_no_semi.o(.text)
    .text                                    0x00000582   Section        0  indicate_semi.o(.text)
    i.ADC0_In                                0x00000584   Section        0  adc.o(i.ADC0_In)
    i.ADC0_Init                              0x000005bc   Section        0  adc.o(i.ADC0_Init)
    i.ADC1_In                                0x0000069c   Section        0  texas.o(i.ADC1_In)
    i.ADC1_Init                              0x000006a8   Section        0  texas.o(i.ADC1_Init)
    i.AI_AI2                                 0x00000780   Section        0  ai.o(i.AI_AI2)
    i.AI_Init                                0x00000a7c   Section        0  ai.o(i.AI_Init)
    i.AI_Update                              0x00000b54   Section        0  ai.o(i.AI_Update)
    i.Button0_Init                           0x00000b74   Section        0  button0.o(i.Button0_Init)
    i.Button0_Pressed                        0x00000c24   Section        0  button0.o(i.Button0_Pressed)
    i.Character_Collision                    0x00000c3c   Section        0  character.o(i.Character_Collision)
    i.Character_CollisionStatus              0x00000ef8   Section        0  character.o(i.Character_CollisionStatus)
    i.Character_Draw                         0x00001050   Section        0  character.o(i.Character_Draw)
    i.Character_DrawCharacters               0x00001090   Section        0  character.o(i.Character_DrawCharacters)
    i.Character_UpdateCollisions             0x000010d4   Section        0  character.o(i.Character_UpdateCollisions)
    i.Character_UpdateCollisionsS            0x00001184   Section        0  character.o(i.Character_UpdateCollisionsS)
    i.DAC_Init                               0x0000130c   Section        0  dac.o(i.DAC_Init)
    i.DAC_Out                                0x0000138c   Section        0  dac.o(i.DAC_Out)
    i.Delay1ms                               0x000013a4   Section        0  st7735.o(i.Delay1ms)
    i.GPIOPortC_Handler                      0x000013c4   Section        0  button0.o(i.GPIOPortC_Handler)
    i.HotPotato_Burn                         0x000013e8   Section        0  hotpotato.o(i.HotPotato_Burn)
    i.HotPotato_Cooldown                     0x00001430   Section        0  hotpotato.o(i.HotPotato_Cooldown)
    i.HotPotato_DrawStatus                   0x00001478   Section        0  hotpotato.o(i.HotPotato_DrawStatus)
    i.HotPotato_Eliminate                    0x0000150c   Section        0  hotpotato.o(i.HotPotato_Eliminate)
    i.HotPotato_Init                         0x00001584   Section        0  hotpotato.o(i.HotPotato_Init)
    i.HotPotato_SetIt                        0x000015b0   Section        0  hotpotato.o(i.HotPotato_SetIt)
    i.HotPotato_Update                       0x000015e8   Section        0  hotpotato.o(i.HotPotato_Update)
    i.HotPotato_WhosIt                       0x000015fc   Section        0  hotpotato.o(i.HotPotato_WhosIt)
    i.Master_Funk                            0x00001608   Section        0  tag.o(i.Master_Funk)
    i.Menu_Game                              0x00001638   Section        0  menu.o(i.Menu_Game)
    i.Menu_Init                              0x00001670   Section        0  menu.o(i.Menu_Init)
    i.Menu_Pregame                           0x0000167c   Section        0  menu.o(i.Menu_Pregame)
    i.Menu_Start                             0x00001680   Section        0  menu.o(i.Menu_Start)
    i.Music_Play                             0x000016a8   Section        0  sound.o(i.Music_Play)
    i.Music_Stop                             0x000016d8   Section        0  sound.o(i.Music_Stop)
    i.Music_Tropical                         0x000016f4   Section        0  sound.o(i.Music_Tropical)
    i.Output_Init                            0x00001708   Section        0  st7735.o(i.Output_Init)
    i.PLL_Init                               0x00001718   Section        0  texas.o(i.PLL_Init)
    i.Play                                   0x00001794   Section        0  sound.o(i.Play)
    i.Player_Init                            0x000018a0   Section        0  player.o(i.Player_Init)
    i.Player_Move                            0x000018d8   Section        0  player.o(i.Player_Move)
    i.Player_Update                          0x00001a10   Section        0  player.o(i.Player_Update)
    i.ST7735_DrawBitmap                      0x00001a18   Section        0  st7735.o(i.ST7735_DrawBitmap)
    i.ST7735_DrawCharS                       0x00001b38   Section        0  st7735.o(i.ST7735_DrawCharS)
    i.ST7735_DrawPixel                       0x00001c2c   Section        0  st7735.o(i.ST7735_DrawPixel)
    i.ST7735_DrawString                      0x00001c74   Section        0  st7735.o(i.ST7735_DrawString)
    i.ST7735_FillRect                        0x00001ccc   Section        0  st7735.o(i.ST7735_FillRect)
    i.ST7735_FillScreen                      0x00001d78   Section        0  st7735.o(i.ST7735_FillScreen)
    i.ST7735_InitR                           0x00001d9c   Section        0  st7735.o(i.ST7735_InitR)
    i.ST7735_OutChar                         0x00001e18   Section        0  st7735.o(i.ST7735_OutChar)
    i.ST7735_OutString                       0x00001eec   Section        0  st7735.o(i.ST7735_OutString)
    i.ST7735_SetCursor                       0x00001f04   Section        0  st7735.o(i.ST7735_SetCursor)
    i.Screen_Draw                            0x00001f24   Section        0  screen.o(i.Screen_Draw)
    i.Screen_Move                            0x0000203c   Section        0  screen.o(i.Screen_Move)
    i.Screen_Update                          0x00002148   Section        0  screen.o(i.Screen_Update)
    i.SetCode                                0x00002154   Section        0  texas.o(i.SetCode)
    i.SetCourse                              0x0000216c   Section        0  texas.o(i.SetCourse)
    i.Sound_Init                             0x00002184   Section        0  sound.o(i.Sound_Init)
    i.Sound_Play                             0x000021a0   Section        0  sound.o(i.Sound_Play)
    i.Sound_Shoot                            0x000021c8   Section        0  sound.o(i.Sound_Shoot)
    i.TExaS_Init                             0x000021dc   Section        0  texas.o(i.TExaS_Init)
    i.Timer0A_Handler                        0x0000239c   Section        0  timer0.o(i.Timer0A_Handler)
    i.Timer0_Init                            0x000023b4   Section        0  timer0.o(i.Timer0_Init)
    i.Timer1A_Handler                        0x00002414   Section        0  timer1.o(i.Timer1A_Handler)
    i.Timer2A_Handler                        0x0000242c   Section        0  timer2.o(i.Timer2A_Handler)
    i.Timer2_Init                            0x00002444   Section        0  timer2.o(i.Timer2_Init)
    i.Timer4A_Handler                        0x000024a4   Section        0  texas.o(i.Timer4A_Handler)
    i.Timer5A_Handler                        0x000024c4   Section        0  texas.o(i.Timer5A_Handler)
    i.UART0_Init                             0x000024f4   Section        0  texas.o(i.UART0_Init)
    i.commandList                            0x000025b4   Section        0  st7735.o(i.commandList)
    commandList                              0x000025b5   Thumb Code    86  st7735.o(i.commandList)
    i.commonInit                             0x0000260c   Section        0  st7735.o(i.commonInit)
    commonInit                               0x0000260d   Thumb Code   340  st7735.o(i.commonInit)
    i.main                                   0x00002790   Section        0  tag.o(i.main)
    i.pushColor                              0x000027e8   Section        0  st7735.o(i.pushColor)
    pushColor                                0x000027e9   Thumb Code    18  st7735.o(i.pushColor)
    i.setAddrWindow                          0x000027fc   Section        0  st7735.o(i.setAddrWindow)
    setAddrWindow                            0x000027fd   Thumb Code   106  st7735.o(i.setAddrWindow)
    .constdata                               0x00002870   Section      360  texas.o(.constdata)
    .constdata                               0x000029d8   Section    15435  sound.o(.constdata)
    .constdata                               0x00006623   Section     2018  st7735.o(.constdata)
    Font                                     0x00006623   Data        1275  st7735.o(.constdata)
    Bcmd                                     0x00006b1e   Data         103  st7735.o(.constdata)
    Rcmd1                                    0x00006b85   Data          59  st7735.o(.constdata)
    Rcmd2green                               0x00006bc0   Data          13  st7735.o(.constdata)
    Rcmd2red                                 0x00006bcd   Data          13  st7735.o(.constdata)
    Rcmd3                                    0x00006bda   Data          43  st7735.o(.constdata)
    .constdata                               0x00006e06   Section     4992  screen.o(.constdata)
    .constdata                               0x00008188   Section     2624  bitmaps.o(.constdata)
    .constdata                               0x00008bc8   Section    152354  musiclibrary.o(.constdata)
    .data                                    0x20000000   Section       52  texas.o(.data)
    .data                                    0x20000034   Section        4  timer0.o(.data)
    .data                                    0x20000038   Section        4  timer1.o(.data)
    .data                                    0x2000003c   Section       28  sound.o(.data)
    .data                                    0x20000058   Section       44  st7735.o(.data)
    _width                                   0x20000062   Data           2  st7735.o(.data)
    _height                                  0x20000064   Data           2  st7735.o(.data)
    ColStart                                 0x2000006c   Data           1  st7735.o(.data)
    RowStart                                 0x2000006d   Data           1  st7735.o(.data)
    Rotation                                 0x2000006e   Data           1  st7735.o(.data)
    TabColor                                 0x2000006f   Data           1  st7735.o(.data)
    .data                                    0x20000084   Section       24  screen.o(.data)
    .data                                    0x2000009c   Section        4  hotpotato.o(.data)
    .data                                    0x200000a0   Section        4  timer2.o(.data)
    .data                                    0x200000a4   Section        2  menu.o(.data)
    .data                                    0x200000a8   Section        6  button0.o(.data)
    DATA                                     0x200000b0   Section        4  random.o(DATA)
    M                                        0x200000b0   Data           4  random.o(DATA)
    .bss                                     0x200000b8   Section       56  texas.o(.bss)
    .bss                                     0x200000f0   Section      112  character.o(.bss)
    .bss                                     0x20000160   Section       96  libspace.o(.bss)
    HEAP                                     0x200001c0   Section        0  startup.o(HEAP)
    STACK                                    0x200001c0   Section     1024  startup.o(STACK)
    HeapMem                                  0x200001c0   Data           0  startup.o(HEAP)
    StackMem                                 0x200001c0   Data           0  startup.o(STACK)

    Global Symbols

    Symbol Name                              Value     Ov Type        Size  Object(Section)

    BuildAttributes$$THM_ISAv4$E$P$D$K$B$S$7EM$PE$A:L22UL41UL21$X:L11$S22US41US21$IEEE1$IW$USESV6$~STKCKD$USESV7$~SHL$OSPACE$ROPI$EBA8$UX$STANDARDLIB$REQ8$PRES8$EABIv2 0x00000000   Number         0  anon$$obj.o ABSOLUTE
    __ARM_use_no_argv                        0x00000000   Number         0  tag.o ABSOLUTE
    __Vectors                                0x00000000   Data           0  startup.o(RESET)
    __ARM_exceptions_init                     - Undefined Weak Reference
    __alloca_initialize                       - Undefined Weak Reference
    __cpp_initialize__aeabi_                  - Undefined Weak Reference
    __cxa_finalize                            - Undefined Weak Reference
    __rt_locale                               - Undefined Weak Reference
    __sigvec_lookup                           - Undefined Weak Reference
    _atexit_init                              - Undefined Weak Reference
    _call_atexit_fns                          - Undefined Weak Reference
    _clock_init                               - Undefined Weak Reference
    _fp_trap_init                             - Undefined Weak Reference
    _fp_trap_shutdown                         - Undefined Weak Reference
    _get_lc_collate                           - Undefined Weak Reference
    _get_lc_ctype                             - Undefined Weak Reference
    _get_lc_monetary                          - Undefined Weak Reference
    _get_lc_numeric                           - Undefined Weak Reference
    _get_lc_time                              - Undefined Weak Reference
    _getenv_init                              - Undefined Weak Reference
    _handle_redirection                       - Undefined Weak Reference
    _init_alloc                               - Undefined Weak Reference
    _init_user_alloc                          - Undefined Weak Reference
    _initio                                   - Undefined Weak Reference
    _rand_init                                - Undefined Weak Reference
    _signal_finish                            - Undefined Weak Reference
    _signal_init                              - Undefined Weak Reference
    _terminate_alloc                          - Undefined Weak Reference
    _terminate_user_alloc                     - Undefined Weak Reference
    _terminateio                              - Undefined Weak Reference
    Reset_Handler                            0x0000026d   Thumb Code     0  startup.o(RESET)
    NMI_Handler                              0x00000271   Thumb Code     2  startup.o(RESET)
    HardFault_Handler                        0x00000273   Thumb Code     2  startup.o(RESET)
    MemManage_Handler                        0x00000275   Thumb Code     2  startup.o(RESET)
    BusFault_Handler                         0x00000277   Thumb Code     2  startup.o(RESET)
    UsageFault_Handler                       0x00000279   Thumb Code     2  startup.o(RESET)
    SVC_Handler                              0x0000027b   Thumb Code     2  startup.o(RESET)
    DebugMon_Handler                         0x0000027d   Thumb Code     2  startup.o(RESET)
    PendSV_Handler                           0x0000027f   Thumb Code     2  startup.o(RESET)
    SysTick_Handler                          0x00000281   Thumb Code     2  startup.o(RESET)
    ADC0Seq0_Handler                         0x00000283   Thumb Code     0  startup.o(RESET)
    ADC0Seq1_Handler                         0x00000283   Thumb Code     0  startup.o(RESET)
    ADC0Seq2_Handler                         0x00000283   Thumb Code     0  startup.o(RESET)
    ADC0Seq3_Handler                         0x00000283   Thumb Code     0  startup.o(RESET)
    ADC1Seq0_Handler                         0x00000283   Thumb Code     0  startup.o(RESET)
    ADC1Seq1_Handler                         0x00000283   Thumb Code     0  startup.o(RESET)
    ADC1Seq2_Handler                         0x00000283   Thumb Code     0  startup.o(RESET)
    ADC1Seq3_Handler                         0x00000283   Thumb Code     0  startup.o(RESET)
    CAN0_Handler                             0x00000283   Thumb Code     0  startup.o(RESET)
    CAN1_Handler                             0x00000283   Thumb Code     0  startup.o(RESET)
    CAN2_Handler                             0x00000283   Thumb Code     0  startup.o(RESET)
    Comp0_Handler                            0x00000283   Thumb Code     0  startup.o(RESET)
    Comp1_Handler                            0x00000283   Thumb Code     0  startup.o(RESET)
    Comp2_Handler                            0x00000283   Thumb Code     0  startup.o(RESET)
    Ethernet_Handler                         0x00000283   Thumb Code     0  startup.o(RESET)
    ExtBus_Handler                           0x00000283   Thumb Code     0  startup.o(RESET)
    FPU_Handler                              0x00000283   Thumb Code     0  startup.o(RESET)
    Fan0_Handler                             0x00000283   Thumb Code     0  startup.o(RESET)
    FlashCtl_Handler                         0x00000283   Thumb Code     0  startup.o(RESET)
    GPIOPortA_Handler                        0x00000283   Thumb Code     0  startup.o(RESET)
    GPIOPortB_Handler                        0x00000283   Thumb Code     0  startup.o(RESET)
    GPIOPortD_Handler                        0x00000283   Thumb Code     0  startup.o(RESET)
    GPIOPortE_Handler                        0x00000283   Thumb Code     0  startup.o(RESET)
    GPIOPortF_Handler                        0x00000283   Thumb Code     0  startup.o(RESET)
    GPIOPortG_Handler                        0x00000283   Thumb Code     0  startup.o(RESET)
    GPIOPortH_Handler                        0x00000283   Thumb Code     0  startup.o(RESET)
    GPIOPortJ_Handler                        0x00000283   Thumb Code     0  startup.o(RESET)
    GPIOPortK_Handler                        0x00000283   Thumb Code     0  startup.o(RESET)
    GPIOPortL_Handler                        0x00000283   Thumb Code     0  startup.o(RESET)
    GPIOPortM_Handler                        0x00000283   Thumb Code     0  startup.o(RESET)
    GPIOPortN_Handler                        0x00000283   Thumb Code     0  startup.o(RESET)
    GPIOPortP1_Handler                       0x00000283   Thumb Code     0  startup.o(RESET)
    GPIOPortP2_Handler                       0x00000283   Thumb Code     0  startup.o(RESET)
    GPIOPortP3_Handler                       0x00000283   Thumb Code     0  startup.o(RESET)
    GPIOPortP4_Handler                       0x00000283   Thumb Code     0  startup.o(RESET)
    GPIOPortP5_Handler                       0x00000283   Thumb Code     0  startup.o(RESET)
    GPIOPortP6_Handler                       0x00000283   Thumb Code     0  startup.o(RESET)
    GPIOPortP7_Handler                       0x00000283   Thumb Code     0  startup.o(RESET)
    GPIOPortP_Handler                        0x00000283   Thumb Code     0  startup.o(RESET)
    GPIOPortQ1_Handler                       0x00000283   Thumb Code     0  startup.o(RESET)
    GPIOPortQ2_Handler                       0x00000283   Thumb Code     0  startup.o(RESET)
    GPIOPortQ3_Handler                       0x00000283   Thumb Code     0  startup.o(RESET)
    GPIOPortQ4_Handler                       0x00000283   Thumb Code     0  startup.o(RESET)
    GPIOPortQ5_Handler                       0x00000283   Thumb Code     0  startup.o(RESET)
    GPIOPortQ6_Handler                       0x00000283   Thumb Code     0  startup.o(RESET)
    GPIOPortQ7_Handler                       0x00000283   Thumb Code     0  startup.o(RESET)
    GPIOPortQ_Handler                        0x00000283   Thumb Code     0  startup.o(RESET)
    GPIOPortR_Handler                        0x00000283   Thumb Code     0  startup.o(RESET)
    GPIOPortS_Handler                        0x00000283   Thumb Code     0  startup.o(RESET)
    Hibernate_Handler                        0x00000283   Thumb Code     0  startup.o(RESET)
    I2C0_Handler                             0x00000283   Thumb Code     0  startup.o(RESET)
    I2C1_Handler                             0x00000283   Thumb Code     0  startup.o(RESET)
    I2C2_Handler                             0x00000283   Thumb Code     0  startup.o(RESET)
    I2C3_Handler                             0x00000283   Thumb Code     0  startup.o(RESET)
    I2C4_Handler                             0x00000283   Thumb Code     0  startup.o(RESET)
    I2C5_Handler                             0x00000283   Thumb Code     0  startup.o(RESET)
    I2S0_Handler                             0x00000283   Thumb Code     0  startup.o(RESET)
    LPC0_Handler                             0x00000283   Thumb Code     0  startup.o(RESET)
    PECI0_Handler                            0x00000283   Thumb Code     0  startup.o(RESET)
    PWM0Fault_Handler                        0x00000283   Thumb Code     0  startup.o(RESET)
    PWM0Generator0_Handler                   0x00000283   Thumb Code     0  startup.o(RESET)
    PWM0Generator1_Handler                   0x00000283   Thumb Code     0  startup.o(RESET)
    PWM0Generator2_Handler                   0x00000283   Thumb Code     0  startup.o(RESET)
    PWM0Generator3_Handler                   0x00000283   Thumb Code     0  startup.o(RESET)
    PWM1Fault_Handler                        0x00000283   Thumb Code     0  startup.o(RESET)
    PWM1Generator0_Handler                   0x00000283   Thumb Code     0  startup.o(RESET)
    PWM1Generator1_Handler                   0x00000283   Thumb Code     0  startup.o(RESET)
    PWM1Generator2_Handler                   0x00000283   Thumb Code     0  startup.o(RESET)
    PWM1Generator3_Handler                   0x00000283   Thumb Code     0  startup.o(RESET)
    Quadrature0_Handler                      0x00000283   Thumb Code     0  startup.o(RESET)
    Quadrature1_Handler                      0x00000283   Thumb Code     0  startup.o(RESET)
    Quadrature2_Handler                      0x00000283   Thumb Code     0  startup.o(RESET)
    SSI0_Handler                             0x00000283   Thumb Code     0  startup.o(RESET)
    SSI1_Handler                             0x00000283   Thumb Code     0  startup.o(RESET)
    SSI2_Handler                             0x00000283   Thumb Code     0  startup.o(RESET)
    SSI3_Handler                             0x00000283   Thumb Code     0  startup.o(RESET)
    SysCtl_Handler                           0x00000283   Thumb Code     0  startup.o(RESET)
    Timer0B_Handler                          0x00000283   Thumb Code     0  startup.o(RESET)
    Timer1B_Handler                          0x00000283   Thumb Code     0  startup.o(RESET)
    Timer2B_Handler                          0x00000283   Thumb Code     0  startup.o(RESET)
    Timer3A_Handler                          0x00000283   Thumb Code     0  startup.o(RESET)
    Timer3B_Handler                          0x00000283   Thumb Code     0  startup.o(RESET)
    Timer4B_Handler                          0x00000283   Thumb Code     0  startup.o(RESET)
    Timer5B_Handler                          0x00000283   Thumb Code     0  startup.o(RESET)
    UART0_Handler                            0x00000283   Thumb Code     0  startup.o(RESET)
    UART1_Handler                            0x00000283   Thumb Code     0  startup.o(RESET)
    UART2_Handler                            0x00000283   Thumb Code     0  startup.o(RESET)
    UART3_Handler                            0x00000283   Thumb Code     0  startup.o(RESET)
    UART4_Handler                            0x00000283   Thumb Code     0  startup.o(RESET)
    UART5_Handler                            0x00000283   Thumb Code     0  startup.o(RESET)
    UART6_Handler                            0x00000283   Thumb Code     0  startup.o(RESET)
    UART7_Handler                            0x00000283   Thumb Code     0  startup.o(RESET)
    USB0_Handler                             0x00000283   Thumb Code     0  startup.o(RESET)
    WDT_Handler                              0x00000283   Thumb Code     0  startup.o(RESET)
    WideTimer0A_Handler                      0x00000283   Thumb Code     0  startup.o(RESET)
    WideTimer0B_Handler                      0x00000283   Thumb Code     0  startup.o(RESET)
    WideTimer1A_Handler                      0x00000283   Thumb Code     0  startup.o(RESET)
    WideTimer1B_Handler                      0x00000283   Thumb Code     0  startup.o(RESET)
    WideTimer2A_Handler                      0x00000283   Thumb Code     0  startup.o(RESET)
    WideTimer2B_Handler                      0x00000283   Thumb Code     0  startup.o(RESET)
    WideTimer3A_Handler                      0x00000283   Thumb Code     0  startup.o(RESET)
    WideTimer3B_Handler                      0x00000283   Thumb Code     0  startup.o(RESET)
    WideTimer4A_Handler                      0x00000283   Thumb Code     0  startup.o(RESET)
    WideTimer4B_Handler                      0x00000283   Thumb Code     0  startup.o(RESET)
    WideTimer5A_Handler                      0x00000283   Thumb Code     0  startup.o(RESET)
    WideTimer5B_Handler                      0x00000283   Thumb Code     0  startup.o(RESET)
    uDMA_Error                               0x00000283   Thumb Code     0  startup.o(RESET)
    uDMA_Handler                             0x00000283   Thumb Code     0  startup.o(RESET)
    __main                                   0x00000285   Thumb Code     8  __main.o(!!!main)
    __scatterload                            0x0000028d   Thumb Code     0  __scatter.o(!!!scatter)
    __scatterload_rt2                        0x0000028d   Thumb Code    44  __scatter.o(!!!scatter)
    __scatterload_rt2_thumb_only             0x0000028d   Thumb Code     0  __scatter.o(!!!scatter)
    __scatterload_null                       0x0000029b   Thumb Code     0  __scatter.o(!!!scatter)
    __scatterload_copy                       0x000002c1   Thumb Code    26  __scatter_copy.o(!!handler_copy)
    __scatterload_zeroinit                   0x000002dd   Thumb Code    28  __scatter_zi.o(!!handler_zi)
    __rt_lib_init                            0x000002f9   Thumb Code     0  libinit.o(.ARM.Collect$$libinit$$00000000)
    __rt_lib_init_alloca_1                   0x000002fb   Thumb Code     0  libinit2.o(.ARM.Collect$$libinit$$0000002C)
    __rt_lib_init_argv_1                     0x000002fb   Thumb Code     0  libinit2.o(.ARM.Collect$$libinit$$0000002A)
    __rt_lib_init_atexit_1                   0x000002fb   Thumb Code     0  libinit2.o(.ARM.Collect$$libinit$$00000019)
    __rt_lib_init_clock_1                    0x000002fb   Thumb Code     0  libinit2.o(.ARM.Collect$$libinit$$0000001F)
    __rt_lib_init_cpp_1                      0x000002fb   Thumb Code     0  libinit2.o(.ARM.Collect$$libinit$$00000030)
    __rt_lib_init_exceptions_1               0x000002fb   Thumb Code     0  libinit2.o(.ARM.Collect$$libinit$$0000002E)
    __rt_lib_init_fp_1                       0x000002fb   Thumb Code     0  libinit2.o(.ARM.Collect$$libinit$$00000002)
    __rt_lib_init_fp_trap_1                  0x000002fb   Thumb Code     0  libinit2.o(.ARM.Collect$$libinit$$0000001D)
    __rt_lib_init_getenv_1                   0x000002fb   Thumb Code     0  libinit2.o(.ARM.Collect$$libinit$$00000021)
    __rt_lib_init_heap_1                     0x000002fb   Thumb Code     0  libinit2.o(.ARM.Collect$$libinit$$00000008)
    __rt_lib_init_lc_collate_1               0x000002fb   Thumb Code     0  libinit2.o(.ARM.Collect$$libinit$$0000000F)
    __rt_lib_init_lc_ctype_1                 0x000002fb   Thumb Code     0  libinit2.o(.ARM.Collect$$libinit$$00000011)
    __rt_lib_init_lc_monetary_1              0x000002fb   Thumb Code     0  libinit2.o(.ARM.Collect$$libinit$$00000013)
    __rt_lib_init_lc_numeric_1               0x000002fb   Thumb Code     0  libinit2.o(.ARM.Collect$$libinit$$00000015)
    __rt_lib_init_lc_time_1                  0x000002fb   Thumb Code     0  libinit2.o(.ARM.Collect$$libinit$$00000017)
    __rt_lib_init_rand_1                     0x000002fb   Thumb Code     0  libinit2.o(.ARM.Collect$$libinit$$0000000C)
    __rt_lib_init_return                     0x000002fb   Thumb Code     0  libinit2.o(.ARM.Collect$$libinit$$00000031)
    __rt_lib_init_signal_1                   0x000002fb   Thumb Code     0  libinit2.o(.ARM.Collect$$libinit$$0000001B)
    __rt_lib_init_stdio_1                    0x000002fb   Thumb Code     0  libinit2.o(.ARM.Collect$$libinit$$00000023)
    __rt_lib_init_user_alloc_1               0x000002fb   Thumb Code     0  libinit2.o(.ARM.Collect$$libinit$$0000000A)
    __rt_lib_shutdown                        0x000002fd   Thumb Code     0  libshutdown.o(.ARM.Collect$$libshutdown$$00000000)
    __rt_lib_shutdown_fp_trap_1              0x000002ff   Thumb Code     0  libshutdown2.o(.ARM.Collect$$libshutdown$$00000006)
    __rt_lib_shutdown_heap_1                 0x000002ff   Thumb Code     0  libshutdown2.o(.ARM.Collect$$libshutdown$$0000000E)
    __rt_lib_shutdown_return                 0x000002ff   Thumb Code     0  libshutdown2.o(.ARM.Collect$$libshutdown$$0000000F)
    __rt_lib_shutdown_signal_1               0x000002ff   Thumb Code     0  libshutdown2.o(.ARM.Collect$$libshutdown$$00000009)
    __rt_lib_shutdown_stdio_1                0x000002ff   Thumb Code     0  libshutdown2.o(.ARM.Collect$$libshutdown$$00000003)
    __rt_lib_shutdown_user_alloc_1           0x000002ff   Thumb Code     0  libshutdown2.o(.ARM.Collect$$libshutdown$$0000000B)
    __rt_entry                               0x00000301   Thumb Code     0  rtentry.o(.ARM.Collect$$rtentry$$00000000)
    __rt_entry_presh_1                       0x00000301   Thumb Code     0  rtentry2.o(.ARM.Collect$$rtentry$$00000002)
    __rt_entry_sh                            0x00000301   Thumb Code     0  rtentry4.o(.ARM.Collect$$rtentry$$00000004)
    __rt_entry_li                            0x00000307   Thumb Code     0  rtentry2.o(.ARM.Collect$$rtentry$$0000000A)
    __rt_entry_postsh_1                      0x00000307   Thumb Code     0  rtentry2.o(.ARM.Collect$$rtentry$$00000009)
    __rt_entry_main                          0x0000030b   Thumb Code     0  rtentry2.o(.ARM.Collect$$rtentry$$0000000D)
    __rt_entry_postli_1                      0x0000030b   Thumb Code     0  rtentry2.o(.ARM.Collect$$rtentry$$0000000C)
    __rt_exit                                0x00000313   Thumb Code     0  rtexit.o(.ARM.Collect$$rtexit$$00000000)
    __rt_exit_ls                             0x00000315   Thumb Code     0  rtexit2.o(.ARM.Collect$$rtexit$$00000003)
    __rt_exit_prels_1                        0x00000315   Thumb Code     0  rtexit2.o(.ARM.Collect$$rtexit$$00000002)
    __rt_exit_exit                           0x00000319   Thumb Code     0  rtexit2.o(.ARM.Collect$$rtexit$$00000004)
    DisableInterrupts                        0x00000321   Thumb Code     0  startup.o(.text)
    EnableInterrupts                         0x00000325   Thumb Code     0  startup.o(.text)
    StartCritical                            0x00000329   Thumb Code     0  startup.o(.text)
    EndCritical                              0x00000331   Thumb Code     0  startup.o(.text)
    WaitForInterrupt                         0x00000337   Thumb Code     0  startup.o(.text)
    __user_initial_stackheap                 0x0000033b   Thumb Code     0  startup.o(.text)
    Random_Init                              0x00000351   Thumb Code     0  random.o(.text)
    Random32                                 0x0000035b   Thumb Code     2  random.o(.text)
    Random                                   0x0000036d   Thumb Code     2  random.o(.text)
    LCD_OutDec                               0x00000391   Thumb Code     0  print.o(.text)
    LCD_OutFix                               0x000003c7   Thumb Code     0  print.o(.text)
    writecommand                             0x0000045d   Thumb Code     0  lcd.o(.text)
    writedata                                0x00000485   Thumb Code     0  lcd.o(.text)
    __aeabi_memcpy4                          0x000004ad   Thumb Code     0  rt_memcpy_w.o(.text)
    __aeabi_memcpy8                          0x000004ad   Thumb Code     0  rt_memcpy_w.o(.text)
    __rt_memcpy_w                            0x000004ad   Thumb Code   100  rt_memcpy_w.o(.text)
    _memcpy_lastbytes_aligned                0x000004f5   Thumb Code     0  rt_memcpy_w.o(.text)
    __use_two_region_memory                  0x00000511   Thumb Code     2  heapauxi.o(.text)
    __rt_heap_escrow$2region                 0x00000513   Thumb Code     2  heapauxi.o(.text)
    __rt_heap_expand$2region                 0x00000515   Thumb Code     2  heapauxi.o(.text)
    __user_setup_stackheap                   0x00000517   Thumb Code    74  sys_stackheap_outer.o(.text)
    exit                                     0x00000561   Thumb Code    12  exit.o(.text)
    __user_libspace                          0x0000056d   Thumb Code     8  libspace.o(.text)
    __user_perproc_libspace                  0x0000056d   Thumb Code     0  libspace.o(.text)
    __user_perthread_libspace                0x0000056d   Thumb Code     0  libspace.o(.text)
    _sys_exit                                0x00000575   Thumb Code     8  sys_exit.o(.text)
    __I$use$semihosting                      0x00000581   Thumb Code     0  use_no_semi.o(.text)
    __use_no_semihosting_swi                 0x00000581   Thumb Code     2  use_no_semi.o(.text)
    __semihosting_library_function           0x00000583   Thumb Code     0  indicate_semi.o(.text)
    ADC0_In                                  0x00000585   Thumb Code    48  adc.o(i.ADC0_In)
    ADC0_Init                                0x000005bd   Thumb Code   198  adc.o(i.ADC0_Init)
    ADC1_In                                  0x0000069d   Thumb Code     6  texas.o(i.ADC1_In)
    ADC1_Init                                0x000006a9   Thumb Code   170  texas.o(i.ADC1_Init)
    AI_AI2                                   0x00000781   Thumb Code   758  ai.o(i.AI_AI2)
    AI_Init                                  0x00000a7d   Thumb Code   208  ai.o(i.AI_Init)
    AI_Update                                0x00000b55   Thumb Code    26  ai.o(i.AI_Update)
    Button0_Init                             0x00000b75   Thumb Code   136  button0.o(i.Button0_Init)
    Button0_Pressed                          0x00000c25   Thumb Code    20  button0.o(i.Button0_Pressed)
    Character_Collision                      0x00000c3d   Thumb Code   700  character.o(i.Character_Collision)
    Character_CollisionStatus                0x00000ef9   Thumb Code   200  character.o(i.Character_CollisionStatus)
    Character_Draw                           0x00001051   Thumb Code    56  character.o(i.Character_Draw)
    Character_DrawCharacters                 0x00001091   Thumb Code    64  character.o(i.Character_DrawCharacters)
    Character_UpdateCollisions               0x000010d5   Thumb Code   172  character.o(i.Character_UpdateCollisions)
    Character_UpdateCollisionsS              0x00001185   Thumb Code   378  character.o(i.Character_UpdateCollisionsS)
    DAC_Init                                 0x0000130d   Thumb Code   100  dac.o(i.DAC_Init)
    DAC_Out                                  0x0000138d   Thumb Code    16  dac.o(i.DAC_Out)
    Delay1ms                                 0x000013a5   Thumb Code    32  st7735.o(i.Delay1ms)
    GPIOPortC_Handler                        0x000013c5   Thumb Code    24  button0.o(i.GPIOPortC_Handler)
    HotPotato_Burn                           0x000013e9   Thumb Code    64  hotpotato.o(i.HotPotato_Burn)
    HotPotato_Cooldown                       0x00001431   Thumb Code    64  hotpotato.o(i.HotPotato_Cooldown)
    HotPotato_DrawStatus                     0x00001479   Thumb Code   112  hotpotato.o(i.HotPotato_DrawStatus)
    HotPotato_Eliminate                      0x0000150d   Thumb Code   112  hotpotato.o(i.HotPotato_Eliminate)
    HotPotato_Init                           0x00001585   Thumb Code    36  hotpotato.o(i.HotPotato_Init)
    HotPotato_SetIt                          0x000015b1   Thumb Code    48  hotpotato.o(i.HotPotato_SetIt)
    HotPotato_Update                         0x000015e9   Thumb Code    20  hotpotato.o(i.HotPotato_Update)
    HotPotato_WhosIt                         0x000015fd   Thumb Code     8  hotpotato.o(i.HotPotato_WhosIt)
    Master_Funk                              0x00001609   Thumb Code    42  tag.o(i.Master_Funk)
    Menu_Game                                0x00001639   Thumb Code    50  menu.o(i.Menu_Game)
    Menu_Init                                0x00001671   Thumb Code     8  menu.o(i.Menu_Init)
    Menu_Pregame                             0x0000167d   Thumb Code     2  menu.o(i.Menu_Pregame)
    Menu_Start                               0x00001681   Thumb Code    30  menu.o(i.Menu_Start)
    Music_Play                               0x000016a9   Thumb Code    28  sound.o(i.Music_Play)
    Music_Stop                               0x000016d9   Thumb Code    16  sound.o(i.Music_Stop)
    Music_Tropical                           0x000016f5   Thumb Code    12  sound.o(i.Music_Tropical)
    Output_Init                              0x00001709   Thumb Code    16  st7735.o(i.Output_Init)
    PLL_Init                                 0x00001719   Thumb Code   118  texas.o(i.PLL_Init)
    Play                                     0x00001795   Thumb Code   236  sound.o(i.Play)
    Player_Init                              0x000018a1   Thumb Code    48  player.o(i.Player_Init)
    Player_Move                              0x000018d9   Thumb Code   306  player.o(i.Player_Move)
    Player_Update                            0x00001a11   Thumb Code     8  player.o(i.Player_Update)
    ST7735_DrawBitmap                        0x00001a19   Thumb Code   280  st7735.o(i.ST7735_DrawBitmap)
    ST7735_DrawCharS                         0x00001b39   Thumb Code   232  st7735.o(i.ST7735_DrawCharS)
    ST7735_DrawPixel                         0x00001c2d   Thumb Code    64  st7735.o(i.ST7735_DrawPixel)
    ST7735_DrawString                        0x00001c75   Thumb Code    86  st7735.o(i.ST7735_DrawString)
    ST7735_FillRect                          0x00001ccd   Thumb Code   164  st7735.o(i.ST7735_FillRect)
    ST7735_FillScreen                        0x00001d79   Thumb Code    28  st7735.o(i.ST7735_FillScreen)
    ST7735_InitR                             0x00001d9d   Thumb Code    90  st7735.o(i.ST7735_InitR)
    ST7735_OutChar                           0x00001e19   Thumb Code   176  st7735.o(i.ST7735_OutChar)
    ST7735_OutString                         0x00001eed   Thumb Code    24  st7735.o(i.ST7735_OutString)
    ST7735_SetCursor                         0x00001f05   Thumb Code    22  st7735.o(i.ST7735_SetCursor)
    Screen_Draw                              0x00001f25   Thumb Code   234  screen.o(i.Screen_Draw)
    Screen_Move                              0x0000203d   Thumb Code   240  screen.o(i.Screen_Move)
    Screen_Update                            0x00002149   Thumb Code    12  screen.o(i.Screen_Update)
    SetCode                                  0x00002155   Thumb Code    20  texas.o(i.SetCode)
    SetCourse                                0x0000216d   Thumb Code    20  texas.o(i.SetCourse)
    Sound_Init                               0x00002185   Thumb Code    18  sound.o(i.Sound_Init)
    Sound_Play                               0x000021a1   Thumb Code    24  sound.o(i.Sound_Play)
    Sound_Shoot                              0x000021c9   Thumb Code    14  sound.o(i.Sound_Shoot)
    TExaS_Init                               0x000021dd   Thumb Code   324  texas.o(i.TExaS_Init)
    Timer0A_Handler                          0x0000239d   Thumb Code    16  timer0.o(i.Timer0A_Handler)
    Timer0_Init                              0x000023b5   Thumb Code    76  timer0.o(i.Timer0_Init)
    Timer1A_Handler                          0x00002415   Thumb Code    16  timer1.o(i.Timer1A_Handler)
    Timer2A_Handler                          0x0000242d   Thumb Code    16  timer2.o(i.Timer2A_Handler)
    Timer2_Init                              0x00002445   Thumb Code    76  timer2.o(i.Timer2_Init)
    Timer4A_Handler                          0x000024a5   Thumb Code    20  texas.o(i.Timer4A_Handler)
    Timer5A_Handler                          0x000024c5   Thumb Code    34  texas.o(i.Timer5A_Handler)
    UART0_Init                               0x000024f5   Thumb Code   160  texas.o(i.UART0_Init)
    main                                     0x00002791   Thumb Code    76  tag.o(i.main)
    NoInputMsg                               0x00002870   Data          40  texas.o(.constdata)
    OutputPortMsg0                           0x00002898   Data          40  texas.o(.constdata)
    OutputPortMsg1                           0x000028c0   Data          40  texas.o(.constdata)
    OutputPortMsg2                           0x000028e8   Data          40  texas.o(.constdata)
    OutputPortMsg3                           0x00002910   Data          40  texas.o(.constdata)
    BlankMsg                                 0x00002938   Data          40  texas.o(.constdata)
    InitializedMsg                           0x00002960   Data          40  texas.o(.constdata)
    IntroMsg                                 0x00002988   Data          40  texas.o(.constdata)
    DoneMsg                                  0x000029b0   Data          40  texas.o(.constdata)
    shoot                                    0x000029d8   Data        4080  sound.o(.constdata)
    invaderkilled                            0x000039c8   Data        3377  sound.o(.constdata)
    explosion                                0x000046f9   Data        2000  sound.o(.constdata)
    fastinvader1                             0x00004ec9   Data         982  sound.o(.constdata)
    fastinvader2                             0x0000529f   Data        1042  sound.o(.constdata)
    fastinvader3                             0x000056b1   Data        1054  sound.o(.constdata)
    fastinvader4                             0x00005acf   Data        1098  sound.o(.constdata)
    highpitch                                0x00005f19   Data        1802  sound.o(.constdata)
    dBfs                                     0x00006c05   Data         512  st7735.o(.constdata)
    map1                                     0x00006e06   Data         640  screen.o(.constdata)
    map2                                     0x00007086   Data        2560  screen.o(.constdata)
    map3                                     0x00007a86   Data        1280  screen.o(.constdata)
    tileX                                    0x00007f86   Data         128  screen.o(.constdata)
    tileO                                    0x00008006   Data         128  screen.o(.constdata)
    tileWhite                                0x00008086   Data         128  screen.o(.constdata)
    tileBlack                                0x00008106   Data         128  screen.o(.constdata)
    Sprite                                   0x00008188   Data         108  bitmaps.o(.constdata)
    SmallEnemy10pointA                       0x000081f4   Data         320  bitmaps.o(.constdata)
    SmallEnemy10pointB                       0x00008334   Data         320  bitmaps.o(.constdata)
    SmallEnemy20pointA                       0x00008474   Data         320  bitmaps.o(.constdata)
    SmallEnemy20pointB                       0x000085b4   Data         320  bitmaps.o(.constdata)
    SmallEnemy30pointA                       0x000086f4   Data         320  bitmaps.o(.constdata)
    SmallEnemy30pointB                       0x00008834   Data         320  bitmaps.o(.constdata)
    PlayerShip0                              0x00008974   Data         288  bitmaps.o(.constdata)
    Bunker0                                  0x00008a94   Data         180  bitmaps.o(.constdata)
    SmallPotato                              0x00008b48   Data         128  bitmaps.o(.constdata)
    tropical                                 0x00008bc8   Data       152354  musiclibrary.o(.constdata)
    Region$$Table$$Base                      0x0002deec   Number         0  anon$$obj.o(Region$$Table)
    Region$$Table$$Limit                     0x0002df0c   Number         0  anon$$obj.o(Region$$Table)
    TExaS_Period                             0x20000000   Data           4  texas.o(.data)
    TExaS_Ports                              0x20000004   Data           8  texas.o(.data)
    Display                                  0x2000000c   Data           1  texas.o(.data)
    TExaS_Meter                              0x20000010   Data           4  texas.o(.data)
    ADCnum                                   0x20000014   Data           4  texas.o(.data)
    LastMode                                 0x20000018   Data           4  texas.o(.data)
    bFlag                                    0x2000001c   Data           4  texas.o(.data)
    Count                                    0x20000020   Data           4  texas.o(.data)
    DelayBetweenTests                        0x20000024   Data           4  texas.o(.data)
    TExaS_Test                               0x20000028   Data           4  texas.o(.data)
    ScopeMode                                0x2000002c   Data           4  texas.o(.data)
    ScopeCount                               0x20000030   Data           4  texas.o(.data)
    PeriodicTask0                            0x20000034   Data           4  timer0.o(.data)
    PeriodicTask1                            0x20000038   Data           4  timer1.o(.data)
    MusicIndex                               0x2000003c   Data           4  sound.o(.data)
    MusicCounter                             0x20000040   Data           4  sound.o(.data)
    MusicCounterReload                       0x20000044   Data           4  sound.o(.data)
    Index                                    0x20000048   Data           4  sound.o(.data)
    Counter                                  0x2000004c   Data           4  sound.o(.data)
    MusicWave                                0x20000050   Data           4  sound.o(.data)
    Wave                                     0x20000054   Data           4  sound.o(.data)
    StX                                      0x20000058   Data           4  st7735.o(.data)
    StY                                      0x2000005c   Data           4  st7735.o(.data)
    StTextColor                              0x20000060   Data           2  st7735.o(.data)
    lastj                                    0x20000068   Data           4  st7735.o(.data)
    Messageindex                             0x20000070   Data           4  st7735.o(.data)
    Ymax                                     0x20000074   Data           4  st7735.o(.data)
    Ymin                                     0x20000078   Data           4  st7735.o(.data)
    X                                        0x2000007c   Data           4  st7735.o(.data)
    Yrange                                   0x20000080   Data           4  st7735.o(.data)
    frameXCord                               0x20000084   Data           4  screen.o(.data)
    frameYCord                               0x20000088   Data           4  screen.o(.data)
    screenWidth                              0x2000008c   Data           4  screen.o(.data)
    screenHeight                             0x20000090   Data           4  screen.o(.data)
    mapWidth                                 0x20000094   Data           4  screen.o(.data)
    mapHeight                                0x20000098   Data           4  screen.o(.data)
    it                                       0x2000009c   Data           2  hotpotato.o(.data)
    hpDivisor                                0x2000009e   Data           2  hotpotato.o(.data)
    PeriodicTask2                            0x200000a0   Data           4  timer2.o(.data)
    menu                                     0x200000a4   Data           2  menu.o(.data)
    FallingEdges                             0x200000a8   Data           4  button0.o(.data)
    Button0Pressed                           0x200000ac   Data           2  button0.o(.data)
    TExaS                                    0x200000b8   Data          56  texas.o(.bss)
    Characters                               0x200000f0   Data         112  character.o(.bss)
    __libspace_start                         0x20000160   Data          96  libspace.o(.bss)
    __temporary_stack_top$libspace           0x200001c0   Data           0  libspace.o(.bss)



==============================================================================

Memory Map of the image

  Image Entry point : 0x0000026d

  Load Region LR_1 (Base: 0x00000000, Size: 0x0002dfc0, Max: 0xffffffff, ABSOLUTE)

    Execution Region ER_RO (Base: 0x00000000, Size: 0x0002df0c, Max: 0xffffffff, ABSOLUTE)

    Base Addr    Size         Type   Attr      Idx    E Section Name        Object

    0x00000000   0x00000284   Code   RO            3  * RESET               startup.o
    0x00000284   0x00000008   Code   RO          965  * !!!main             c_w.l(__main.o)
    0x0000028c   0x00000034   Code   RO         1119    !!!scatter          c_w.l(__scatter.o)
    0x000002c0   0x0000001a   Code   RO         1121    !!handler_copy      c_w.l(__scatter_copy.o)
    0x000002da   0x00000002   PAD
    0x000002dc   0x0000001c   Code   RO         1123    !!handler_zi        c_w.l(__scatter_zi.o)
    0x000002f8   0x00000002   Code   RO          992    .ARM.Collect$$libinit$$00000000  c_w.l(libinit.o)
    0x000002fa   0x00000000   Code   RO          999    .ARM.Collect$$libinit$$00000002  c_w.l(libinit2.o)
    0x000002fa   0x00000000   Code   RO         1002    .ARM.Collect$$libinit$$00000008  c_w.l(libinit2.o)
    0x000002fa   0x00000000   Code   RO         1004    .ARM.Collect$$libinit$$0000000A  c_w.l(libinit2.o)
    0x000002fa   0x00000000   Code   RO         1006    .ARM.Collect$$libinit$$0000000C  c_w.l(libinit2.o)
    0x000002fa   0x00000000   Code   RO         1009    .ARM.Collect$$libinit$$0000000F  c_w.l(libinit2.o)
    0x000002fa   0x00000000   Code   RO         1011    .ARM.Collect$$libinit$$00000011  c_w.l(libinit2.o)
    0x000002fa   0x00000000   Code   RO         1013    .ARM.Collect$$libinit$$00000013  c_w.l(libinit2.o)
    0x000002fa   0x00000000   Code   RO         1015    .ARM.Collect$$libinit$$00000015  c_w.l(libinit2.o)
    0x000002fa   0x00000000   Code   RO         1017    .ARM.Collect$$libinit$$00000017  c_w.l(libinit2.o)
    0x000002fa   0x00000000   Code   RO         1019    .ARM.Collect$$libinit$$00000019  c_w.l(libinit2.o)
    0x000002fa   0x00000000   Code   RO         1021    .ARM.Collect$$libinit$$0000001B  c_w.l(libinit2.o)
    0x000002fa   0x00000000   Code   RO         1023    .ARM.Collect$$libinit$$0000001D  c_w.l(libinit2.o)
    0x000002fa   0x00000000   Code   RO         1025    .ARM.Collect$$libinit$$0000001F  c_w.l(libinit2.o)
    0x000002fa   0x00000000   Code   RO         1027    .ARM.Collect$$libinit$$00000021  c_w.l(libinit2.o)
    0x000002fa   0x00000000   Code   RO         1029    .ARM.Collect$$libinit$$00000023  c_w.l(libinit2.o)
    0x000002fa   0x00000000   Code   RO         1033    .ARM.Collect$$libinit$$0000002A  c_w.l(libinit2.o)
    0x000002fa   0x00000000   Code   RO         1035    .ARM.Collect$$libinit$$0000002C  c_w.l(libinit2.o)
    0x000002fa   0x00000000   Code   RO         1037    .ARM.Collect$$libinit$$0000002E  c_w.l(libinit2.o)
    0x000002fa   0x00000000   Code   RO         1039    .ARM.Collect$$libinit$$00000030  c_w.l(libinit2.o)
    0x000002fa   0x00000002   Code   RO         1040    .ARM.Collect$$libinit$$00000031  c_w.l(libinit2.o)
    0x000002fc   0x00000002   Code   RO         1060    .ARM.Collect$$libshutdown$$00000000  c_w.l(libshutdown.o)
    0x000002fe   0x00000000   Code   RO         1074    .ARM.Collect$$libshutdown$$00000003  c_w.l(libshutdown2.o)
    0x000002fe   0x00000000   Code   RO         1077    .ARM.Collect$$libshutdown$$00000006  c_w.l(libshutdown2.o)
    0x000002fe   0x00000000   Code   RO         1080    .ARM.Collect$$libshutdown$$00000009  c_w.l(libshutdown2.o)
    0x000002fe   0x00000000   Code   RO         1082    .ARM.Collect$$libshutdown$$0000000B  c_w.l(libshutdown2.o)
    0x000002fe   0x00000000   Code   RO         1085    .ARM.Collect$$libshutdown$$0000000E  c_w.l(libshutdown2.o)
    0x000002fe   0x00000002   Code   RO         1086    .ARM.Collect$$libshutdown$$0000000F  c_w.l(libshutdown2.o)
    0x00000300   0x00000000   Code   RO          967    .ARM.Collect$$rtentry$$00000000  c_w.l(rtentry.o)
    0x00000300   0x00000000   Code   RO          969    .ARM.Collect$$rtentry$$00000002  c_w.l(rtentry2.o)
    0x00000300   0x00000006   Code   RO          981    .ARM.Collect$$rtentry$$00000004  c_w.l(rtentry4.o)
    0x00000306   0x00000000   Code   RO          971    .ARM.Collect$$rtentry$$00000009  c_w.l(rtentry2.o)
    0x00000306   0x00000004   Code   RO          972    .ARM.Collect$$rtentry$$0000000A  c_w.l(rtentry2.o)
    0x0000030a   0x00000000   Code   RO          974    .ARM.Collect$$rtentry$$0000000C  c_w.l(rtentry2.o)
    0x0000030a   0x00000008   Code   RO          975    .ARM.Collect$$rtentry$$0000000D  c_w.l(rtentry2.o)
    0x00000312   0x00000002   Code   RO          996    .ARM.Collect$$rtexit$$00000000  c_w.l(rtexit.o)
    0x00000314   0x00000000   Code   RO         1042    .ARM.Collect$$rtexit$$00000002  c_w.l(rtexit2.o)
    0x00000314   0x00000004   Code   RO         1043    .ARM.Collect$$rtexit$$00000003  c_w.l(rtexit2.o)
    0x00000318   0x00000006   Code   RO         1044    .ARM.Collect$$rtexit$$00000004  c_w.l(rtexit2.o)
    0x0000031e   0x00000002   PAD
    0x00000320   0x00000030   Code   RO            4    .text               startup.o
    0x00000350   0x00000040   Code   RO           13    .text               random.o
    0x00000390   0x000000cc   Code   RO          325    .text               print.o
    0x0000045c   0x00000050   Code   RO          594    .text               lcd.o
    0x000004ac   0x00000064   Code   RO          961    .text               c_w.l(rt_memcpy_w.o)
    0x00000510   0x00000006   Code   RO          963    .text               c_w.l(heapauxi.o)
    0x00000516   0x0000004a   Code   RO          983    .text               c_w.l(sys_stackheap_outer.o)
    0x00000560   0x0000000c   Code   RO          985    .text               c_w.l(exit.o)
    0x0000056c   0x00000008   Code   RO          993    .text               c_w.l(libspace.o)
    0x00000574   0x0000000c   Code   RO         1052    .text               c_w.l(sys_exit.o)
    0x00000580   0x00000002   Code   RO         1063    .text               c_w.l(use_no_semi.o)
    0x00000582   0x00000000   Code   RO         1065    .text               c_w.l(indicate_semi.o)
    0x00000582   0x00000002   PAD
    0x00000584   0x00000038   Code   RO          161    i.ADC0_In           adc.o
    0x000005bc   0x000000e0   Code   RO          162    i.ADC0_Init         adc.o
    0x0000069c   0x0000000c   Code   RO           16    i.ADC1_In           texas.o
    0x000006a8   0x000000d8   Code   RO           17    i.ADC1_Init         texas.o
    0x00000780   0x000002fc   Code   RO          734    i.AI_AI2            ai.o
    0x00000a7c   0x000000d8   Code   RO          735    i.AI_Init           ai.o
    0x00000b54   0x00000020   Code   RO          736    i.AI_Update         ai.o
    0x00000b74   0x000000b0   Code   RO          932    i.Button0_Init      button0.o
    0x00000c24   0x00000018   Code   RO          933    i.Button0_Pressed   button0.o
    0x00000c3c   0x000002bc   Code   RO          670    i.Character_Collision  character.o
    0x00000ef8   0x00000158   Code   RO          671    i.Character_CollisionStatus  character.o
    0x00001050   0x00000040   Code   RO          672    i.Character_Draw    character.o
    0x00001090   0x00000044   Code   RO          673    i.Character_DrawCharacters  character.o
    0x000010d4   0x000000b0   Code   RO          674    i.Character_UpdateCollisions  character.o
    0x00001184   0x00000188   Code   RO          675    i.Character_UpdateCollisionsS  character.o
    0x0000130c   0x00000080   Code   RO          137    i.DAC_Init          dac.o
    0x0000138c   0x00000018   Code   RO          138    i.DAC_Out           dac.o
    0x000013a4   0x00000020   Code   RO          328    i.Delay1ms          st7735.o
    0x000013c4   0x00000024   Code   RO          934    i.GPIOPortC_Handler  button0.o
    0x000013e8   0x00000048   Code   RO          769    i.HotPotato_Burn    hotpotato.o
    0x00001430   0x00000048   Code   RO          770    i.HotPotato_Cooldown  hotpotato.o
    0x00001478   0x00000094   Code   RO          771    i.HotPotato_DrawStatus  hotpotato.o
    0x0000150c   0x00000078   Code   RO          772    i.HotPotato_Eliminate  hotpotato.o
    0x00001584   0x0000002c   Code   RO          773    i.HotPotato_Init    hotpotato.o
    0x000015b0   0x00000038   Code   RO          774    i.HotPotato_SetIt   hotpotato.o
    0x000015e8   0x00000014   Code   RO          775    i.HotPotato_Update  hotpotato.o
    0x000015fc   0x0000000c   Code   RO          776    i.HotPotato_WhosIt  hotpotato.o
    0x00001608   0x00000030   Code   RO          827    i.Master_Funk       tag.o
    0x00001638   0x00000038   Code   RO          899    i.Menu_Game         menu.o
    0x00001670   0x0000000c   Code   RO          900    i.Menu_Init         menu.o
    0x0000167c   0x00000002   Code   RO          901    i.Menu_Pregame      menu.o
    0x0000167e   0x00000002   PAD
    0x00001680   0x00000028   Code   RO          902    i.Menu_Start        menu.o
    0x000016a8   0x00000030   Code   RO          224    i.Music_Play        sound.o
    0x000016d8   0x0000001c   Code   RO          225    i.Music_Stop        sound.o
    0x000016f4   0x00000014   Code   RO          226    i.Music_Tropical    sound.o
    0x00001708   0x00000010   Code   RO          331    i.Output_Init       st7735.o
    0x00001718   0x0000007c   Code   RO           18    i.PLL_Init          texas.o
    0x00001794   0x0000010c   Code   RO          227    i.Play              sound.o
    0x000018a0   0x00000038   Code   RO          597    i.Player_Init       player.o
    0x000018d8   0x00000138   Code   RO          598    i.Player_Move       player.o
    0x00001a10   0x00000008   Code   RO          599    i.Player_Update     player.o
    0x00001a18   0x00000120   Code   RO          335    i.ST7735_DrawBitmap  st7735.o
    0x00001b38   0x000000f4   Code   RO          337    i.ST7735_DrawCharS  st7735.o
    0x00001c2c   0x00000048   Code   RO          340    i.ST7735_DrawPixel  st7735.o
    0x00001c74   0x00000056   Code   RO          341    i.ST7735_DrawString  st7735.o
    0x00001cca   0x00000002   PAD
    0x00001ccc   0x000000ac   Code   RO          342    i.ST7735_FillRect   st7735.o
    0x00001d78   0x00000024   Code   RO          343    i.ST7735_FillScreen  st7735.o
    0x00001d9c   0x0000007c   Code   RO          345    i.ST7735_InitR      st7735.o
    0x00001e18   0x000000d4   Code   RO          347    i.ST7735_OutChar    st7735.o
    0x00001eec   0x00000018   Code   RO          348    i.ST7735_OutString  st7735.o
    0x00001f04   0x00000020   Code   RO          358    i.ST7735_SetCursor  st7735.o
    0x00001f24   0x00000118   Code   RO          639    i.Screen_Draw       screen.o
    0x0000203c   0x0000010c   Code   RO          640    i.Screen_Move       screen.o
    0x00002148   0x0000000c   Code   RO          641    i.Screen_Update     screen.o
    0x00002154   0x00000018   Code   RO           19    i.SetCode           texas.o
    0x0000216c   0x00000018   Code   RO           20    i.SetCourse         texas.o
    0x00002184   0x0000001c   Code   RO          234    i.Sound_Init        sound.o
    0x000021a0   0x00000028   Code   RO          236    i.Sound_Play        sound.o
    0x000021c8   0x00000014   Code   RO          237    i.Sound_Shoot       sound.o
    0x000021dc   0x000001c0   Code   RO           24    i.TExaS_Init        texas.o
    0x0000239c   0x00000018   Code   RO          182    i.Timer0A_Handler   timer0.o
    0x000023b4   0x00000060   Code   RO          183    i.Timer0_Init       timer0.o
    0x00002414   0x00000018   Code   RO          203    i.Timer1A_Handler   timer1.o
    0x0000242c   0x00000018   Code   RO          869    i.Timer2A_Handler   timer2.o
    0x00002444   0x00000060   Code   RO          870    i.Timer2_Init       timer2.o
    0x000024a4   0x00000020   Code   RO           26    i.Timer4A_Handler   texas.o
    0x000024c4   0x00000030   Code   RO           27    i.Timer5A_Handler   texas.o
    0x000024f4   0x000000c0   Code   RO           30    i.UART0_Init        texas.o
    0x000025b4   0x00000056   Code   RO          362    i.commandList       st7735.o
    0x0000260a   0x00000002   PAD
    0x0000260c   0x00000184   Code   RO          363    i.commonInit        st7735.o
    0x00002790   0x00000058   Code   RO          829    i.main              tag.o
    0x000027e8   0x00000012   Code   RO          368    i.pushColor         st7735.o
    0x000027fa   0x00000002   PAD
    0x000027fc   0x00000074   Code   RO          369    i.setAddrWindow     st7735.o
    0x00002870   0x00000168   Data   RO           35    .constdata          texas.o
    0x000029d8   0x00003c4b   Data   RO          238    .constdata          sound.o
    0x00006623   0x000007e2   Data   RO          371    .constdata          st7735.o
    0x00006e05   0x00000001   PAD
    0x00006e06   0x00001380   Data   RO          642    .constdata          screen.o
    0x00008186   0x00000002   PAD
    0x00008188   0x00000a40   Data   RO          721    .constdata          bitmaps.o
    0x00008bc8   0x00025322   Data   RO          890    .constdata          musiclibrary.o
    0x0002deea   0x00000002   PAD
    0x0002deec   0x00000020   Data   RO         1117    Region$$Table       anon$$obj.o


    Execution Region ER_RW (Base: 0x20000000, Size: 0x000000b4, Max: 0xffffffff, ABSOLUTE)

    Base Addr    Size         Type   Attr      Idx    E Section Name        Object

    0x20000000   0x00000034   Data   RW           36    .data               texas.o
    0x20000034   0x00000004   Data   RW          184    .data               timer0.o
    0x20000038   0x00000004   Data   RW          205    .data               timer1.o
    0x2000003c   0x0000001c   Data   RW          239    .data               sound.o
    0x20000058   0x0000002c   Data   RW          372    .data               st7735.o
    0x20000084   0x00000018   Data   RW          643    .data               screen.o
    0x2000009c   0x00000004   Data   RW          777    .data               hotpotato.o
    0x200000a0   0x00000004   Data   RW          871    .data               timer2.o
    0x200000a4   0x00000002   Data   RW          903    .data               menu.o
    0x200000a6   0x00000002   PAD
    0x200000a8   0x00000006   Data   RW          935    .data               button0.o
    0x200000ae   0x00000002   PAD
    0x200000b0   0x00000004   Data   RW           12    DATA                random.o


    Execution Region ER_ZI (Base: 0x200000b4, Size: 0x0000050c, Max: 0xffffffff, ABSOLUTE)

    Base Addr    Size         Type   Attr      Idx    E Section Name        Object

    0x200000b4   0x00000004   PAD
    0x200000b8   0x00000038   Zero   RW           34    .bss                texas.o
    0x200000f0   0x00000070   Zero   RW          676    .bss                character.o
    0x20000160   0x00000060   Zero   RW          994    .bss                c_w.l(libspace.o)
    0x200001c0   0x00000000   Zero   RW            2    HEAP                startup.o
    0x200001c0   0x00000400   Zero   RW            1    STACK               startup.o


==============================================================================

Image component sizes


      Code (inc. data)   RO Data    RW Data    ZI Data      Debug   Object Name

       280         34          0          0          0       1162   adc.o
      1012         20          0          0          0       2187   ai.o
         0          0       2624          0          0       1507   bitmaps.o
       236         56          0          6          0       1555   button0.o
      1744        184          0          0        112       4686   character.o
       152         36          0          0          0       3617   dac.o
       544         80          0          4          0       3771   hotpotato.o
        80         12          0          0          0        224   lcd.o
       110         20          0          2          0       1755   menu.o
         0          0     152354          0          0        451   musiclibrary.o
       376         14          0          0          0       2920   player.o
       204          2          0          0          0        264   print.o
        64         14          0          4          0        224   random.o
       560         74       4992         24          0       2443   screen.o
       452        104      15435         28          0       4208   sound.o
      1946        182       2018         44          0      13156   st7735.o
       692        632          0          0       1024        948   startup.o
       136         18          0          0          0        865   tag.o
      1120        248        360         52         56      17600   texas.o
       120         28          0          4          0       1376   timer0.o
        24          8          0          4          0        890   timer1.o
       120         28          0          4          0       1376   timer2.o

    ----------------------------------------------------------------------
      9980       1794     177820        180       1196      67185   Object Totals
         0          0         32          0          0          0   (incl. Generated)
         8          0          5          4          4          0   (incl. Padding)

    ----------------------------------------------------------------------

      Code (inc. data)   RO Data    RW Data    ZI Data      Debug   Library Member Name

         8          0          0          0          0         68   __main.o
        52          8          0          0          0          0   __scatter.o
        26          0          0          0          0          0   __scatter_copy.o
        28          0          0          0          0          0   __scatter_zi.o
        12          0          0          0          0         72   exit.o
         6          0          0          0          0        152   heapauxi.o
         0          0          0          0          0          0   indicate_semi.o
         2          0          0          0          0          0   libinit.o
         2          0          0          0          0          0   libinit2.o
         2          0          0          0          0          0   libshutdown.o
         2          0          0          0          0          0   libshutdown2.o
         8          4          0          0         96         68   libspace.o
       100          0          0          0          0         80   rt_memcpy_w.o
         0          0          0          0          0          0   rtentry.o
        12          0          0          0          0          0   rtentry2.o
         6          0          0          0          0          0   rtentry4.o
         2          0          0          0          0          0   rtexit.o
        10          0          0          0          0          0   rtexit2.o
        12          4          0          0          0         68   sys_exit.o
        74          0          0          0          0         80   sys_stackheap_outer.o
         2          0          0          0          0         68   use_no_semi.o

    ----------------------------------------------------------------------
       372         16          0          0         96        656   Library Totals
         6          0          0          0          0          0   (incl. Padding)

    ----------------------------------------------------------------------

      Code (inc. data)   RO Data    RW Data    ZI Data      Debug   Library Name

       366         16          0          0         96        656   c_w.l

    ----------------------------------------------------------------------
       372         16          0          0         96        656   Library Totals

    ----------------------------------------------------------------------

==============================================================================


      Code (inc. data)   RO Data    RW Data    ZI Data      Debug   

     10352       1810     177820        180       1292      63941   Grand Totals
     10352       1810     177820        180       1292      63941   ELF Image Totals
     10352       1810     177820        180          0          0   ROM Totals

==============================================================================

    Total RO  Size (Code + RO Data)               188172 ( 183.76kB)
    Total RW  Size (RW Data + ZI Data)              1472 (   1.44kB)
    Total ROM Size (Code + RO Data + RW Data)     188352 ( 183.94kB)

==============================================================================

