<html>
<body>
<pre>
<h1>µVision Build Log</h1>
<h2>Project:</h2>
C:\Users\Koger\Desktop\Super Cool EE319K Folder\students\bma862_mkd788\Lab10\SpaceInvaders.uvproj
Project File Date:  04/29/2015

<h2>Output:</h2>
Rebuild target 'SpaceInvaders'
assembling startup.s...
assembling random.s...
compiling TExaS.c...
compiling DAC.c...
compiling ADC.c...
compiling Timer0.c...
compiling Timer1.c...
compiling Sound.c...
assembling Print.s...
compiling SpaceInvaders.c...
compiling ST7735.c...
assembling LCD.s...
compiling Player.c...
compiling Screen.c...
linking...
Program Size: Code=4848 RO-data=8832 RW-data=156 ZI-data=1180  
".\SpaceInvaders.axf" - 0 Error(s), 0 Warning(s).
Load "C:\\Users\\Koger\\Desktop\\Super Cool EE319K Folder\\students\\bma862_mkd788\\Lab10\\SpaceInvaders.axf" 
Connecting: Mode=JTAG, Speed=1000000Hz
Erase Done.
Programming Done.
Verify OK.
                                                                                                  // old array count
Screen.c: 2 warnings, 0 errors
linking...
Program Size: Code=4816 RO-data=8832 RW-data=156 ZI-data=1180  
".\SpaceInvaders.axf" - 0 Error(s), 2 Warning(s).
t never referenced
        int y=0;
Screen.c: 4 warnings, 0 errors
linking...
Program Size: Code=4824 RO-data=8832 RW-data=156 ZI-data=1180  
".\SpaceInvaders.axf" - 0 Error(s), 4 Warning(s).

nished: 2 information, 0 warning and 2 error messages.
".\SpaceInvaders.axf" - 2 Error(s), 2 Warning(s).
Target not created
