<html>
<body>
<pre>
<h1>µVision Build Log</h1>
<h2>Project:</h2>
C:\Users\Koger\Desktop\Super Cool EE319K Folder\students\bma862_mkd788\Lab10\SpaceInvaders.uvproj
Project File Date:  05/03/2015

<h2>Output:</h2>
Rebuild target 'SpaceInvaders'
assembling startup.s...
assembling random.s...
compiling TExaS.c...
compiling DAC.c...
compiling ADC.c...
compiling Timer0.c...
compiling Timer1.c...
compiling Sound.c...
assembling Print.s...
compiling SpaceInvaders.c...
compiling ST7735.c...
assembling LCD.s...
compiling Player.c...
compiling Screen.c...
compiling Character.c...
compiling Bitmaps.c...
compiling AI.c...
compiling HotPotato.c...
linking...
Program Size: Code=9476 RO-data=10028 RW-data=136 ZI-data=1288  
".\SpaceInvaders.axf" - 0 Error(s), 0 Warning(s).
Load "C:\\Users\\Koger\\Desktop\\Super Cool EE319K Folder\\students\\bma862_mkd788\\Lab10\\SpaceInvaders.axf" 
Connecting: Mode=JTAG, Speed=1000000Hz
Erase Done.
Programming Done.
Verify OK.
Load "C:\\Users\\Koger\\Desktop\\Super Cool EE319K Folder\\students\\bma862_mkd788\\Lab10\\SpaceInvaders.axf" 
Connecting: Mode=JTAG, Speed=1000000Hz
Erase Done.
Programming Done.
Verify OK.
has no field "pcState"
                if(!(player.pcState==5 || player.pcState==6 || player.pcState==7))      // is something in the way?
Player.c(48): error:  #136: struct "Character_struct" has no field "pcState"
                if(!(player.pcState==5 || player.pcState==6 || player.pcState==7))      // is something in the way?
Player.c(48): error:  #136: struct "Character_struct" has no field "pcState"
                if(!(player.pcState==5 || player.pcState==6 || player.pcState==7))      // is something in the way?
Player.c(53): error:  #136: struct "Character_struct" has no field "pcState"
                if(!(player.pcState==3 || player.pcState==4 || player.pcState==5))      // is something in the way?
Player.c(53): error:  #136: struct "Character_struct" has no field "pcState"
                if(!(player.pcState==3 || player.pcState==4 || player.pcState==5))      // is something in the way?
Player.c(53): error:  #136: struct "Character_struct" has no field "pcState"
                if(!(player.pcState==3 || player.pcState==4 || player.pcState==5))      // is something in the way?
Player.c(56): error:  #136: struct "Character_struct" has no field "pcState"
                        if(!(player.pcState==1 || player.pcState==7 || player.pcState==8)) // is something in the way
Player.c(56): error:  #136: struct "Character_struct" has no field "pcState"
                        if(!(player.pcState==1 || player.pcState==7 || player.pcState==8)) // is something in the way
Player.c(56): error:  #136: struct "Character_struct" has no field "pcState"
                        if(!(player.pcState==1 || player.pcState==7 || player.pcState==8)) // is something in the way
Player.c: 0 warnings, 12 errors
compiling Screen.c...
compiling Character.c...
Character.c(66): error:  #136: struct "Character_struct" has no field "pcState"
                Characters[i].pcState=0;
Character.c(73): error:  #136: struct "Character_struct" has no field "pcState"
                                                        Characters[i].pcState=temp;
Character.c(82): error:  #136: struct "Character_struct" has no field "pcState"
                        Characters[i].pcState=2;                                                                                                        // map left border collision
Character.c(84): error:  #136: struct "Character_struct" has no field "pcState"
                                Characters[i].pcState=3;                                                                                                // map top-left border collision
Character.c(86): error:  #136: struct "Character_struct" has no field "pcState"
                                Characters[i].pcState=1;                                                                                                // map bottom-left border collision
Character.c(89): error:  #136: struct "Character_struct" has no field "pcState"
                        Characters[i].pcState=6;                                                                                                        // map right border collision
Character.c(91): error:  #136: struct "Character_struct" has no field "pcState"
                                Characters[i].pcState=5;                                                                                                // map top-right border collision
Character.c(93): error:  #136: struct "Character_struct" has no field "pcState"
                                Characters[i].pcState=7;                                                                                                // map bottom-right border collision
Character.c(96): error:  #136: struct "Character_struct" has no field "pcState"
                        Characters[i].pcState=8;                                                                                                        // map bottom border collision
Character.c(98): error:  #136: struct "Character_struct" has no field "pcState"
                        Characters[i].pcState=4;                                                                                                        // map top border collision
Character.c(106): error:  #136: struct "Character_struct" has no field "pcState"
                switch(data.pcState){                                                                                           // print collision status
Character.c: 0 warnings, 11 errors
compiling Bitmaps.c...
compiling AI.c...
AI.c(68): error:  #136: struct "Character_struct" has no field "pcState"
                        if(!((*data).pcState==1 || (*data).pcState==2 || (*data).pcState==3))
AI.c(68): error:  #136: struct "Character_struct" has no field "pcState"
                        if(!((*data).pcState==1 || (*data).pcState==2 || (*data).pcState==3))
AI.c(68): error:  #136: struct "Character_struct" has no field "pcState"
                        if(!((*data).pcState==1 || (*data).pcState==2 || (*data).pcState==3))
AI.c(73): error:  #136: struct "Character_struct" has no field "pcState"
                        if(!((*data).pcState==5 || (*data).pcState==6 || (*data).pcState==7))
AI.c(73): error:  #136: struct "Character_struct" has no field "pcState"
                        if(!((*data).pcState==5 || (*data).pcState==6 || (*data).pcState==7))
AI.c(73): error:  #136: struct "Character_struct" has no field "pcState"
                        if(!((*data).pcState==5 || (*data).pcState==6 || (*data).pcState==7))
AI.c(77): error:  #136: struct "Character_struct" has no field "pcState"
                        if(!((*data).pcState==3 || (*data).pcState==4 || (*data).pcState==5))
AI.c(77): error:  #136: struct "Character_struct" has no field "pcState"
                        if(!((*data).pcState==3 || (*data).pcState==4 || (*data).pcState==5))
AI.c(77): error:  #136: struct "Character_struct" has no field "pcState"
                        if(!((*data).pcState==3 || (*data).pcState==4 || (*data).pcState==5))
AI.c(81): error:  #136: struct "Character_struct" has no field "pcState"
                        if(!((*data).pcState==1 || (*data).pcState==7 || (*data).pcState==8))
AI.c(81): error:  #136: struct "Character_struct" has no field "pcState"
                        if(!((*data).pcState==1 || (*data).pcState==7 || (*data).pcState==8))
AI.c(81): error:  #136: struct "Character_struct" has no field "pcState"
                        if(!((*data).pcState==1 || (*data).pcState==7 || (*data).pcState==8))
AI.c(102): error:  #136: struct "Character_struct" has no field "pcState"
                                if(!((*data).pcState==1 || (*data).pcState==2 || (*data).pcState==3))
AI.c(102): error:  #136: struct "Character_struct" has no field "pcState"
                                if(!((*data).pcState==1 || (*data).pcState==2 || (*data).pcState==3))
AI.c(102): error:  #136: struct "Character_struct" has no field "pcState"
                                if(!((*data).pcState==1 || (*data).pcState==2 || (*data).pcState==3))
AI.c(105): error:  #136: struct "Character_struct" has no field "pcState"
                                if(!((*data).pcState==5 || (*data).pcState==6 || (*data).pcState==7))
AI.c(105): error:  #136: struct "Character_struct" has no field "pcState"
                                if(!((*data).pcState==5 || (*data).pcState==6 || (*data).pcState==7))
AI.c(105): error:  #136: struct "Character_struct" has no field "pcState"
                                if(!((*data).pcState==5 || (*data).pcState==6 || (*data).pcState==7))
AI.c(108): error:  #136: struct "Character_struct" has no field "pcState"
                                if(!((*data).pcState==3 || (*data).pcState==4 || (*data).pcState==5))
AI.c(108): error:  #136: struct "Character_struct" has no field "pcState"
                                if(!((*data).pcState==3 || (*data).pcState==4 || (*data).pcState==5))
AI.c(108): error:  #136: struct "Character_struct" has no field "pcState"
                                if(!((*data).pcState==3 || (*data).pcState==4 || (*data).pcState==5))
AI.c(111): error:  #136: struct "Character_struct" has no field "pcState"
                                if(!((*data).pcState==1 || (*data).pcState==7 || (*data).pcState==8))
AI.c(111): error:  #136: struct "Character_struct" has no field "pcState"
                                if(!((*data).pcState==1 || (*data).pcState==7 || (*data).pcState==8))
AI.c(111): error:  #136: struct "Character_struct" has no field "pcState"
                                if(!((*data).pcState==1 || (*data).pcState==7 || (*data).pcState==8))
AI.c(116): error:  #136: struct "Character_struct" has no field "pcState"
                                if(!((*data).pcState==1 || (*data).pcState==2 || (*data).pcState==3))
AI.c(116): error:  #136: struct "Character_struct" has no field "pcState"
                                if(!((*data).pcState==1 || (*data).pcState==2 || (*data).pcState==3))
AI.c(116): error:  #136: struct "Character_struct" has no field "pcState"
                                if(!((*data).pcState==1 || (*data).pcState==2 || (*data).pcState==3))
AI.c(119): error:  #136: struct "Character_struct" has no field "pcState"
                                if(!((*data).pcState==5 || (*data).pcState==6 || (*data).pcState==7))
AI.c(119): error:  #136: struct "Character_struct" has no field "pcState"
                                if(!((*data).pcState==5 || (*data).pcState==6 || (*data).pcState==7))
AI.c(119): error:  #136: struct "Character_struct" has no field "pcState"
                                if(!((*data).pcState==5 || (*data).pcState==6 || (*data).pcState==7))
AI.c: 0 warnings, 30 errors
compiling HotPotato.c...
".\SpaceInvaders.axf" - 53 Error(s), 0 Warning(s).
Target not created
